06-10 19:27:15.906  3300  3813 D FlexibleTaskTransitionController:    ChangeInfo{31cb121 container=ActivityRecord{46101819 u0 com.kalori.calorie/.MainActivity t13063} flags=0x0}
06-10 19:27:15.906  3300  3813 D FlexibleTaskTransitionController:    ChangeInfo{8189903 container=DefaultTaskDisplayArea@253003789 flags=0x10}
06-10 19:27:15.906  3300  3813 D FlexibleTaskTransitionController:    ChangeInfo{1b5a946 container=Display{#0 state=ON size=1240x2772 ROTATION_0} flags=0x0}
06-10 19:27:15.906  3300  3813 D FlexibleTaskTransitionController: ]
06-10 19:27:15.906  3300  3813 D FlexibleTaskTransitionController: }
06-10 19:27:15.909  3300  3813 D KEYLOG_PhoneWindowManager: setKeyguardOccludedLw occluded=false,false,false
06-10 19:27:15.909  3300  3813 D RefreshRate: ***** request traversal for refresh rate change, reason is highTempRefreshRateChanged: false, windowRefreshRateChanged: true, flexibleWindowStateChanged: false, has float/zoom window *****
06-10 19:27:15.909  3300  3626 W UserAwareMgr: event can not be released, id: 5005, count: 2, releasePid: 3300
06-10 19:27:15.909  3300  3813 D TransitionControllerExtImpl: NFW_send RECOMPUTE_FOCUS in finishTransition
06-10 19:27:15.909  4514  4584 D ShellTaskOrganizer: onTransitionFinish, isRecent:false
06-10 19:27:15.909  4514  4584 V WindowManagerShell: Track 0 became idle
06-10 19:27:15.909  4514  4584 V WindowManagerShell: All active transition animations finished
06-10 19:27:15.910  3300  3950 D ActivityManager: freezing 19758 com.android.vending
06-10 19:27:15.923  3300  3626 W QosScheduler: executeSceneQosStrategy failed! qos feature no enable
06-10 19:27:15.923  3300  3950 D ActivityManager: Freeze process 19758, not check file locks
06-10 19:27:15.923  3300  3950 D ActivityManager: reportOneUidFrozenStateChanged uid 10114 frozen = true
06-10 19:27:15.927  3300  5402 V WindowManager: Relayout Window{d37c485 u0 NavigationBar_displayId_0}: viewVisibility=0, oldvis=0, req=1240x131 , apr = 0, vsysui=, x=0, y=0
06-10 19:27:15.932  4514  4514 W VRI[NotificationShade]: updateBlastSurfaceIfNeeded, surfaceSize:Point(1240, 2772), lastSurfaceSize:Point(1240, 2772), format:-3, blastBufferQueue:android.graphics.BLASTBufferQueue@1a26fd6
06-10 19:27:15.932  3300  5234 V WindowManager: Relayout Window{6494838 u0 NotificationShade}: viewVisibility=0, oldvis=0, req=1240x2772 , apr = 0, vsysui=, x=0, y=0
06-10 19:27:15.935  3300  5234 D WindowManager: NFW_findFocusedWindowIfNeeded:Window{1b0e2f u0 com.kalori.calorie/com.kalori.calorie.MainActivity} mCurrentFocus:Window{6494838 u0 NotificationShade}
06-10 19:27:15.936  3300  5234 V WindowManager: Changing focus from Window{6494838 u0 NotificationShade} to Window{1b0e2f u0 com.kalori.calorie/com.kalori.calorie.MainActivity},diplayid=0
06-10 19:27:15.937  3300  5234 D WindowManager: setFrameRateStart invalid typeId return!
06-10 19:27:15.937  3300  3602 D SurfaceAnimationRunner: onAnimationEnd:Surface(name=Surface(name=156e55a Splash Screen com.kalori.calorie)/@0xdbbed3c - animation-leash of window_animation)/@0x3b47ac5
06-10 19:27:15.938  3300  5234 D WindowManager: setFrameRateStart invalid typeId return!
06-10 19:27:15.939  3300  3600 D WindowManager: NFW_findFocusedWindowIfNeeded:Window{1b0e2f u0 com.kalori.calorie/com.kalori.calorie.MainActivity} mCurrentFocus:Window{1b0e2f u0 com.kalori.calorie/com.kalori.calorie.MainActivity}
06-10 19:27:15.940  3300  3721 D VRR [OPlusSurfaceFlingerController]:  setComplexSceneEnable : false
06-10 19:27:15.944  3300  3601 I WindowStateExtImpl: onSurfaceShowChange show = false mPackageName = com.kalori.calorie parentPkgName = com.kalori.calorie
06-10 19:27:15.945  3300  3601 I WindowManager: Window{156e55a u0 Splash Screen com.kalori.calorie EXITING} state from HAS_DRAWN to NO_SURFACE; reason: destroySurface
06-10 19:27:15.946  3300  3300 W Looper  : Slow dispatch took 120ms main app=system_server main=true group=UNKNOWN h=android.app.ActivityThread$H c=android.app.LoadedApk$ReceiverDispatcher$Args$$ExternalSyntheticLambda0@4f3dc15 m=0
06-10 19:27:15.947  3300  3601 D VRR [OPlusRefreshRatePolicy]: setRefreshRatePolicy policy=POLICY_SYSTEM, refreshRate=120, statusOn=false
06-10 19:27:15.947  3300  3601 D VRR [OPlusRefreshRatePolicy]: setRefreshRatePolicy policy=POLICY_SYSTEM, refreshRate=60, statusOn=true
06-10 19:27:15.948  3300  3601 D RefreshRate: Refresh rate changing from 120.00001 to 60.000004,maxRefreshRate=60.000004 FOR:{
06-10 19:27:15.948  3300  3601 D RefreshRate:     | COURSE[; Win preferred rateId=2, appReqFirst=false, data= RateData{,mWindowOverrideRateId:2} ;win name:com.kalori.calorie/com.kalori.calorie.MainActivity]
06-10 19:27:15.948  3300  3601 D RefreshRate:     | VOTES[PRIORITY_WINDOW_REQUEST -> Vote{mRefreshRate=60.0, mMinRefreshRate=60.0, mRequestSource=null};]
06-10 19:27:15.948  3300  3601 D RefreshRate:     | TIME:2026-06-10 13:57:15}
06-10 19:27:15.948  3300  3601 D DisplayModeDirector: setAppRequest displayId : 0  modeId: 2  requestedRefreshRate: 0.0  requestedMinRefreshRateRange: 0.0  requestedMaxRefreshRateRange: 60.000004
06-10 19:27:15.954  4514  4514 W VRI[StatusBar]: handleResized abandoned!
06-10 19:27:15.954  4514  4514 W VRI[NotificationShade]: handleResized abandoned!
06-10 19:27:15.954  4514  4514 W VRI[NavigationBar_displayId_0]: handleResized abandoned!
06-10 19:27:15.957  3300  3600 D DisplayManagerServiceExtImpl: scheduleTraversalLocked intraversal=false
06-10 19:27:15.964  3300  4048 W JobServiceContext: Sending onNetworkChanged for a job that isn't started. JobStatus{ed6c89a androidx.work.systemjobscheduler:u0a250/6025 @androidx.work.systemjobscheduler@com.google.android.dialer/androidx.work.impl.background.systemjob.SystemJobService u=0 s=10250 TIME=-3s341ms:none NET READY}
06-10 19:27:15.964  3300  3718 D OplusFeatureColorMode: +updateUserPresent
06-10 19:27:15.974  3300  3718 D OplusDisplayBrightnessBroadcastReceiver: onReceive action = android.intent.action.USER_PRESENT , listeners = [com.android.server.display.color.OplusFeatureColorMode$UserSwitchedReceiver@c32a279]
06-10 19:27:15.974  3300  3705 D PowerManagerService: userActivityNoUpdateLocked: groupId=0, eventTime=150039563, event=touch, flags=0x0, uid=1000
06-10 19:27:15.982  3300  3989 D InputMethodManagerService: isSecurity: attribute.packageName = com.kalori.calorie mCurMethodId = com.google.android.inputmethod.latin/com.android.inputmethod.latin.LatinIME isSecurity = false ( enable = false needShow = false inBlackList = false isExist = true )
06-10 19:27:15.983  3300  6089 V WindowManager: Relayout Window{6494838 u0 NotificationShade}: viewVisibility=4, oldvis=0, req=1240x2772 , apr = 0, vsysui=, x=0, y=0
06-10 19:27:15.983  3300  6089 D WindowManager: NFW_setClientVisible:WallpaperWindowToken{28241e4 showWhenLocked=true} clientVisible:false
06-10 19:27:15.984  3300  6089 I WindowManager: Window{6494838 u0 NotificationShade} state from HAS_DRAWN to NO_SURFACE; reason: destroySurface
06-10 19:27:15.984  3300  3626 I UserAwareMgr: handleFgAppChanged, pkgName: com.android.systemui, pid: 4514, isVisible: false, fgAppType: FG2
06-10 19:27:15.984  3300  3626 I UserAwareMgr: fg app status not changed, beforeVisible: true, currentVisible: true
06-10 19:27:15.985  3300  3596 D SystemGestures: detectSwipe: 2
06-10 19:27:15.987  3300  6089 D DisplayManagerService: performTraversalInternal pendingTraversal
06-10 19:27:15.987  3300  6089 D DisplayDevice: setLayerStackLocked id=local:4630946283567114626 token=android.os.BinderProxy@445c148 stack=0->0
06-10 19:27:15.988  3300  3721 D LocalDisplayAdapter: setDesiredDisplayModeSpecsAsync: display unique id = local:4630946283567114626, display mode specs = defaultMode=1 allowGroupSwitching=false primaryRanges=physical: (0.0 120.00001) render:  (0.0 60.000004) appRequestRanges=physical: (0.0 120.00001) render:  (0.0 60.000004) idleScreenRefreshRate=null
06-10 19:27:15.989  3300  6089 D WindowManager: NFW_findFocusedWindowIfNeeded:Window{1b0e2f u0 com.kalori.calorie/com.kalori.calorie.MainActivity} mCurrentFocus:Window{1b0e2f u0 com.kalori.calorie/com.kalori.calorie.MainActivity}
06-10 19:27:15.997  3300  6089 I VibratorManagerServiceExtImpl: cancelVibrate uid=10212, pid=4514, usageFilter=-1, token=114583681
06-10 19:27:15.999  3300  3600 D DisplayManagerService: MSG_REQUEST_TRAVERSAL pendingCompleted=false
06-10 19:27:16.001  3300  3596 D WindowManager: request show transient bar, navigationBar already visible
06-10 19:27:16.005  3300  3626 I UserAwareMgr: fg app status not changed, beforeVisible: true, currentVisible: true
06-10 19:27:16.006  3300  6089 V AutofillInlineSuggestionsRequestSession: onInputMethodStartInput() received on 0
06-10 19:27:16.007  3300  5402 D WindowManager: setFrameRateStart invalid typeId return!
06-10 19:27:16.008  3300  6089 I VibratorManagerServiceExtImpl: cancelVibrate uid=10212, pid=4514, usageFilter=-1, token=114583681
06-10 19:27:16.008  3300  6089 I VibratorManagerServiceExtImpl: cancelVibrate uid=10212, pid=4514, usageFilter=-1, token=114583681
06-10 19:27:16.008  3300  6089 I VibratorManagerServiceExtImpl: cancelVibrate uid=10212, pid=4514, usageFilter=-1, token=114583681
06-10 19:27:16.009  3300  6089 I VibratorManagerServiceExtImpl: cancelVibrate uid=10212, pid=4514, usageFilter=-1, token=114583681
06-10 19:27:16.011  3300  6089 I VibratorManagerServiceExtImpl: cancelVibrate uid=10212, pid=4514, usageFilter=-1, token=114583681
06-10 19:27:16.019  3300  3718 D OplusBrightnessPhoneStateManager: LuxEvent{event:MAIN_LUX lux:34.675} -> LuxEvent{event:MAIN_LUX lux:34.675}
06-10 19:27:16.019  3300  6089 D SystemServerTiming: getUserSwitchability-0
06-10 19:27:16.019  3300  6089 D SystemServerTiming: TM.isInCall
06-10 19:27:16.023  3300  3813 D CoreBackPreview: Window{6494838 u0 NotificationShade}: Setting back callback null
06-10 19:27:16.023  3300  6089 D SystemServerTiming: hasUserRestriction-DISALLOW_USER_SWITCH
06-10 19:27:16.023  3300  6089 D SystemServerTiming: getInt-ALLOW_USER_SWITCHING_WHEN_SYSTEM_USER_LOCKED
06-10 19:27:16.023  3300  6089 D SystemServerTiming: isUserUnlocked-USER_SYSTEM
06-10 19:27:16.024  3300  6089 I VibratorManagerServiceExtImpl: cancelVibrate uid=10212, pid=4514, usageFilter=-1, token=114583681
06-10 19:27:16.025  3300  6089 I VibratorManagerServiceExtImpl: cancelVibrate uid=10212, pid=4514, usageFilter=-1, token=114583681
06-10 19:27:16.026  3300  6089 I VibratorManagerServiceExtImpl: cancelVibrate uid=10212, pid=4514, usageFilter=-1, token=114583681
06-10 19:27:16.026  3300  6089 I VibratorManagerServiceExtImpl: cancelVibrate uid=10212, pid=4514, usageFilter=-1, token=114583681
06-10 19:27:16.028  3300  5402 I VibratorManagerServiceExtImpl: cancelVibrate uid=10212, pid=4514, usageFilter=-1, token=114583681
06-10 19:27:16.029  3300  6089 I VibratorManagerServiceExtImpl: cancelVibrate uid=10212, pid=4514, usageFilter=-1, token=114583681
06-10 19:27:16.034  3300  3300 V AutofillInlineSuggestionsRequestSession: maybeUpdateResponseToImeLocked called
06-10 19:27:16.043  3300  3600 I DisplayDeviceRepository: Display device changed render timings: "Built-in Screen", renderFrameRate=60.000004, presentationDeadlineNanos=16666666, appVsyncOffsetNanos=1000000, frameRateOverrides=[]
06-10 19:27:16.043  3300  3600 D LogicalDisplayExt: set displayInfo flag FLAG_ROTATES_WITH_CONTENT
06-10 19:27:16.043  3300  3600 D DisplayManagerService: Delivering display event: displayId=0, event=EVENT_DISPLAY_REFRESH_RATE_CHANGED
06-10 19:27:16.044  3300  3596 D WindowManager: DeferredDisplayUpdater: partially applying DisplayInfo(1240 x 2772) immediately
06-10 19:27:16.045  3300  5234 D ClipboardService: clipboardAccessAllowed: op=29 result=true callingPackage=com.google.android.inputmethod.latin
06-10 19:27:16.046  3300  3596 D OplusVFXScreenEffectFeature: notifySFCompatWindowStateChange entered false
06-10 19:27:16.046  3300  3596 D FSS_FoldScreenBlackCoverController: displayChangeToOn, dc:Display{#0 state=ON size=1240x2772 ROTATION_0}
06-10 19:27:16.057  3300  3596 D SystemGestures: detectSwipe: 2
06-10 19:27:16.060  3300  3705 D PowerManagerService: userActivityNoUpdateLocked: groupId=0, eventTime=150039668, event=touch, flags=0x0, uid=1000
06-10 19:27:16.065  3300  3596 D WindowManager: request show transient bar, navigationBar already visible
06-10 19:27:16.068  3300  6089 D ActivityTaskManagerServiceExtImpl: preBindApplication record is null
06-10 19:27:16.069  3300  5234 D ClipboardService: clipboardAccessAllowed: op=29 result=true callingPackage=com.google.android.inputmethod.latin
06-10 19:27:16.072  3300 26031 W CameraService_proxy: Unknown extension type: -1
06-10 19:27:16.077 24594 24594 D OplusInputMethodManagerInternal: get inputMethodManager extension: com.android.internal.view.IInputMethodManager$Stub$Proxy@85650dd
06-10 19:27:16.084  3300  4967 I VibratorManagerServiceExtImpl: cancelVibrate uid=10212, pid=4514, usageFilter=-1, token=114583681
06-10 19:27:16.086  3300  3596 D OplusPanoramaWorkBranchController: notifyMotionUpOrCancel
06-10 19:27:16.096  3300  3721 D VRR [OPlusRefreshRateService]: handleConfigIdChange physicalDisplayId: 4630946283567114626 configId: 1 renderPeriod: 16666666
06-10 19:27:16.097  3300  3721 D VRR [OPlusGameStatusManager]: updateGameState mOSyncFeatureSwitch: false mIsGamePolicy: false
06-10 19:27:16.097  3300  3721 D VRR [OPlusGameStatusManager]: updateGameAccelerationStatus pkgName: com.kalori.calorie mOSyncFeatureSwitch: false mIsGamePolicy: false mHeartStop: false mHasFlickerRisk: false mForceAcceleration: false mToastReady: false enable: false
06-10 19:27:16.097  3300  5234 W PackageConfigPersister: App-specific configuration not found for packageName: com.kalori.calorie and userId: 0
06-10 19:27:16.098  3300  5402 I VibratorManagerServiceExtImpl: cancelVibrate uid=10212, pid=4514, usageFilter=-1, token=114583681
06-10 19:27:16.100  3300  5402 I VibratorManagerServiceExtImpl: cancelVibrate uid=10212, pid=4514, usageFilter=-1, token=114583681
06-10 19:27:16.127 26039 26039 V Configuration: Updating configuration, locales updated from [] to [en_GB]
06-10 19:27:16.141  3300  4460 I VibratorManagerServiceExtImpl: cancelVibrate uid=10212, pid=4514, usageFilter=-1, token=114583681
06-10 19:27:16.142  3300  5234 I VibratorManagerServiceExtImpl: cancelVibrate uid=10212, pid=4514, usageFilter=-1, token=114583681
06-10 19:27:16.142  3300  5234 I VibratorManagerServiceExtImpl: cancelVibrate uid=10212, pid=4514, usageFilter=-1, token=114583681
06-10 19:27:16.143  3300  5234 I VibratorManagerServiceExtImpl: cancelVibrate uid=10212, pid=4514, usageFilter=-1, token=114583681
06-10 19:27:16.143  3300  5234 I VibratorManagerServiceExtImpl: cancelVibrate uid=10212, pid=4514, usageFilter=-1, token=114583681
06-10 19:27:16.146  3300  3721 D VRR [OPlusSAManager]: updateAutoMinfps for 4630946283567114626 with nits: 278.018, mHistOK true, mAmbientOK true, mCctOK true, mIrOK false, mBrightnessOK true, isPkgOK true, SA min fps: 1
06-10 19:27:16.151  3300  3718 D OplusBrightnessPhoneStateManager: LuxEvent{event:MAIN_LUX lux:30.7} -> LuxEvent{event:MAIN_LUX lux:30.7}
06-10 19:27:16.272 26039 26039 D ResourcesManagerExtImpl: applyConfigurationToAppResourcesLocked app.getDisplayId() return callback.displayId:-1
06-10 19:27:16.273  3300 26031 W CameraService_proxy: Unknown extension type: -1
06-10 19:27:16.302  3300  3718 D OplusBrightnessPhoneStateManager: LuxEvent{event:MAIN_LUX lux:28.1375} -> LuxEvent{event:MAIN_LUX lux:28.1375}
06-10 19:27:16.358  3300  5234 D ActivityManager: Cancel freezing 25525 com.google.android.gms
06-10 19:27:16.401  3300  6089 I ActivityManager: Death received, pid = 22958, processName = com.android.keychain for thread android.os.BinderProxy@f344848
06-10 19:27:16.401  3300  4508 I ActivityManager: Process com.android.keychain (pid 22958) has died: cch+65 CEM 
06-10 19:27:16.406  3300  5402 I ActivityManager: Death received, pid = 20761, processName = com.oplus.securitypermission for thread android.os.BinderProxy@2b9adc8
06-10 19:27:16.407  3300  3813 I ActivityManager: Death received, pid = 20562, processName = com.oplus.safecenter for thread android.os.BinderProxy@f3a7a09
06-10 19:27:16.409  3300  4508 I ActivityManager: Process com.oplus.safecenter (pid 20562) has died: cch+65 CEM 
06-10 19:27:16.413  3300  3626 I UserAwareMgr: process killed: {pkgName='com.oplus.safecenter', serviceName='', procName=com.oplus.safecenter, pid=20562, uid=1000, appId=0, owner='null', flags='', renderTid=0, hwuiTids=null, glTids=null, threadInfos=null, mVideoActivityList=[], mStates=0}
06-10 19:27:16.413  3300  3626 I UserAwareMgr: handleProcessKilled, pkgName: com.oplus.safecenter, pid: 20562
06-10 19:27:16.415  3300  4494 I ActivityManager: Process com.oplus.securitypermission (pid 20761) has died: cch+55 CEM 
06-10 19:27:16.420  3300  3721 D VRR [OPlusSAManager]: handleAmbChange mAmbientOK: false
06-10 19:27:16.420  3300  3721 D VRR [OPlusSAManager]: updateAutoMinfps for 4630946283567114626 with nits: 278.018, mHistOK true, mAmbientOK false, mCctOK true, mIrOK false, mBrightnessOK true, isPkgOK true, SA min fps: 1
06-10 19:27:16.420  3300  3718 D OplusBrightnessPhoneStateManager: LuxEvent{event:MAIN_LUX lux:27.075} -> LuxEvent{event:MAIN_LUX lux:27.075}
06-10 19:27:16.433  3300  6091 E AppOps  : Bad call made by uid 1000. Package "com.linkedin.android" does not belong to uid 1000.
06-10 19:27:16.433  3300  4966 I ActivityManager: Death received, pid = 23128, processName = com.linkedin.android for thread android.os.BinderProxy@cb23c78
06-10 19:27:16.434  3300  4508 I ActivityManager: Process com.linkedin.android (pid 23128) has died: cch+65 CEM 
06-10 19:27:16.540  3300  3718 D OplusBrightnessPhoneStateManager: LuxEvent{event:MAIN_LUX lux:27.1375} -> LuxEvent{event:MAIN_LUX lux:27.1375}
06-10 19:27:16.554  3300  3626 I UserAwareMgr: fg app status not changed, beforeVisible: true, currentVisible: true
06-10 19:27:16.565  3300  3626 I UserAwareMgr: fg app status not changed, beforeVisible: true, currentVisible: true
06-10 19:27:16.574  3300 26031 W CameraService_proxy: Unknown extension type: -1
06-10 19:27:16.615  3300  4892 D TextToSpeechManagerPerUserService: Trying to start connection to TTS engine: com.google.android.tts
06-10 19:27:16.635  3300  3638 I ActivityManager: Start proc 26100:com.google.android.tts/u0a155 for service {com.google.android.tts/com.google.android.apps.speech.tts.googletts.service.GoogleTtsService}
06-10 19:27:16.636  3300  3596 I ActivityManager: ProcessObserver broadcast disabled
06-10 19:27:16.637  3300  3818 I MemoryOperationUtils: add 26100 to inactive
06-10 19:27:16.645  3300  4892 I ActivityManager: Flag disabled. Ignoring finishAttachApplication from uid: 10250. pid: 26039
06-10 19:27:16.648  3300  3721 D VRR [OPlusSAManager]: updateAutoMinfps for 4630946283567114626 with nits: 278.018, mHistOK true, mAmbientOK false, mCctOK true, mIrOK false, mBrightnessOK true, isPkgOK true, SA min fps: 1
06-10 19:27:16.663  3300  3705 D PowerManagerService: userActivityNoUpdateLocked: groupId=0, eventTime=150040271, event=touch, flags=0x0, uid=1000
06-10 19:27:16.664  3300  3950 D ActivityManager: Freezer deadlock watchdog
06-10 19:27:16.665  3300  4892 D ActivityTaskManagerServiceExtImpl: preBindApplication record is null
06-10 19:27:16.675  3300 26031 W CameraService_proxy: Unknown extension type: -1
06-10 19:27:16.684  3300  3626 W QosScheduler: executeSceneQosStrategy failed! qos feature no enable
06-10 19:27:16.691  3300  3638 I ActivityManager: Start proc 26129:com.google.android.projection.gearhead:provider/u0a101 for content provider {com.google.android.projection.gearhead/com.google.android.apps.auto.components.projectionstate.ProjectionStateProvider}
06-10 19:27:16.692  3300  3818 I MemoryOperationUtils: add 26129 to com.google.android.projection.gearhead
06-10 19:27:16.693  3300  3596 I ActivityManager: ProcessObserver broadcast disabled
06-10 19:27:16.693  3300  4892 W PackageManager: package com.google.android.dialer uid 10250 pid 26039 call SetEnabledSetting(com.google.android.dialer component = com.android.dialer.darpa.impl.AdvancedProtectionCallerIdAndSpamUnusedActivity, 1, 0)
06-10 19:27:16.695  3300  4892 W PackageManager: package com.google.android.dialer uid 10250 pid 26039 call SetEnabledSetting(com.google.android.dialer component = com.android.dialer.darpa.impl.AdvancedProtectionSpamBlockingUnusedActivity, 1, 0)
06-10 19:27:16.696 26100 26100 V Configuration: Updating configuration, locales updated from [] to [en_GB]
06-10 19:27:16.698  3300  3814 W PackageManager: package com.google.android.dialer uid 10250 pid 26039 call SetEnabledSetting(com.google.android.dialer component = com.android.dialer.darpa.impl.AdvancedProtectionAutoScreeningUnusedActivity, 2, 0)
06-10 19:27:16.711  3300  3626 W QosScheduler: executeSceneQosStrategy failed! qos feature no enable
06-10 19:27:16.714  3300  3814 D ActivityTaskManagerServiceExtImpl: preBindApplication record is null
06-10 19:27:16.719  3300  3596 D SystemGestures: detectSwipe: 2
06-10 19:27:16.720  3300  3596 D WindowManager: request show transient bar, navigationBar already visible
06-10 19:27:16.727  4514  4584 V ShellRecents: RecentsTransitionHandler.startRecentsTransition
06-10 19:27:16.729  4514  4584 V WindowManagerShell: Directly starting a new transition type=TO_FRONT wct=WindowContainerTransaction { changes= {} hops= [{pendingIntent: options=Bundle[{android.activity.splashScreenStyle=-1, android.activity.sourceInfo=Supplier{VAL_PARCELABLE@148+104}, deviceintegration:remotetask.launchOption=-1, android:activity.animAbortListener=null, trigger_preBoot_limit_size=-1, androidx.activity.extra=Bundle[EMPTY_PARCEL], android.activity.transientLaunch=true, android:activity.mZoomLaunchFlags=0}]}] errorCallbackToken=null taskFragmentOrganizer=null } handler=com.android.wm.shell.recents.RecentsTransitionHandler@ab2bf53
06-10 19:27:16.732 26129 26129 V Configuration: Updating configuration, locales updated from [] to [en_GB]
06-10 19:27:16.735  3300  3814 D RefreshRate: Trigger app switch boost, ar=ActivityRecord{1310109 u0 com.android.launcher/.Launcher t5},currDisplayRate=60.000004,boostId=3
06-10 19:27:16.736  3300  3814 D RefreshRate: setDisplayConfigSpecs complete: targetMode={id=1, width=1240, height=2772, fps=120.00001, vsync=120.00001, synthetic=false, alternativeRefreshRates=[60.000004, 90.0], supportedHdrTypes=[2, 3, 4]},srcMode={id=1, width=1240, height=2772, fps=120.00001, vsync=120.00001, synthetic=false, alternativeRefreshRates=[60.000004, 90.0], supportedHdrTypes=[2, 3, 4]},sfModId=0,rate=120.00001
06-10 19:27:16.736  3300  3814 D RefreshRate: Refresh rate changing from 60.000004 to 120.00001,maxRefreshRate=120.00001 FOR:{
06-10 19:27:16.736  3300  3814 D RefreshRate:     | COURSE[Trigger app switch boost, ar=ActivityRecord{1310109 u0 com.android.launcher/.Launcher t5},currDisplayRate=60.000004,boostId=3setDisplayConfigSpecs complete: targetMode={id=1, width=1240, height=2772, fps=120.00001, vsync=120.00001, synthetic=false, alternativeRefreshRates=[60.000004, 90.0], supportedHdrTypes=[2, 3, 4]},srcMode={id=1, width=1240, height=2772, fps=120.00001, vsync=120.00001, synthetic=false, alternativeRefreshRates=[60.000004, 90.0], supportedHdrTypes=[2, 3, 4]},sfModId=0,rate=120.00001]
06-10 19:27:16.736  3300  3814 D RefreshRate:     | VOTES[PRIORITY_START_ANIMATION_BOOST -> Vote{mRefreshRate=120.0, mMinRefreshRate=120.0, mRequestSource=null};PRIORITY_WINDOW_REQUEST -> Vote{mRefreshRate=60.0, mMinRefreshRate=60.0, mRequestSource=null};]
06-10 19:27:16.736  3300  3814 D RefreshRate:     | TIME:2026-06-10 13:57:16}
06-10 19:27:16.736  3300  3814 D RefreshRate: startAppSwitchBoost targetMode={id=1, width=1240, height=2772, fps=120.00001, vsync=120.00001, synthetic=false, alternativeRefreshRates=[60.000004, 90.0], supportedHdrTypes=[2, 3, 4]} record=ActivityRecord{1310109 u0 com.android.launcher/.Launcher t5}: votes=PRIORITY_START_ANIMATION_BOOST -> Vote{mRefreshRate=120.0, mMinRefreshRate=120.0, mRequestSource=null};PRIORITY_WINDOW_REQUEST -> Vote{mRefreshRate=60.0, mMinRefreshRate=60.0, mRequestSource=null};
06-10 19:27:16.736  3300  3721 D RefreshRate: do setDisplayConfigSpecs  
06-10 19:27:16.737  3300  3814 D ActivityTaskManager: setAppVisibility(Token{c8e9809 ActivityRecord{1310109 u0 com.android.launcher/.Launcher t5}}, visible=true):  visible=false mVisibleRequested=false
06-10 19:27:16.737  3300  3814 D WindowManager: NFW_setClientVisible:ActivityRecord{1310109 u0 com.android.launcher/.Launcher t5} clientVisible:true
06-10 19:27:16.738  3300  3814 D ActivityTaskManager: setVisibility(Token{c8e9809 ActivityRecord{1310109 u0 com.android.launcher/.Launcher t5}}, visible=true) defer commitVisibility for transition collecting
06-10 19:27:16.739  3300  3814 D FlexibleTaskController: onTaskFocusChanged prevTask:Task{124ff7a #13063 type=standard I=com.kalori.calorie/.MainActivity} ,currentTask:Task{44013c2 #5 type=home I=com.android.launcher/.Launcher}, reason: resumeTopActivity - onActivityStateChanged
06-10 19:27:16.739  3300  3814 D OplusFlexibleDCSManager: onNextPkgChanged pkg = com.android.launcher
06-10 19:27:16.739  3300  3626 I UserAwareMgr: handleTopAppChanged: com.android.launcher, pid: 13373, uid: 10202
06-10 19:27:16.741  3300  3814 D WindowManager: rotation(ROTATION_0) no changed  displayId = 0, lastOrientation = 5
06-10 19:27:16.743  3300  3814 D WindowManager: NFW_setClientVisible:WallpaperWindowToken{1e61bc5 showWhenLocked=false} clientVisible:true
06-10 19:27:16.744  3300  3721 D DisplayModeDirector: setAppRequest displayId : 0  modeId: 1  requestedRefreshRate: 120.00001  requestedMinRefreshRateRange: 120.00001  requestedMaxRefreshRateRange: 120.00001
06-10 19:27:16.744  3300  3814 D VRR [OPlusRefreshRatePolicy]: setRefreshRatePolicy policy=POLICY_SYSTEM, refreshRate=60, statusOn=false
06-10 19:27:16.744  3300  3814 D VRR [OPlusRefreshRatePolicy]: setRefreshRatePolicy policy=POLICY_SYSTEM, refreshRate=120, statusOn=true
06-10 19:27:16.745  3300  3814 D DisplayModeDirector: setAppRequest displayId : 0  modeId: 1  requestedRefreshRate: 0.0  requestedMinRefreshRateRange: 0.0  requestedMaxRefreshRateRange: 120.00001
06-10 19:27:16.745  3300  3814 D WindowManager: onSyncFinishedDrawing: Window{6a9cdc0 u0 com.android.launcher/com.android.launcher.Launcher}
06-10 19:27:16.746  3300  3626 I UserAwareMgr: handleTopAppChanged: com.google.android.googlequicksearchbox, pid: 13899, uid: 10124
06-10 19:27:16.746  3300  3814 D ActivityTaskManager: commitVisibility: ActivityRecord{1310109 u0 com.android.launcher/.Launcher t5}: visible=true visibleRequested=true, isInTransition=true 
06-10 19:27:16.746  3300  3814 E OplusAppQuickStart_AppQuickStartController: not start from launcher transition:2510
06-10 19:27:16.746  3300  3814 D Transition: collectOrderChanges onTopTasksEnd: [Task{e38d5ca #1 type=home}, Task{44013c2 #5 type=home I=com.android.launcher/.Launcher}], reportedOnTop:null, mOnTopTasksStart: [Task{124ff7a #13063 type=standard I=com.kalori.calorie/.MainActivity}], TDA child: [Task{864d112 #2 type=undefined}, Task{f3a467f #12989 type=standard A=10358:fr.brickoft.soundiiz}, Task{5afa76f #13016 type=standard I=com.google.android.apps.docs/.common.openurl.DriveOpenUrlActivityAlias}, Task{ea7d35b #12996 type=standard A=10420:com.anthropic.claude}, Task{346e69c #13031 type=standard A=10272:com.google.android.apps.photos}, Task{38f8cb9 #12862 type=standard A=10318:com.reddit.frontpage}, Task{f2e4c2 #13040 type=standard A=10169:com.oneplus.deskclock nonResizable}, Task{a66981a #12963 type=standard A=10421:com.instagram.android}, Task{f7baa8d #13020 type=standard A=10319:com.linkedin.android}, Task{4105c98 #13046 type=standard A=10324:com.adobe.reader}, Task{aa1ec48 #13044 type=standard A=10324:com.adobe.reader}, Task{a4c5b0e #13041 type=standard A=10154:com.android.chrome}, Task{2bf393a #13048 type=standard A=10124:com.google.android.googlequicksearchbox.googleapp}, Task{a77999a #13018 type=standard I=com.navivibe.navivibe/com.ryanheise.audioservice.AudioServiceActivity}, Task{e694767 #13051 type=standard A=10161:com.google.android.gm}, Task{7af7f72 #13055 type=standard A=1000:com.android.settings.root}, Task{4ad73d4 #12851 type=standard A=10313:com.whatsapp}, Task{124ff7a #13063 type=standard I=com.kalori.calorie/.MainActivity}, Task{e38d5ca #1 type=home}]
06-10 19:27:16.746  3300  3814 D Transition: collectOrderChanges **mParticipants add task: Task{44013c2 #5 type=home I=com.android.launcher/.Launcher}
06-10 19:27:16.746  3300  3814 D Transition: collectOrderChanges **mParticipants add task: Task{e38d5ca #1 type=home}
06-10 19:27:16.746  3300  3814 D OplusFlexibleActivityTransitionManager: fixTransitType type result:3, targets: [ChangeInfo{203838 container=Task{e38d5ca #1 type=home} flags=0x30}, ChangeInfo{2293011 container=Task{124ff7a #13063 type=standard I=com.kalori.calorie/.MainActivity} flags=0x4}, ChangeInfo{654d576 container=WallpaperWindowToken{1e61bc5 showWhenLocked=false} flags=0x0}]
06-10 19:27:16.746  3300  3626 I UserAwareMgr: handleTopAppChanged: com.google.android.googlequicksearchbox, pid: 26223, uid: 10124
06-10 19:27:16.748  3300  3814 D OplusTransitionAnimationManager: activityRecordCount0fullScreenArBeHindStartingWindow null
06-10 19:27:16.748  3300  3814 D OplusTransitionAnimationManager: activityRecordCount0fullScreenArBeHindStartingWindow null
06-10 19:27:16.748  3300  3814 D OplusTransitionAnimationManager: activityRecordCount0fullScreenArBeHindStartingWindow null
06-10 19:27:16.749  3300  3814 D OplusTransitionAnimationManager: dispatchTransitionReadyToClient topWin=Window{1b0e2f u0 com.kalori.calorie/com.kalori.calorie.MainActivity}, transitionId=2510, hasRemoteOpenFromViewSeamlessTransition=false
06-10 19:27:16.749  3300  3814 D QuickBackInputPolicy: resetInputInterceptState for remoteTransition: true
06-10 19:27:16.749  3300  3814 D OplusTransitionController: onTransactionReady, transition: 2510, info: {id=2510 t=TO_FRONT f=0x80 trk=0 r=[0@Point(0, 0)] c=[{WCT{RemoteToken{9756fcd Task{e38d5ca #1 type=home}}} m=TO_FRONT f=SHOW_WALLPAPER|MOVE_TO_TOP leash=Surface(name=Task=1)/@0xeac71b8 sb=Rect(0, 0 - 1240, 2772) eb=Rect(0, 0 - 1240, 2772) epz=Point(1240, 2772) d=0 taskParent=-1},{WCT{RemoteToken{e31a996 Task{124ff7a #13063 type=standard I=com.kalori.calorie/.MainActivity}}} m=TO_BACK f=NONE leash=Surface(name=Task=13063)/@0x73d8afe sb=Rect(0, 0 - 1240, 2772) eb=Rect(0, 0 - 1240, 2772) epz=Point(1240, 2772) d=0 taskParent=-1},{m=TO_FRONT f=IS_WALLPAPER leash=Surface(name=WallpaperWindowToken{1e61bc5 showWhenLocked=false})/@0x662ab91 sb=Rect(0, 0 - 1240, 2772) eb=Rect(0, 0 - 1240, 2772) epz=Point(1240, 2772) d=0}] 
06-10 19:27:16.749  3300  3814 D OplusTransitionController: extendInfo=[
06-10 19:27:16.749  3300  3814 D OplusTransitionController:  OplusTransitionExtendedInfo{mTmpFinishT=null, mInOplusCompatMode=false, mIsProcessRunning=true, mHasMismatchBoundsTarget=false, mRecentsController=null, mRemoteTransition=null, mIsTranslucentActivityToHome=false, mAvoidInterceptKeyEventToHome=false, mIsFromHome=false, mParentLeash=null, mBackAnimClosingLeash=null, mIsOplusAnimRes=false, mKeepBgForContinuous=false, mIsBalAllow=false, mTaskNotInRecent=false, mIsPredictiveBackAnim=false, mIsMergedWithPredictive=false, mIsLaunchFromSpruce=false, mIsLaunchFromDrive=false, mGlobalSearchPageSwitch=false, mNeedNoAlphaGlobalSearchScene=false, mAssistScreenShowing=false, mSwipeUpBrowserScreenShowing=false, mUserIdTransition=0
06-10 19:27:16.749  3300  3814 D OplusTransitionController: , mInRemoteScene=false, mInPreReady=false, mPreStart=false, mToken=null, mAbortByRemoteFromHome=false, mShellApplyToken=null, mRequestTransitionTaskId=-1, mAbortTransitionOnShell=0, mStartFromShortcut=false, mRemovedTaskId=-1, mTransitionInterruptType=0, mMergeSecondTaskId=-1, mTaskIdStartFromRecents=0, mTransitionId=2510, mCanUseSpringSlideAnim=false, mTransitionLaunchFrom=0, mFoldChangeType=-1, mAnimStartingPosition=[0, 0, 0, 0], mIsOpeningStkDialogActivity=false, mIsNeedApplyStartTForEmbedded=false, mMergeSecondTaskAnimation=false, mIsLaunchUnityStart=false, mIsLaunchFromAssistantByDefault=false, mSkipRemoteTransitionfalse, mIsStartFromKeyguard=false flags=0x0, mWCT=null, mIsOpenMergeToInValidPredictive=false}]}, targets : [ChangeInfo{203838 container=Task{e38d5ca #1 type=home} flags=0x30}, ChangeInfo{2293011 container=Task{124ff7a #13063 type=standard I=com.kalori.calorie/.MainActivity} flags=0x4}, ChangeInfo{654d576 container=WallpaperWindowToken{1e61bc5 showWhenLocked=false} flags=0x0}], participants: {ActivityRecord{1310109 u0 com.android.launcher/.Launcher t5}, Task{124ff7a #13063 type=standard I=com.kalori.calorie/.MainActivity}, WallpaperWindowToken{1e61bc5 showWhenLocked=false}, Task{44013c2 #5 type=home I=com.android.launcher/.Launcher}, Task{e38d5ca #1 type=home}}
06-10 19:27:16.749  3300  3814 D ContinuousTransitionController: updateRecentsActivityForContinuousIfNeed, recentsTask=Task{e38d5ca #1 type=home}, isMergedToRecents=false
06-10 19:27:16.749  3300  3600 I ActivityManager: updateOomAdj start time is before than pendingPid added, don't delete it
06-10 19:27:16.749  3300  3814 D CoreBackPreview:  return markWindowHasDrawn mComposed: false  mWaitTransition: false
06-10 19:27:16.751  4514 11511 V WindowManagerShell: onTransitionReady(transaction=14173392326103)
06-10 19:27:16.752  3300  3814 I TaskOrganizerController: onTaskInfoChanged taskid 1 config { mBounds=Rect(0, 0 - 1240, 2772) mAppBounds=Rect(0, 0 - 1240, 2772) mMaxBounds=Rect(0, 0 - 1240, 2772) mDisplayRotation=ROTATION_0 mWindowingMode=fullscreen mActivityType=home mAlwaysOnTop=undefined mRotation=ROTATION_0}
06-10 19:27:16.752  3300  3814 D OplusFlexibleDragToSplitAnimController: visibleFlexibleTaskInfos delete:1
06-10 19:27:16.752  3300  3814 E FlexibleWindowManagerService: notifyTaskObserverToAttachController not need to notify!
06-10 19:27:16.752  3300  3814 I FlexibleWindowManagerService: onFlexibleWindowTaskInfoChanged, return for cur task not embedded
06-10 19:27:16.753  4514  4584 V ShellRecents: [37695694] RecentsController.setTransition: id=android.os.BinderProxy@801280b
06-10 19:27:16.754  4514  4584 V WindowManagerShell: onTransitionReady (#2510) android.os.BinderProxy@801280b: {id=2510 t=TO_FRONT f=0x80 trk=0 r=[0@Point(0, 0)] c=[
06-10 19:27:16.754  4514  4584 V WindowManagerShell:         {m=TO_FRONT f=SHOW_WALLPAPER|MOVE_TO_TOP leash=Surface(name=Task=1)/@0x31abbef sb=Rect(0, 0 - 1240, 2772) eb=Rect(0, 0 - 1240, 2772) epz=Point(1240, 2772) d=0 taskParent=-1},
06-10 19:27:16.754  4514  4584 V WindowManagerShell:         {m=TO_BACK f=NONE leash=Surface(name=Task=13063)/@0x17f06fc sb=Rect(0, 0 - 1240, 2772) eb=Rect(0, 0 - 1240, 2772) epz=Point(1240, 2772) d=0 taskParent=-1},
06-10 19:27:16.754  4514  4584 V WindowManagerShell:         {m=TO_FRONT f=IS_WALLPAPER leash=Surface(name=WallpaperWindowToken{1e61bc5 showWhenLocked=false})/@0xa1ef185 sb=Rect(0, 0 - 1240, 2772) eb=Rect(0, 0 - 1240, 2772) epz=Point(1240, 2772) d=0}
06-10 19:27:16.754  4514  4584 V WindowManagerShell:     ] 
06-10 19:27:16.754  4514  4584 V WindowManagerShell: extendInfo=[
06-10 19:27:16.754  4514  4584 V WindowManagerShell:  OplusTransitionExtendedInfo{mTmpFinishT=null, mInOplusCompatMode=false, mIsProcessRunning=true, mHasMismatchBoundsTarget=false, mRecentsController=null, mRemoteTransition=null, mIsTranslucentActivityToHome=false, mAvoidInterceptKeyEventToHome=false, mIsFromHome=false, mParentLeash=null, mBackAnimClosingLeash=null, mIsOplusAnimRes=false, mKeepBgForContinuous=false, mIsBalAllow=false, mTaskNotInRecent=false, mIsPredictiveBackAnim=false, mIsMergedWithPredictive=false, mIsLaunchFromSpruce=false, mIsLaunchFromDrive=false, mGlobalSearchPageSwitch=false, mNeedNoAlphaGlobalSearchScene=false, mAssistScreenShowing=false, mSwipeUpBrowserScreenShowing=false, mUserIdTransition=0
06-10 19:27:16.754  4514  4584 V WindowManagerShell: , mInRemoteScene=false, mInPreReady=false, mPreStart=false, mToken=null, mAbortByRemoteFromHome=false, mShellApplyToken=null, mRequestTransitionTaskId=-1, mAbortTransitionOnShell=0, mStartFromShortcut=false, mRemovedTaskId=-1, mTransitionInterruptType=0, mMergeSecondTaskId=-1, mTaskIdStartFromRecents=0, mTransitionId=2510, mCanUseSpringSlideAnim=false, mTransitionLaunchFrom=0, mFoldChangeType=-1, mAnimStartingPosition=[0, 0, 0, 0], mIsOpeningStkDialogActivity=false, mIsNeedApplyStartTForEmbedded=false, mMergeSecondTaskAnimation=false, mIsLaunchUnityStart=false, mIsLaunchFromAssistantByDefault=false, mSkipRemoteTransitionfalse, mIsStartFromKeyguard=false flags=0x0, mWCT=null, mIsOpenMergeToInValidPredictive=false}]}
06-10 19:27:16.755  4514  4584 V WindowManagerShell: Playing animation for (#2510) android.os.BinderProxy@801280b@0
06-10 19:27:16.755  4514  4584 V WindowManagerShell:  try firstHandler com.android.wm.shell.recents.RecentsTransitionHandler@ab2bf53
06-10 19:27:16.755  4514  4584 V ShellRecents: [37695694] RecentsController.start
06-10 19:27:16.756  4514  4584 V ShellRecents:   not handling home taskId=1
06-10 19:27:16.757  3300  5267 I OplusJoystickManager: handleApplicationSwitch deprecated!
06-10 19:27:16.757  3300  5267 I GameManagerServiceExt-GameManagerServiceExt: on FG change: com.kalori.calorie|com.android.launcher
06-10 19:27:16.761  4514  4584 V ShellRecents:   adding pausing leaf taskId=13063 at layer=8
06-10 19:27:16.762  4514  4584 V ShellRecents: Applying transaction=14173392326103
06-10 19:27:16.764  3300  3718 D OplusAppSwitchListener: App Activity Change
06-10 19:27:16.764  3300  3718 D OplusAppSwitchListener: Detect com.kalori.calorie switch to background
06-10 19:27:16.764  3300  3718 D OplusFeatureReduceBrightness: onAppExit , info = com.kalori.calorie
06-10 19:27:16.764  3300  3718 D OplusAppSwitchListener: Detect com.android.launcher switch to foreground
06-10 19:27:16.764  3300  3718 D OplusFeatureGlobalLimitBrightness: switch to display extreme mode 
06-10 19:27:16.764  3300  5267 W WindowManager: captureTaskSnapshot mSnapshotMode= 0 source=Task{124ff7a #13063 type=standard I=com.kalori.calorie/.MainActivity}
06-10 19:27:16.765  3300  5267 D TaskSnapshotControllerExtImpl: createTaskSnapshot isCompatMode:false, isCompactWindow:false
06-10 19:27:16.765  3300  5267 W AbsAppSnapshotControllerExtImpl: updateExcludeLayers, addExcludeLayerList is null or empty, return excludeLayers
06-10 19:27:16.765  4514  4584 V ShellRecents: No matching remote found to takeover (#2510)
06-10 19:27:16.765  4514  4584 V ShellSplitScreen: getSplitBoundsForTaskId: expected split bounds for taskId=13063 but not found
06-10 19:27:16.765  4514  4584 V ShellRecents: [37695694] RecentsController.start: calling onAnimationStart with 2 apps
06-10 19:27:16.767  4514  4584 V WindowManagerShell:  animated by firstHandler
06-10 19:27:16.772  3300  5267 D TaskSnapshotCache: putSnapshot mRunningCache top= ActivityRecord{46101819 u0 com.kalori.calorie/.MainActivity t13063}, mTaskId=13063, snapshot=TaskSnapshot{ mId=1781099836764 mCaptureTime=307750238187927 mTopActivityComponent=com.kalori.calorie/.MainActivity mSnapshot=android.hardware.HardwareBuffer@d8a077c (868x1940) mColorSpace=sRGB IEC61966-2.1 (id=0, model=RGB) mOrientation=1 mRotation=0 mTaskSize=Point(1240, 2772) mOplusCompatMode=false mTopActivityBounds=[0,139][1240,2724] mHasDimLayer=false mContentInsets=[0,139][0,48] mLetterboxInsets=[0,0][0,0] mIsLowResolution=false mIsRealSnapshot=true mWindowingMode=1 mAppearance=0 mIsTranslucent=true mHasImeSurface=false mInternalReferences=2 mUiMode=21, mAppIdMap size= 3
06-10 19:27:16.773  3300  4460 V WindowManager: Relayout Window{9f2cb2b u0 GoogleDiscoverWindow}: viewVisibility=0, oldvis=8, req=1240x2772 , apr = 0, vsysui=
06-10 19:27:16.773  3300  3596 D OplusPanoramaWorkBranchController: notifyMotionUpOrCancel
06-10 19:27:16.774  3300  4460 D WindowManager: relayoutVisibleWindow win:Window{9f2cb2b u0 GoogleDiscoverWindow} set mDestroying = false  DestroySavedSurface remove
06-10 19:27:16.774  3300  4460 D WindowManager: attachImeScreenshotOnTargetIfNeeded, mImeHiding = false, requestedVisibleTypes = -9
06-10 19:27:16.775  3300  5256 D ActivityTaskManager: Skipping, invisible task: Task{44013c2 #5 type=home I=com.android.launcher/.Launcher}
06-10 19:27:16.775  3300  5256 D OplusSplitScreenManagerService: com.android.settings unSupportsSplitScreen by blockList or ForbidActivityList
06-10 19:27:16.775  3300  5256 D OplusSplitScreenManagerService: com.android.settings unSupportsSplitScreen by blockList or ForbidActivityList
06-10 19:27:16.776 13899 13899 W VRI[GoogleDiscoverWindow]: updateBlastSurfaceIfNeeded, surfaceSize:Point(1240, 2772), lastSurfaceSize:Point(1240, 2772), format:-2, blastBufferQueue:null
06-10 19:27:16.779  3300  3600 D OplusBatteryManager: getPsyBatteryRm: 1820
06-10 19:27:16.779  3300  5256 D ActivityTaskManager: after skip size:18,pre-Filtered:com.kalori.calorie # com.whatsapp # com.android.settings # com.google.android.gm # com.navivibe.navivibe # com.google.android.googlequicksearchbox # com.android.chrome # com.adobe.reader # com.adobe.reader # com.linkedin.android # com.instagram.android # com.oneplus.deskclock # com.reddit.frontpage # com.google.android.apps.photos # com.anthropic.claude # com.google.android.gms # com.google.android.apps.docs # fr.brickoft.soundiiz # 
06-10 19:27:16.779  3300  3600 D BatteryStatsImplExtImpl: resumedUid:10202 resumedBatteryLevel:46  resumedPackage:com.android.launcher  resumedBatteryRealtimeCapacity:1820
06-10 19:27:16.782  3300 26031 W CameraService_proxy: Unknown extension type: -1
06-10 19:27:16.788  3300  4460 D QuickBackInputPolicy: setInterceptInputKeyStatus, enable=true, enableFlag=1, inputCallback=android.window.IRemoteTransitionInputCallback$Stub$Proxy@ea6828b
06-10 19:27:16.790  3300  4460 I BLASTSyncEngine: onCommitted syncId: 2510, timeout: false ran: false
06-10 19:27:16.794  3300  3600 D FlexibleTaskController: check task which not have enough child, isInSingleWhiteList:false isCloneTask:false
06-10 19:27:16.795  3300  3600 D DisplayManagerServiceExtImpl: scheduleTraversalLocked intraversal=false
06-10 19:27:16.796  3300  3626 W UserAwareMgr: event can not be released, id: 2020, count: 2, releasePid: 13373
06-10 19:27:16.796  3300  3652 E OplusThermalStats: Error getting package info: com.android.launcher
06-10 19:27:16.798  3300  5256 W Biometrics/FingerprintProvider/FingerprintServiceProviderExtImpl: [hideFingerprintIcon] client does not meet the requirements: null
06-10 19:27:16.799  3300  3600 I DisplayDeviceRepository: Display device changed render timings: "Built-in Screen", renderFrameRate=120.00001, presentationDeadlineNanos=13333332, appVsyncOffsetNanos=1000000, frameRateOverrides=[]
06-10 19:27:16.799  3300  3600 D LogicalDisplayExt: set displayInfo flag FLAG_ROTATES_WITH_CONTENT
06-10 19:27:16.799  3300  3600 D DisplayManagerService: MSG_REQUEST_TRAVERSAL pendingCompleted=false
06-10 19:27:16.800  3300  3600 D DisplayManagerService: Delivering display event: displayId=0, event=EVENT_DISPLAY_REFRESH_RATE_CHANGED
06-10 19:27:16.801  3300  3601 D DisplayManagerService: performTraversalInternal pendingTraversal
06-10 19:27:16.801  3300  3601 D DisplayDevice: setLayerStackLocked id=local:4630946283567114626 token=android.os.BinderProxy@445c148 stack=0->0
06-10 19:27:16.806  3300  3721 D LocalDisplayAdapter: setDesiredDisplayModeSpecsAsync: display unique id = local:4630946283567114626, display mode specs = defaultMode=0 allowGroupSwitching=false primaryRanges=physical: (0.0 120.00001) render:  (0.0 120.00001) appRequestRanges=physical: (0.0 120.00001) render:  (0.0 120.00001) idleScreenRefreshRate=null
06-10 19:27:16.808  3300  3814 D FlexibleTaskController: hideZoomWindow flag = 12 ,caller = 13373
06-10 19:27:16.808  3300  3596 D WindowManager: DeferredDisplayUpdater: partially applying DisplayInfo(1240 x 2772) immediately
06-10 19:27:16.809  3300  4892 D OplusWindowAnimationManager: setInputConsumerEnabled from launcher enabled=true last=false
06-10 19:27:16.809  4514  4584 V ShellRecents: [37695694] RecentsController.setInputConsumerEnabled: set focus to recents
06-10 19:27:16.810  3300  3596 D OplusVFXScreenEffectFeature: notifySFCompatWindowStateChange entered false
06-10 19:27:16.810  3300  3596 D FSS_FoldScreenBlackCoverController: displayChangeToOn, dc:Display{#0 state=ON size=1240x2772 ROTATION_0}
06-10 19:27:16.813  3300  5267 D OplusPanoramaWorkBranchController: isFullscreenTaskIndicatorDragging
06-10 19:27:16.813  3300  5267 D ActivityTaskManager: onWindowFocusChanged Task{44013c2 #5 type=home I=com.android.launcher/.Launcher} would transfer to compact
06-10 19:27:16.813  3300  5267 D ActivityTaskManager: NFW_setLastResumedActivityUncheckLocked:true r:ActivityRecord{1310109 u0 com.android.launcher/.Launcher t5} currentFocus:Window{1b0e2f u0 com.kalori.calorie/com.kalori.calorie.MainActivity}
06-10 19:27:16.813  3300  5267 D QuickBackInputPolicy: hasMultiChildrenInTask: false
06-10 19:27:16.813  3300  5267 D WindowManager: NFW_findFocusedWindowIfNeeded:Window{6a9cdc0 u0 com.android.launcher/com.android.launcher.Launcher} mCurrentFocus:Window{1b0e2f u0 com.kalori.calorie/com.kalori.calorie.MainActivity}
06-10 19:27:16.813  3300  5267 V WindowManager: Changing focus from Window{1b0e2f u0 com.kalori.calorie/com.kalori.calorie.MainActivity} to Window{6a9cdc0 u0 com.android.launcher/com.android.launcher.Launcher},diplayid=0
06-10 19:27:16.814  3300  5267 D WindowManager: setFrameRateStart invalid typeId return!
06-10 19:27:16.815  3300  3814 D FlexibleTaskController: hideZoomWindow
06-10 19:27:16.816  3300  3721 D VRR [OPlusSurfaceFlingerController]:  setComplexSceneEnable : false
06-10 19:27:16.817  3300  3703 D OplusBiometricsDisplayHelper: isFold: false, isUnblockByFp: null
06-10 19:27:16.819  3300  5267 D WindowManager: setFrameRateStart invalid typeId return!
06-10 19:27:16.822  3300  4826 D OplusEapManager: mTargetExitName :com.kalori.calorie
06-10 19:27:16.824  3300  4112 D BackgroundInstallControlService: Package event received: 0
06-10 19:27:16.828  3300  3601 I TaskOrganizerController: onTaskInfoChanged taskid 13063 config { mBounds=Rect(0, 0 - 1240, 2772) mAppBounds=Rect(0, 0 - 1240, 2772) mMaxBounds=Rect(0, 0 - 1240, 2772) mDisplayRotation=ROTATION_0 mWindowingMode=fullscreen mActivityType=standard mAlwaysOnTop=undefined mRotation=ROTATION_0}
06-10 19:27:16.828  3300  4826 D OplusAppSwitchRuleInfo: generateAppEnterInfo - launch_source_type =  , launch_source_traceid = 
06-10 19:27:16.829  3300  3601 D OplusVisibleTasks:  notifyTaskFocusChange no need.
06-10 19:27:16.829  3300  3601 D OplusFlexibleDragToSplitAnimController: visibleFlexibleTaskInfos delete:13063
06-10 19:27:16.829  3300  3601 E FlexibleWindowManagerService: notifyTaskObserverToAttachController not need to notify!
06-10 19:27:16.829  3300  3601 I FlexibleWindowManagerService: onFlexibleWindowTaskInfoChanged, return for cur task not embedded
06-10 19:27:16.829  3300  3601 I TaskOrganizerController: onTaskInfoChanged taskid 1 config { mBounds=Rect(0, 0 - 1240, 2772) mAppBounds=Rect(0, 0 - 1240, 2772) mMaxBounds=Rect(0, 0 - 1240, 2772) mDisplayRotation=ROTATION_0 mWindowingMode=fullscreen mActivityType=home mAlwaysOnTop=undefined mRotation=ROTATION_0}
06-10 19:27:16.829  3300  3601 D OplusVisibleTasks:  notifyTaskFocusChange no need.
06-10 19:27:16.829  3300  3601 D OplusFlexibleDragToSplitAnimController: visibleFlexibleTaskInfos delete:1
06-10 19:27:16.829  3300  3601 E FlexibleWindowManagerService: notifyTaskObserverToAttachController not need to notify!
06-10 19:27:16.829  3300  3601 I FlexibleWindowManagerService: onFlexibleWindowTaskInfoChanged, return for cur task not embedded
06-10 19:27:16.829  3300  4826 D OplusAppSwitchRuleInfo: generateAppEnterInfo - launch_source_type =  , launch_source_traceid = 
06-10 19:27:16.830  3300  4826 D OplusAppSwitchRuleInfo: generateAppEnterInfo - launch_source_type =  , launch_source_traceid = 
06-10 19:27:16.836  3300  4826 D OplusAppSwitchRuleInfo: generateAppEnterInfo - launch_source_type =  , launch_source_traceid = 
06-10 19:27:16.838  3300  3595 V WindowManager: Sent Transition (#2510) createdAt=06-10 19:27:16.730
06-10 19:27:16.838  3300  3595 V WindowManager:     startWCT=WindowContainerTransaction { changes= {} hops= [{pendingIntent: options=Bundle[{android.activity.splashScreenStyle=-1, android.activity.sourceInfo=android.app.ActivityOptions$SourceInfo@bc0af1, deviceintegration:remotetask.launchOption=-1, android:activity.animAbortListener=null, trigger_preBoot_limit_size=-1, androidx.activity.extra=Bundle[{flexibleStartFrom=}], android.activity.transientLaunch=true, android:activity.mZoomLaunchFlags=0}]}] errorCallbackToken=null taskFragmentOrganizer=null }
06-10 19:27:16.838  3300  3595 V WindowManager:     info={id=2510 t=TO_FRONT f=0x80 trk=0 r=[0@Point(0, 0)] c=[
06-10 19:27:16.838  3300  3595 V WindowManager:         {WCT{RemoteToken{9756fcd Task{e38d5ca #1 type=home}}} m=TO_FRONT f=SHOW_WALLPAPER|MOVE_TO_TOP leash=Surface(name=Task=1)/@0xeac71b8 sb=Rect(0, 0 - 1240, 2772) eb=Rect(0, 0 - 1240, 2772) epz=Point(1240, 2772) d=0 taskParent=-1},
06-10 19:27:16.838  3300  3595 V WindowManager:         {WCT{RemoteToken{e31a996 Task{124ff7a #13063 type=standard I=com.kalori.calorie/.MainActivity}}} m=TO_BACK f=NONE leash=Surface(name=Task=13063)/@0x73d8afe sb=Rect(0, 0 - 1240, 2772) eb=Rect(0, 0 - 1240, 2772) epz=Point(1240, 2772) d=0 taskParent=-1},
06-10 19:27:16.838  3300  3595 V WindowManager:         {m=TO_FRONT f=IS_WALLPAPER leash=Surface(name=WallpaperWindowToken{1e61bc5 showWhenLocked=false})/@0x662ab91 sb=Rect(0, 0 - 1240, 2772) eb=Rect(0, 0 - 1240, 2772) epz=Point(1240, 2772) d=0}
06-10 19:27:16.838  3300  3595 V WindowManager:     ] 
06-10 19:27:16.838  3300  3595 V WindowManager: extendInfo=[
