06-10 19:27:23.691  3300  3957 V AlarmManager: sending alarm Alarm{d6894ec type 1 origWhen 1781099843692 whenElapsed 307757157 android} uid 1000 whenElapsed 307757157 windowLength 0 maxWhenElapsed 307757157 repeatInterval 0 action null component null tag StorgaeBandInfoAlarmTag flags 0x9 procName system_server
06-10 19:27:24.067  3300  5234 D ActivityManager: Async freezing 25313 com.google.android.gms.unstable
06-10 19:27:25.147  3300  3721 D VRR [OPlusSAManager]: handleAmbChange mAmbientOK: true
06-10 19:27:25.147  3300  3721 D VRR [OPlusSAManager]: updateAutoMinfps for 4630946283567114626 with nits: 278.018, mHistOK true, mAmbientOK true, mCctOK true, mIrOK false, mBrightnessOK true, isPkgOK true, SA min fps: 0
06-10 19:27:25.457  3300  3818 D osense.compress: com.google.android.apps.chromecast.app do shrink, target ratio = 45, final ratio = 90, cur ratio = 0
06-10 19:27:25.521  3300  3652 D OplusThermalStats: REPORT_UPDATE_CPU  ->  phoneTemp:370  preHeatThreshold:400
06-10 19:27:25.537  3300  3718 D OplusDisplayBrightnessBroadcastReceiver: onReceive action = android.intent.action.BATTERY_CHANGED , listeners = [com.android.server.display.feature.postprocess.OplusFeatureHDREnhanceBrightness$PhoneInfoReceiver@1259e34, com.android.server.display.feature.postprocess.OplusFeatureEdrEnhanceBrightness$PhoneInfoReceiver@1426c62]
06-10 19:27:25.590  3300  3652 D ProcessCpuTrackerExtImpl: mContext is already set, return now! 
06-10 19:27:25.596  3300  3652 D BatteryStatsImplExtImpl: mActiveProcesses size = 67
06-10 19:27:25.596  3300  3652 D BatteryStatsImplExtImpl: rpmhStats is null or interval time is too short.
06-10 19:27:25.681  3300  3813 D ActivityManager: Async freezing 26167 com.oneplus.deskclock:clockWidget
06-10 19:27:25.695  3300  3957 V AlarmManager: sending alarm Alarm{6f6a75 type 1 origWhen 1781099845695 whenElapsed 307759161 android} uid 1000 whenElapsed 307759161 windowLength 0 maxWhenElapsed 307759161 repeatInterval 0 action null component null tag StorgaeBandInfoAlarmTag flags 0x9 procName system_server
06-10 19:27:26.051  3300  3818 D osense.compress: com.whatsapp do shrink, target ratio = 20, final ratio = 40, cur ratio = 0
06-10 19:27:27.034  3300  3950 D ActivityManager: freezing 26129 com.google.android.projection.gearhead:provider
06-10 19:27:27.038  3300  3950 D ActivityManager: Freeze process 26129, not check file locks
06-10 19:27:27.039  3300  3950 D ActivityManager: reportOneUidFrozenStateChanged uid 10101 frozen = true
06-10 19:27:27.099  3300  3721 D VRR [OPlusSAManager]: handleAmbChange mAmbientOK: false
06-10 19:27:27.099  3300  3721 D VRR [OPlusSAManager]: updateAutoMinfps for 4630946283567114626 with nits: 278.018, mHistOK true, mAmbientOK false, mCctOK true, mIrOK false, mBrightnessOK true, isPkgOK true, SA min fps: 0
06-10 19:27:27.373  3300  3950 D ActivityManager: freezing 26039 com.google.android.dialer
06-10 19:27:27.377  3300  3950 D ActivityManager: Freeze process 26039, not check file locks
06-10 19:27:27.378  3300  3950 D ActivityManager: reportOneUidFrozenStateChanged uid 10250 frozen = true
06-10 19:27:27.698  3300  3957 V AlarmManager: sending alarm Alarm{3195898 type 1 origWhen 1781099847699 whenElapsed 307761164 android} uid 1000 whenElapsed 307761164 windowLength 0 maxWhenElapsed 307761164 repeatInterval 0 action null component null tag StorgaeBandInfoAlarmTag flags 0x9 procName system_server
06-10 19:27:27.775  3300  4242 D OAppNetControlService: Hans update:[10414=true][0|0] blackList:[10299, 10322, 10154, 10156, 10419, 10414]
06-10 19:27:28.891  1321 26026 I keystore2: system/security/keystore2/watchdog/src/lib.rs:377 - Watchdog thread idle -> terminating. Have a great day.
06-10 19:27:29.029  3300  3950 D ActivityManager: freezing 26406 com.heytap.mcs.appservice
06-10 19:27:29.562  3300  3813 W SettingsStatsUtil: Can not parse value to float: +network
06-10 19:27:29.702  3300  3957 V AlarmManager: sending alarm Alarm{a08819d type 1 origWhen 1781099849702 whenElapsed 307763168 android} uid 1000 whenElapsed 307763168 windowLength 0 maxWhenElapsed 307763168 repeatInterval 0 action null component null tag StorgaeBandInfoAlarmTag flags 0x9 procName system_server
06-10 19:27:30.039  3300  3950 D ActivityManager: Freezer deadlock watchdog
06-10 19:27:30.151  3300  3818 D osense.compress: com.twitter.android do shrink, target ratio = 45, final ratio = 90, cur ratio = 0
06-10 19:27:31.705  3300  3957 V AlarmManager: sending alarm Alarm{8f09a99 type 1 origWhen 1781099851704 whenElapsed 307765170 android} uid 1000 whenElapsed 307765170 windowLength 0 maxWhenElapsed 307765170 repeatInterval 0 action null component null tag StorgaeBandInfoAlarmTag flags 0x9 procName system_server
06-10 19:27:32.770  3300  4242 D OAppNetControlService: Hans update:[10183=true][0|0] blackList:[10299, 10322, 10154, 10156, 10419, 10414, 10183]
06-10 19:27:32.770  3300  3818 D osense.compress: com.kalori.calorie do shrink, target ratio = 10, final ratio = 20, cur ratio = 0
06-10 19:27:33.367  3300  4242 D OAppNetControlService: Hans update:[10184=true][0|0] blackList:[10299, 10322, 10154, 10156, 10419, 10414, 10183, 10184]
06-10 19:27:33.710  3300  3957 V AlarmManager: sending alarm Alarm{d005c09 type 1 origWhen 1781099853709 whenElapsed 307767175 android} uid 1000 whenElapsed 307767175 windowLength 0 maxWhenElapsed 307767175 repeatInterval 0 action null component null tag StorgaeBandInfoAlarmTag flags 0x9 procName system_server
06-10 19:27:34.089  3300  3950 D ActivityManager: freezing 25313 com.google.android.gms.unstable
06-10 19:27:34.599  3300  3652 D BatteryExternalStatsWorker: begin updateExternalStatsSync reason=wifi-data: inactive flag:2
06-10 19:27:34.673  3300  3652 D BatteryExternalStatsWorker: end updateExternalStatsSync
06-10 19:27:34.796  3300  3818 D osense.compress: in.amazon.mShop.android.shopping do shrink, target ratio = 45, final ratio = 90, cur ratio = 0
06-10 19:27:35.096  3300  3950 D ActivityManager: Freezer deadlock watchdog
06-10 19:27:35.684  3300  3950 D ActivityManager: freezing 26167 com.oneplus.deskclock:clockWidget
06-10 19:27:35.713  3300  3957 V AlarmManager: sending alarm Alarm{c864f96 type 1 origWhen 1781099855712 whenElapsed 307769178 android} uid 1000 whenElapsed 307769178 windowLength 0 maxWhenElapsed 307769178 repeatInterval 0 action null component null tag StorgaeBandInfoAlarmTag flags 0x9 procName system_server
06-10 19:27:35.796  3300  3652 D BatteryExternalStatsWorker: begin updateExternalStatsSync reason=wifi-data: active flag:2
06-10 19:27:35.820  3300  3652 D BatteryExternalStatsWorker: end updateExternalStatsSync
06-10 19:27:36.691  3300  3950 D ActivityManager: Freezer deadlock watchdog
06-10 19:27:36.714  3300  3818 D osense.compress: com.whatsapp do shrink, target ratio = 20, final ratio = 40, cur ratio = 0
06-10 19:27:37.718  3300  3957 V AlarmManager: sending alarm Alarm{ae0a4a0 type 1 origWhen 1781099857718 whenElapsed 307771184 android} uid 1000 whenElapsed 307771184 windowLength 0 maxWhenElapsed 307771184 repeatInterval 0 action null component null tag StorgaeBandInfoAlarmTag flags 0x9 procName system_server
06-10 19:27:37.730  3300  3818 D osense.compress: com.android.chrome do shrink, target ratio = 45, final ratio = 90, cur ratio = 0
06-10 19:27:37.746  3300  3818 D osense.compress: com.google.android.gm do shrink, target ratio = 45, final ratio = 90, cur ratio = 0
06-10 19:27:38.205  3300  3721 D VRR [OPlusSAManager]: handleAmbChange mAmbientOK: true
06-10 19:27:38.205  3300  3721 D VRR [OPlusSAManager]: updateAutoMinfps for 4630946283567114626 with nits: 278.018, mHistOK true, mAmbientOK true, mCctOK true, mIrOK false, mBrightnessOK true, isPkgOK true, SA min fps: 0
06-10 19:27:38.356  3300  3721 D VRR [OPlusSAManager]: handleAmbChange mAmbientOK: false
06-10 19:27:38.357  3300  3721 D VRR [OPlusSAManager]: updateAutoMinfps for 4630946283567114626 with nits: 278.018, mHistOK true, mAmbientOK false, mCctOK true, mIrOK false, mBrightnessOK true, isPkgOK true, SA min fps: 0
06-10 19:27:38.365  3300  3818 D osense.compress: net.oneplus.weather do shrink, target ratio = 45, final ratio = 90, cur ratio = 0
06-10 19:27:38.671  3300  3818 D osense.compress: com.amazon.avod.thirdpartyclient do shrink, target ratio = 45, final ratio = 90, cur ratio = 0
06-10 19:27:39.724  3300  3957 V AlarmManager: sending alarm Alarm{96a4764 type 1 origWhen 1781099859723 whenElapsed 307773189 android} uid 1000 whenElapsed 307773189 windowLength 0 maxWhenElapsed 307773189 repeatInterval 0 action null component null tag StorgaeBandInfoAlarmTag flags 0x9 procName system_server
06-10 19:27:39.950  3300  3818 D osense.compress: try do inactive compress task
06-10 19:27:39.952  3300  3818 D osense.compress: inactive do shrink, target ratio = 27, final ratio = 55, cur ratio = 0
06-10 19:27:41.109  3300  3818 D osense.compress: com.google.android.googlequicksearchbox do shrink, target ratio = 45, final ratio = 90, cur ratio = 0
06-10 19:27:41.730  3300  3957 V AlarmManager: sending alarm Alarm{1f5b9c9 type 1 origWhen 1781099861729 whenElapsed 307775195 android} uid 1000 whenElapsed 307775195 windowLength 0 maxWhenElapsed 307775195 repeatInterval 0 action null component null tag StorgaeBandInfoAlarmTag flags 0x9 procName system_server
06-10 19:27:42.672  3300  3957 V AlarmManager: sending alarm Alarm{7972985 type 3 origWhen 307697964 whenElapsed 307697964 com.google.android.gms} uid 10113 whenElapsed 307697964 windowLength 155832 maxWhenElapsed 307853796 repeatInterval 0 action com.google.android.gms.gcm.ACTION_CHECK_QUEUE component ComponentInfo{com.google.android.gms/com.google.android.gms.gcm.nts.SchedulerInternalReceiver} flags 0x0 procName com.google.android.gms.persistent
06-10 19:27:42.678  3300  3957 V AlarmManager: sending alarm Alarm{200b type 3 origWhen 307764888 whenElapsed 307764888 com.google.android.gms} uid 10113 whenElapsed 307764888 windowLength 11249 maxWhenElapsed 307776137 repeatInterval 0 action com.google.android.gms.auth.authzen.cryptauth.DEVICE_STATE_CHECK_DELAY_COMPLETE component ComponentInfo{com.google.android.gms/com.google.android.gms.chimera.GmsIntentOperationService} flags 0x0 procName com.google.android.gms
06-10 19:27:43.286  3300  3637 D ActivityManager: Async freezing 20561 com.oplus.notificationmanager
06-10 19:27:43.743  3300  3957 V AlarmManager: sending alarm Alarm{6f7c17e type 1 origWhen 1781099863742 whenElapsed 307777208 android} uid 1000 whenElapsed 307777208 windowLength 0 maxWhenElapsed 307777208 repeatInterval 0 action null component null tag StorgaeBandInfoAlarmTag flags 0x9 procName system_server
06-10 19:27:44.124  3300  3637 D ProcessCpuTrackerExtImpl: mContext is already set, return now! 
06-10 19:27:45.462  3300  3818 D osense.compress: com.google.android.apps.chromecast.app do shrink, target ratio = 45, final ratio = 90, cur ratio = 0
06-10 19:27:45.558  3300  3721 D VRR [OPlusSAManager]: handleAmbChange mAmbientOK: true
06-10 19:27:45.558  3300  3721 D VRR [OPlusSAManager]: updateAutoMinfps for 4630946283567114626 with nits: 278.018, mHistOK true, mAmbientOK true, mCctOK true, mIrOK false, mBrightnessOK true, isPkgOK true, SA min fps: 0
06-10 19:27:45.746  3300  3957 V AlarmManager: sending alarm Alarm{2ca778a type 1 origWhen 1781099865745 whenElapsed 307779211 android} uid 1000 whenElapsed 307779211 windowLength 0 maxWhenElapsed 307779211 repeatInterval 0 action null component null tag StorgaeBandInfoAlarmTag flags 0x9 procName system_server
06-10 19:27:46.729  3300  3818 D osense.compress: com.whatsapp do shrink, target ratio = 20, final ratio = 40, cur ratio = 0
06-10 19:27:47.208  3300  3721 D VRR [OPlusSAManager]: handleAmbChange mAmbientOK: false
06-10 19:27:47.208  3300  3721 D VRR [OPlusSAManager]: updateAutoMinfps for 4630946283567114626 with nits: 278.018, mHistOK true, mAmbientOK false, mCctOK true, mIrOK false, mBrightnessOK true, isPkgOK true, SA min fps: 0
06-10 19:27:47.751  3300  3957 V AlarmManager: sending alarm Alarm{e560471 type 1 origWhen 1781099867750 whenElapsed 307781216 android} uid 1000 whenElapsed 307781216 windowLength 0 maxWhenElapsed 307781216 repeatInterval 0 action null component null tag StorgaeBandInfoAlarmTag flags 0x9 procName system_server
06-10 19:27:48.109  3300  3721 D VRR [OPlusSAManager]: handleAmbChange mAmbientOK: true
06-10 19:27:48.109  3300  3721 D VRR [OPlusSAManager]: updateAutoMinfps for 4630946283567114626 with nits: 278.018, mHistOK true, mAmbientOK true, mCctOK true, mIrOK false, mBrightnessOK true, isPkgOK true, SA min fps: 0
06-10 19:27:49.756  3300  3957 V AlarmManager: sending alarm Alarm{fc3cb5c type 1 origWhen 1781099869755 whenElapsed 307783221 android} uid 1000 whenElapsed 307783221 windowLength 0 maxWhenElapsed 307783221 repeatInterval 0 action null component null tag StorgaeBandInfoAlarmTag flags 0x9 procName system_server
06-10 19:27:50.151  3300  3818 D osense.compress: com.twitter.android do shrink, target ratio = 45, final ratio = 90, cur ratio = 0
06-10 19:27:51.763  3300  3957 V AlarmManager: sending alarm Alarm{8bc2d06 type 1 origWhen 1781099871764 whenElapsed 307785229 android} uid 1000 whenElapsed 307785229 windowLength 0 maxWhenElapsed 307785229 repeatInterval 0 action null component null tag StorgaeBandInfoAlarmTag flags 0x9 procName system_server
06-10 19:27:52.772  3300  3818 D osense.compress: com.kalori.calorie do shrink, target ratio = 10, final ratio = 20, cur ratio = 0
06-10 19:27:53.329  3300  3950 D ActivityManager: freezing 20561 com.oplus.notificationmanager
06-10 19:27:53.770  3300  3957 V AlarmManager: sending alarm Alarm{cbec38c type 1 origWhen 1781099873769 whenElapsed 307787235 android} uid 1000 whenElapsed 307787235 windowLength 0 maxWhenElapsed 307787235 repeatInterval 0 action null component null tag StorgaeBandInfoAlarmTag flags 0x9 procName system_server
06-10 19:27:54.338  3300  3950 D ActivityManager: Freezer deadlock watchdog
06-10 19:27:54.798  3300  3818 D osense.compress: in.amazon.mShop.android.shopping do shrink, target ratio = 45, final ratio = 90, cur ratio = 0
06-10 19:27:55.777  3300  3957 V AlarmManager: sending alarm Alarm{cdb39db type 1 origWhen 1781099875775 whenElapsed 307789241 android} uid 1000 whenElapsed 307789241 windowLength 0 maxWhenElapsed 307789241 repeatInterval 0 action null component null tag StorgaeBandInfoAlarmTag flags 0x9 procName system_server
06-10 19:27:56.514  3300  3721 D VRR [OPlusSAManager]: handleCctChange mCctOK: false
06-10 19:27:56.514  3300  3721 D VRR [OPlusSAManager]: updateAutoMinfps for 4630946283567114626 with nits: 278.018, mHistOK true, mAmbientOK true, mCctOK false, mIrOK false, mBrightnessOK true, isPkgOK true, SA min fps: 0
06-10 19:27:56.763  3300  3818 D osense.compress: com.whatsapp do shrink, target ratio = 20, final ratio = 40, cur ratio = 0
06-10 19:27:57.732  3300  3818 D osense.compress: com.android.chrome do shrink, target ratio = 45, final ratio = 90, cur ratio = 0
06-10 19:27:57.746  3300  3818 D osense.compress: com.google.android.gm do shrink, target ratio = 45, final ratio = 90, cur ratio = 0
06-10 19:27:57.782  3300  3957 V AlarmManager: sending alarm Alarm{d37cf8d type 1 origWhen 1781099877782 whenElapsed 307791247 android} uid 1000 whenElapsed 307791247 windowLength 0 maxWhenElapsed 307791247 repeatInterval 0 action null component null tag StorgaeBandInfoAlarmTag flags 0x9 procName system_server
06-10 19:27:58.367  3300  3818 D osense.compress: net.oneplus.weather do shrink, target ratio = 45, final ratio = 90, cur ratio = 0
06-10 19:27:58.672  3300  3818 D osense.compress: com.amazon.avod.thirdpartyclient do shrink, target ratio = 45, final ratio = 90, cur ratio = 0
06-10 19:27:59.000  3300  3652 E BluetoothPowerStatsCollector: Cannot acquire BluetoothActivityEnergyInfo
06-10 19:27:59.000  3300  3652 E BluetoothPowerStatsCollector: java.util.concurrent.ExecutionException: java.lang.RuntimeException: error: 9
06-10 19:27:59.000  3300  3652 E BluetoothPowerStatsCollector: 	at java.util.concurrent.CompletableFuture.reportGet(CompletableFuture.java:372)
06-10 19:27:59.000  3300  3652 E BluetoothPowerStatsCollector: 	at java.util.concurrent.CompletableFuture.get(CompletableFuture.java:2072)
06-10 19:27:59.000  3300  3652 E BluetoothPowerStatsCollector: 	at com.android.server.power.stats.BluetoothPowerStatsCollector.collectBluetoothActivityInfo(BluetoothPowerStatsCollector.java:192)
06-10 19:27:59.000  3300  3652 E BluetoothPowerStatsCollector: 	at com.android.server.power.stats.BluetoothPowerStatsCollector.collectStats(BluetoothPowerStatsCollector.java:155)
06-10 19:27:59.000  3300  3652 E BluetoothPowerStatsCollector: 	at com.android.server.power.stats.PowerStatsCollector.collectAndDeliverStats(PowerStatsCollector.java:176)
06-10 19:27:59.000  3300  3652 E BluetoothPowerStatsCollector: 	at com.android.server.power.stats.PowerStatsCollector$$ExternalSyntheticLambda0.run(D8$$SyntheticClass:0)
06-10 19:27:59.000  3300  3652 E BluetoothPowerStatsCollector: 	at android.os.Handler.handleCallback(Handler.java:1027)
06-10 19:27:59.000  3300  3652 E BluetoothPowerStatsCollector: 	at android.os.Handler.dispatchMessage(Handler.java:108)
06-10 19:27:59.000  3300  3652 E BluetoothPowerStatsCollector: 	at android.os.Looper.loopOnce(Looper.java:298)
06-10 19:27:59.000  3300  3652 E BluetoothPowerStatsCollector: 	at android.os.Looper.loop(Looper.java:408)
06-10 19:27:59.000  3300  3652 E BluetoothPowerStatsCollector: 	at android.os.HandlerThread.run(HandlerThread.java:85)
06-10 19:27:59.000  3300  3652 E BluetoothPowerStatsCollector: Caused by: java.lang.RuntimeException: error: 9
06-10 19:27:59.000  3300  3652 E BluetoothPowerStatsCollector: 	at com.android.server.power.stats.BluetoothPowerStatsCollector$1.onBluetoothActivityEnergyInfoError(BluetoothPowerStatsCollector.java:181)
06-10 19:27:59.000  3300  3652 E BluetoothPowerStatsCollector: 	at android.bluetooth.BluetoothAdapter$OnBluetoothActivityEnergyInfoProxy.lambda$onError$2(BluetoothAdapter.java:1097)
06-10 19:27:59.000  3300  3652 E BluetoothPowerStatsCollector: 	at android.bluetooth.BluetoothAdapter$OnBluetoothActivityEnergyInfoProxy$$ExternalSyntheticLambda0.run(D8$$SyntheticClass:0)
06-10 19:27:59.000  3300  3652 E BluetoothPowerStatsCollector: 	at com.android.server.SystemServerInitThreadPool$$ExternalSyntheticLambda0.execute(D8$$SyntheticClass:0)
06-10 19:27:59.000  3300  3652 E BluetoothPowerStatsCollector: 	at android.bluetooth.BluetoothAdapter$OnBluetoothActivityEnergyInfoProxy.onError(BluetoothAdapter.java:1097)
06-10 19:27:59.000  3300  3652 E BluetoothPowerStatsCollector: 	at android.bluetooth.BluetoothAdapter.requestControllerActivityEnergyInfo(BluetoothAdapter.java:2938)
06-10 19:27:59.000  3300  3652 E BluetoothPowerStatsCollector: 	at com.android.server.power.stats.BatteryStatsImpl$BluetoothStatsRetrieverImpl.requestControllerActivityEnergyInfo(BatteryStatsImpl.java:499)
06-10 19:27:59.000  3300  3652 E BluetoothPowerStatsCollector: 	at com.android.server.power.stats.BluetoothPowerStatsCollector.collectBluetoothActivityInfo(BluetoothPowerStatsCollector.java:170)
06-10 19:27:59.000  3300  3652 E BluetoothPowerStatsCollector: 	... 8 more
06-10 19:27:59.216  3300  3721 D VRR [OPlusSAManager]: handleAmbChange mAmbientOK: false
06-10 19:27:59.216  3300  3721 D VRR [OPlusSAManager]: updateAutoMinfps for 4630946283567114626 with nits: 278.018, mHistOK true, mAmbientOK false, mCctOK false, mIrOK false, mBrightnessOK true, isPkgOK true, SA min fps: 0
06-10 19:27:59.552  3300  4464 W SettingsStatsUtil: Can not parse value to float: +network
06-10 19:27:59.730  4514  5762 E ActivityThread: Failed to find provider info for com.heytap.health.sporthealthprovider
06-10 19:27:59.788  3300  3957 V AlarmManager: sending alarm Alarm{ebaf7ec type 1 origWhen 1781099879788 whenElapsed 307793253 android} uid 1000 whenElapsed 307793253 windowLength 0 maxWhenElapsed 307793253 repeatInterval 0 action null component null tag StorgaeBandInfoAlarmTag flags 0x9 procName system_server
06-10 19:27:59.966  3300  3721 D VRR [OPlusSAManager]: handleAmbChange mAmbientOK: true
06-10 19:27:59.966  3300  3721 D VRR [OPlusSAManager]: updateAutoMinfps for 4630946283567114626 with nits: 278.018, mHistOK true, mAmbientOK true, mCctOK false, mIrOK false, mBrightnessOK true, isPkgOK true, SA min fps: 0
06-10 19:28:00.002  3300  3957 V AlarmManager: sending alarm Alarm{307be4a type 3 origWhen 307793466 whenElapsed 307793466 android} uid 1000 whenElapsed 307793466 windowLength 0 maxWhenElapsed 307793466 repeatInterval 0 action null component null tag TIME_TICK flags 0x9 procName system_server
06-10 19:28:00.019  3300  3718 D OplusDisplayBrightnessBroadcastReceiver: onReceive action = android.intent.action.TIME_TICK , listeners = [com.android.server.display.feature.ambience.events.event.TimeEvent$TimeChangeReceiver@1404609]
06-10 19:28:00.566  3300  3721 D VRR [OPlusSAManager]: handleAmbChange mAmbientOK: false
06-10 19:28:00.567  3300  3721 D VRR [OPlusSAManager]: updateAutoMinfps for 4630946283567114626 with nits: 278.018, mHistOK true, mAmbientOK false, mCctOK false, mIrOK false, mBrightnessOK true, isPkgOK true, SA min fps: 0
06-10 19:28:00.567  3300  3718 D OplusBrightnessSceneAdapter: Arc scene change!!! NormalScene -> StableScene [erraticScore:-1, stableScore:5467] isLuxRefresh:false
06-10 19:28:00.568  3300  3718 D OplusBrightnessAmbientAdapter[StabilityProcess]: updateRangeStrategy: reason[SceneChange ] baseLux:32.73, scene:StableScene large{11.671249, 191.45915} largeForAux{11.671249, 155.61449} small{16.621004, 61.550003} null
06-10 19:28:01.113  3300  3818 D osense.compress: com.google.android.googlequicksearchbox do shrink, target ratio = 45, final ratio = 90, cur ratio = 0
06-10 19:28:01.256  3300  9932 D UsageStatsService: User[0] type=0 b=1781099492305 e=1781099881254 cb=1781018092116 ce=1781099876206 disk=0 all=15
06-10 19:28:01.615  3300  3721 D VRR [OPlusSAManager]: handleAmbChange mAmbientOK: true
06-10 19:28:01.615  3300  3721 D VRR [OPlusSAManager]: updateAutoMinfps for 4630946283567114626 with nits: 278.018, mHistOK true, mAmbientOK true, mCctOK false, mIrOK false, mBrightnessOK true, isPkgOK true, SA min fps: 0
06-10 19:28:01.795  3300  3957 V AlarmManager: sending alarm Alarm{a9410ee type 1 origWhen 1781099881794 whenElapsed 307795260 android} uid 1000 whenElapsed 307795260 windowLength 0 maxWhenElapsed 307795260 repeatInterval 0 action null component null tag StorgaeBandInfoAlarmTag flags 0x9 procName system_server
06-10 19:28:03.717  3300  3721 D VRR [OPlusSAManager]: handleAmbChange mAmbientOK: false
06-10 19:28:03.717  3300  3721 D VRR [OPlusSAManager]: updateAutoMinfps for 4630946283567114626 with nits: 278.018, mHistOK true, mAmbientOK false, mCctOK false, mIrOK false, mBrightnessOK true, isPkgOK true, SA min fps: 0
06-10 19:28:03.801  3300  3957 V AlarmManager: sending alarm Alarm{29aa252 type 1 origWhen 1781099883800 whenElapsed 307797266 android} uid 1000 whenElapsed 307797266 windowLength 0 maxWhenElapsed 307797266 repeatInterval 0 action null component null tag StorgaeBandInfoAlarmTag flags 0x9 procName system_server
06-10 19:28:04.766  3300  3721 D VRR [OPlusSAManager]: handleAmbChange mAmbientOK: true
06-10 19:28:04.766  3300  3721 D VRR [OPlusSAManager]: updateAutoMinfps for 4630946283567114626 with nits: 278.018, mHistOK true, mAmbientOK true, mCctOK false, mIrOK false, mBrightnessOK true, isPkgOK true, SA min fps: 0
06-10 19:28:05.465  3300  3818 D osense.compress: com.google.android.apps.chromecast.app do shrink, target ratio = 45, final ratio = 90, cur ratio = 0
06-10 19:28:05.804  3300  3957 V AlarmManager: sending alarm Alarm{6327bd type 1 origWhen 1781099885804 whenElapsed 307799269 android} uid 1000 whenElapsed 307799269 windowLength 0 maxWhenElapsed 307799269 repeatInterval 0 action null component null tag StorgaeBandInfoAlarmTag flags 0x9 procName system_server
06-10 19:28:06.543  3300  3957 V AlarmManager: sending alarm Alarm{2091503 type 3 origWhen 307816175 whenElapsed 307800000 android} uid 1000 whenElapsed 307800000 windowLength 1350000 maxWhenElapsed 307800000 repeatInterval 1800000 action com.android.server.action.NETWORK_STATS_POLL component null flags 0x8 procName system_server
06-10 19:28:06.549  3300  3957 V AlarmManager: sending alarm Alarm{55536fe type 2 origWhen 307202549 whenElapsed 307800000 com.instagram.barcelona} uid 10360 whenElapsed 307800000 windowLength 224998 maxWhenElapsed 307800000 repeatInterval 0 action action_batch_upload component ComponentInfo{com.instagram.barcelona/com.instagram.analytics.uploadscheduler.AnalyticsUploadAlarmReceiver} flags 0x0 procName com.instagram.barcelona
06-10 19:28:06.552  3300  3957 V AlarmManager: sending alarm Alarm{aac9175 type 2 origWhen 307500092 whenElapsed 307500092 com.facebook.services} uid 10246 whenElapsed 307500092 windowLength 450000 maxWhenElapsed 307950092 repeatInterval 0 action com.facebook.rti.fbns.intent.ACTION_ALARM.FBNS_SCHEDULED_BROADCAST_TIMEOUT component null flags 0x20 procName com.facebook.services
06-10 19:28:06.557  3300  3957 V AlarmManager: sending alarm Alarm{3f9eb98 type 0 origWhen 1781099841599 whenElapsed 307800000 com.heytap.mcs} uid 1000 whenElapsed 307800000 windowLength 10000 maxWhenElapsed 307800000 repeatInterval 0 action com.heytap.mcs.action component null flags 0x8 procName com.heytap.mcs
06-10 19:28:06.564  3300  3957 V AlarmManager: sending alarm Alarm{6c1cff1 type 2 origWhen 307775179 whenElapsed 307800000 com.heytap.mcs} uid 1000 whenElapsed 307800000 windowLength 10000 maxWhenElapsed 307800000 repeatInterval 0 action com.heytap.mcs.action component null flags 0x8 procName com.heytap.mcs
06-10 19:28:06.566  3300  3957 V AlarmManager: sending alarm Alarm{34727d6 type 0 origWhen 1781099916957 whenElapsed 307800000 com.oplus.romupdate} uid 10181 whenElapsed 307800000 windowLength 318904 maxWhenElapsed 307800000 repeatInterval 0 action com.oplus.romupdate.broadcast.rom_update_filter_check component null flags 0x8 procName com.oplus.romupdate
06-10 19:28:06.567  3300  3957 V AlarmManager: sending alarm Alarm{b6e2944 type 0 origWhen 1781100015632 whenElapsed 307800000 com.heytap.mcs} uid 1000 whenElapsed 307800000 windowLength 5400000 maxWhenElapsed 307800000 repeatInterval 7200000 action com.heytap.mcs.action component null flags 0x8 procName com.heytap.mcs
06-10 19:28:06.568  3300  3950 D ActivityManager: reportOneUidFrozenStateChanged uid 10181 frozen = false
06-10 19:28:06.570  3300  3648 D ActivityManager: sync unfroze 24563 com.oplus.romupdate for 3
06-10 19:28:06.570  3300  3957 V AlarmManager: sending alarm Alarm{ec695b0 type 3 origWhen 307716962 whenElapsed 307800000 com.oplus.metis} uid 10127 whenElapsed 307800000 windowLength 225000 maxWhenElapsed 307800000 repeatInterval 300000 action oplus.intent.action.SORT_ALARM_ACTION component null flags 0x8 procName com.oplus.metis
06-10 19:28:06.570  3300  3648 D ActivityManager: Async freezing 24563 com.oplus.romupdate
06-10 19:28:06.571  3300  3648 D ActivityManager: Cancel freezing 24563 com.oplus.romupdate
06-10 19:28:06.571  3300  3648 D ActivityManager: Async freezing 24563 com.oplus.romupdate
06-10 19:28:06.573  3300  3648 D ActivityManager: Cancel freezing 24563 com.oplus.romupdate
06-10 19:28:06.574  3300  3957 V AlarmManager: sending alarm Alarm{2bb5bae type 1 origWhen 1781099841046 whenElapsed 307800000 com.oplus.metis} uid 10127 whenElapsed 307800000 windowLength 135000 maxWhenElapsed 307800000 repeatInterval 180000 action com.oplus.action.RETRY_REGISTER_TIMER component null flags 0x8 procName com.oplus.metis
06-10 19:28:06.575  3300  3957 V AlarmManager: sending alarm Alarm{6493d4f type 3 origWhen 307801442 whenElapsed 307800000 com.google.android.apps.maps} uid 10160 whenElapsed 307800000 windowLength 16200000 maxWhenElapsed 307800000 repeatInterval 21600000 action com.google.android.apps.gmm.plugins.serverrecovery.SCHEDULED_CHECK component ComponentInfo{com.google.android.apps.maps/com.google.android.apps.gmm.plugins.serverrecovery.ScheduledRecoverySignalHandlerImpl} flags 0x0 procName com.google.android.apps.maps:server_recovery_process_scheduled
06-10 19:28:06.577  3300  4464 D ActivityManager: sync unfroze 26406 com.heytap.mcs.appservice for 7
06-10 19:28:06.580  3300  3638 I ActivityManager: Start proc 26518:com.instagram.barcelona/u0a360 for broadcast {com.instagram.barcelona/com.instagram.analytics.uploadscheduler.AnalyticsUploadAlarmReceiver}
06-10 19:28:06.582  3300  3957 V AlarmManager: sending alarm Alarm{8865f6b type 3 origWhen 307823594 whenElapsed 307800000 com.oplus.nhs} uid 1001 whenElapsed 307800000 windowLength 225000 maxWhenElapsed 307800000 repeatInterval 300000 action oplus.intent.action.INTERNAL_LOOP_UPDATE_ACTIVITYINFO_ALARM component ComponentInfo{com.oplus.nhs/com.oplus.nhs.pwr.ModemAci.ModemAciAlarmReceiver} flags 0x8 procName com.oplus.nhs
06-10 19:28:06.582  3300  3596 I ActivityManager: ProcessObserver broadcast disabled
06-10 19:28:06.582  3300  3818 I MemoryOperationUtils: add 26518 to com.instagram.barcelona
06-10 19:28:06.582  3300  3957 V AlarmManager: sending alarm Alarm{3573286 type 3 origWhen 307913465 whenElapsed 307800000 com.oplus.obrain} uid 1000 whenElapsed 307800000 windowLength 2700000 maxWhenElapsed 307800000 repeatInterval 3600000 action MIDAS HOURLY CLOCK ACTION component null flags 0x8 procName com.oplus.midas
06-10 19:28:06.583  3300  3957 V AlarmManager: sending alarm Alarm{7298747 type 3 origWhen 307913466 whenElapsed 307800000 com.oplus.obrain} uid 1000 whenElapsed 307800000 windowLength 450000 maxWhenElapsed 307800000 repeatInterval 600000 action MIDAS TEN MINUTE CLOCK ACTION component null flags 0x8 procName com.oplus.midas
06-10 19:28:06.584  3300  3957 V AlarmManager: sending alarm Alarm{bd06b74 type 3 origWhen 307914701 whenElapsed 307800000 com.oplus.obrain} uid 1000 whenElapsed 307800000 windowLength 225000 maxWhenElapsed 307800000 repeatInterval 300000 action MIDAS FIVE MINUTE CLOCK ACTION component null flags 0x8 procName com.oplus.midas
06-10 19:28:06.598 32051 32093 W ContextImpl: Calling a method in the system process without a qualified user: android.app.ContextImpl.bindService:2135 android.content.ContextWrapper.bindService:901 com.heytap.mcs.biz.statistics.agent.OBUSAgent.bindStatisticsApiService:8 com.heytap.mcs.biz.statistics.agent.OBUSAgent.upload:7 com.heytap.mcs.biz.statistics.agent.AgentManager.upload:3 
06-10 19:28:06.607 32051 32093 W ContextImpl: Calling a method in the system process without a qualified user: android.app.ContextImpl.startService:2032 android.content.ContextWrapper.startService:865 com.heytap.mcs.service.McsService.a:13 com.heytap.mcs.service.McsService.a:4 com.heytap.mcs.service.McsService$c.run:41 
06-10 19:28:06.614  3300  5267 W ProcessStats: Tracking association SourceState{be9b257 com.heytap.mcs/1000 ImpFg #508700} whose proc state 5 is better than process ProcessState{60b67e2 com.heytap.mcs.appservice/1000 pkg=com.heytap.mcs} proc state 14 (11 skipped)
06-10 19:28:06.617  3300  5267 D ActivityTaskManagerServiceExtImpl: preBindApplication record is null
06-10 19:28:06.621 32051 32093 W ContextImpl: Calling a method in the system process without a qualified user: android.app.ContextImpl.bindService:2135 android.content.ContextWrapper.bindService:901 com.heytap.mcs.biz.message.g.b:8 com.heytap.mcs.biz.message.g.b:11 com.heytap.mcs.biz.message.g.j:1 
06-10 19:28:06.626  3300  3638 I ActivityManager: Start proc 26530:com.heytap.mcs.statistics/1000 for service {com.heytap.mcs/com.heytap.mcs.biz.statistics.service.StatisticsApiService}
06-10 19:28:06.626  3300  3596 I ActivityManager: ProcessObserver broadcast disabled
06-10 19:28:06.628  3300  3818 I MemoryOperationUtils: add 26530 to inactive
06-10 19:28:06.630  3300  3648 V Configuration: Updating configuration, locales updated from [] to [en_IN,en_GB]
06-10 19:28:06.640  3300  3638 I ActivityManager: Start proc 26532:com.heytap.mcs.biz.message/1000 for service {com.heytap.mcs/com.heytap.mcs.biz.message.MessageDealService}
06-10 19:28:06.640  3300  3818 I MemoryOperationUtils: add 26532 to inactive
06-10 19:28:06.645  3300  3596 I ActivityManager: ProcessObserver broadcast disabled
06-10 19:28:06.658  3300  3638 I ActivityManager: Start proc 26538:com.google.android.apps.maps:server_recovery_process_scheduled/u0a160 for broadcast {com.google.android.apps.maps/com.google.android.apps.gmm.plugins.serverrecovery.ScheduledRecoverySignalHandlerImpl}
06-10 19:28:06.659  3300  3818 I MemoryOperationUtils: add 26538 to com.google.android.apps.maps
06-10 19:28:06.660  3300  3596 I ActivityManager: ProcessObserver broadcast disabled
06-10 19:28:06.671  3300  3813 D ActivityTaskManagerServiceExtImpl: preBindApplication record is null
06-10 19:28:06.674 26518 26518 V Configuration: Updating configuration, locales updated from [] to [en_GB]
06-10 19:28:06.680  3300  6409 D ActivityTaskManagerServiceExtImpl: preBindApplication record is null
06-10 19:28:06.685  3300  3813 E OCvtSystemService: Cannot get map: android.system.ErrnoException: nativeBpfFdGet failed: ENOENT (No such file or directory)
06-10 19:28:06.692 26530 26530 V Configuration: Updating configuration, locales updated from [] to [en_GB]
06-10 19:28:06.693  3300  6409 D ActivityTaskManagerServiceExtImpl: preBindApplication record is null
06-10 19:28:06.693 26532 26532 V Configuration: Updating configuration, locales updated from [] to [en_GB]
06-10 19:28:06.714 26538 26538 V Configuration: Updating configuration, locales updated from [] to [en_GB]
06-10 19:28:06.731  3300  5274 I ActivityManager: Flag disabled. Ignoring finishAttachApplication from uid: 1000. pid: 26532
06-10 19:28:06.737  3300  5274 I ActivityManager: Flag disabled. Ignoring finishAttachApplication from uid: 1000. pid: 26530
06-10 19:28:06.741 26532 26581 W ContextImpl: Calling a method in the system process without a qualified user: android.app.ContextImpl.startService:2032 android.content.ContextWrapper.startService:865 com.heytap.mcs.biz.message.h.b:16 com.heytap.mcs.biz.message.h.a:6 com.heytap.mcs.base.task.a.b:6 
06-10 19:28:06.756  3300  5267 I ActivityManager: Death received, pid = 26532, processName = com.heytap.mcs.biz.message for thread android.os.BinderProxy@445d546
06-10 19:28:06.756  3300  4494 I ActivityManager: Process com.heytap.mcs.biz.message (pid 26532) has died: fg  SVC 
06-10 19:28:06.757  3300  5721 D StdIDManager: stdid call:com.oplus.romupdate,10181,GUID,10181
06-10 19:28:06.784  3300  3818 D osense.compress: com.whatsapp do shrink, target ratio = 20, final ratio = 40, cur ratio = 0
06-10 19:28:06.793  3300  5721 W ActivityManager: Receiver with filter android.content.IntentFilter@ec19bff already registered for pid 26530, callerPackage is com.heytap.mcs
06-10 19:28:06.793  3300  5274 W ActivityManager: Receiver with filter android.content.IntentFilter@c314dcc already registered for pid 26530, callerPackage is com.heytap.mcs
06-10 19:28:06.796  3300  5267 W ActivityManager: Receiver with filter android.content.IntentFilter@ff9b72a already registered for pid 26530, callerPackage is com.heytap.mcs
06-10 19:28:06.823  3300  5274 W ActivityManager: Receiver with filter android.content.IntentFilter@79df91b already registered for pid 26530, callerPackage is com.heytap.mcs
06-10 19:28:06.825  3300  5274 W ActivityManager: Receiver with filter android.content.IntentFilter@60b7ab8 already registered for pid 26530, callerPackage is com.heytap.mcs
06-10 19:28:06.981 26538 26538 D ResourcesManagerExtImpl: applyConfigurationToAppResourcesLocked app.getDisplayId() return callback.displayId:-1
06-10 19:28:07.124 26518 26518 D ResourcesManagerExtImpl: applyConfigurationToAppResourcesLocked app.getDisplayId() return callback.displayId:-1
06-10 19:28:07.164  3300  3721 D VRR [OPlusSAManager]: handleAmbChange mAmbientOK: false
06-10 19:28:07.164  3300  3721 D VRR [OPlusSAManager]: updateAutoMinfps for 4630946283567114626 with nits: 278.018, mHistOK true, mAmbientOK false, mCctOK false, mIrOK false, mBrightnessOK true, isPkgOK true, SA min fps: 0
06-10 19:28:07.210  3300  5267 I ActivityManager: Flag disabled. Ignoring finishAttachApplication from uid: 10160. pid: 26538
06-10 19:28:07.320  3300  4464 I ActivityManager: Death received, pid = 26538, processName = com.google.android.apps.maps:server_recovery_process_scheduled for thread android.os.BinderProxy@8df6d19
06-10 19:28:07.320  3300  4508 I ActivityManager: Process com.google.android.apps.maps:server_recovery_process_scheduled (pid 26538) has died: cch+5 CEM 
06-10 19:28:07.794  3300  5721 W PackageManager: package com.instagram.barcelona uid 10360 pid 26518 call SetEnabledSetting(com.instagram.barcelona component = com.instagram.barcelona.widget.trends.TrendsWidgetReceiver, 2, 0)
06-10 19:28:07.795  3300  5721 W PackageManager: package com.instagram.barcelona uid 10360 pid 26518 call SetEnabledSetting(com.instagram.barcelona component = com.instagram.barcelona.widget.shortcuts.ShortcutsWidgetReceiver, 2, 0)
06-10 19:28:07.808  3300  3957 V AlarmManager: sending alarm Alarm{3ac594a type 1 origWhen 1781099887809 whenElapsed 307801274 android} uid 1000 whenElapsed 307801274 windowLength 0 maxWhenElapsed 307801274 repeatInterval 0 action null component null tag StorgaeBandInfoAlarmTag flags 0x9 procName system_server
06-10 19:28:07.853  3300  5721 D ShortcutService: rescanPackageIfNeeded 0@com.instagram.barcelona, forceRescan=false , isNewApp=false
06-10 19:28:07.861  3300  5721 D ShortcutService: rescanPackageIfNeeded 0@com.instagram.barcelona, forceRescan=false , isNewApp=false
06-10 19:28:07.864  3300  5267 D ShortcutService: rescanPackageIfNeeded 0@com.instagram.barcelona, forceRescan=false , isNewApp=false
06-10 19:28:07.940  3300  5267 I ActivityManager: Flag disabled. Ignoring finishAttachApplication from uid: 10360. pid: 26518
06-10 19:28:07.946  4241 17730 D PowerMonitorNotifier: handleMessage: 20/0
06-10 19:28:07.967  3300  3595 D ShortcutService: Getting shortcuts for launcher= com.android.launcheruserId=0 pkg=com.instagram.barcelona
06-10 19:28:07.967  3300  4111 D ShortcutService: Saving package item com.instagram.barcelona to /data/system_ce/0/shortcut_service/packages/com.instagram.barcelona.xml
06-10 19:28:07.970  3300  4111 D ShortcutService: Persisting shortcuts from 0@com.instagram.barcelona
06-10 19:28:07.971  3300  4111 D ShortcutService: messages [DynIc-rStr]
06-10 19:28:07.971  3300  4111 D ShortcutService: post [DynIc-rStr]
06-10 19:28:07.973  3300  3595 D ShortcutService: Getting shortcuts for launcher= com.google.android.asuserId=0 pkg=com.instagram.barcelona
06-10 19:28:07.974  3300  3595 D ShortcutService: Getting shortcuts for launcher= com.android.systemuiuserId=0 pkg=com.instagram.barcelona
06-10 19:28:07.990  3300  5267 W PackageManager: package com.instagram.barcelona uid 10360 pid 26518 call SetEnabledSetting(com.instagram.barcelona component = com.instagram.push.FbnsInitBroadcastReceiver, 1, 0)
06-10 19:28:07.993  3300  5267 W PackageManager: package com.instagram.barcelona uid 10360 pid 26518 call SetEnabledSetting(com.instagram.barcelona component = com.facebook.rti.pushv2.inapp.InappFbnsService, 1, 0)
06-10 19:28:07.996  3300  5267 W ActivityManager: Background start not allowed: service Intent { act=Orca.START xflg=0x4 cmp=com.instagram.barcelona/com.facebook.rti.pushv2.inapp.InappFbnsService (has extras) mCallingUid=10360 } to com.instagram.barcelona/com.facebook.rti.pushv2.inapp.InappFbnsService from pid=26518 uid=10360 pkg=com.instagram.barcelona startFg?=false
06-10 19:28:09.538  3300  3652 D BatteryStatsImplExtImpl: mActiveProcesses size = 58
06-10 19:28:09.540  3300  3652 D BatteryStatsImplExtImpl: rpmhStats is null or interval time is too short.
06-10 19:28:09.570  3300  3721 D VRR [OPlusSAManager]: handleAmbChange mAmbientOK: true
06-10 19:28:09.570  3300  3721 D VRR [OPlusSAManager]: updateAutoMinfps for 4630946283567114626 with nits: 278.018, mHistOK true, mAmbientOK true, mCctOK false, mIrOK false, mBrightnessOK true, isPkgOK true, SA min fps: 0
06-10 19:28:09.811  3300  3957 V AlarmManager: sending alarm Alarm{8cb4957 type 1 origWhen 1781099889810 whenElapsed 307803276 android} uid 1000 whenElapsed 307803276 windowLength 0 maxWhenElapsed 307803276 repeatInterval 0 action null component null tag StorgaeBandInfoAlarmTag flags 0x9 procName system_server
06-10 19:28:10.155  3300  3818 D osense.compress: com.twitter.android do shrink, target ratio = 45, final ratio = 90, cur ratio = 0
06-10 19:28:11.536  3300  3957 V AlarmManager: sending alarm Alarm{815e662 type 3 origWhen 307805000 whenElapsed 307805000 android} uid 1000 whenElapsed 307805000 windowLength 0 maxWhenElapsed 307805000 repeatInterval 0 action null component null tag StatsCompanionService.periodic flags 0x9 procName system_server
06-10 19:28:11.811 26530 26530 W ContextImpl: Calling a method in the system process without a qualified user: android.app.ContextImpl.startService:2032 android.content.ContextWrapper.startService:865 com.heytap.mcs.biz.statistics.StaticProcessTrackStatusManager.exitCurrentProcess:11 com.heytap.mcs.biz.statistics.StaticProcessTrackStatusManager$1.handleMessage:3 android.os.Handler.dispatchMessage:111 
06-10 19:28:11.817  3300  3957 V AlarmManager: sending alarm Alarm{2ef7fdc type 1 origWhen 1781099891817 whenElapsed 307805283 android} uid 1000 whenElapsed 307805283 windowLength 0 maxWhenElapsed 307805283 repeatInterval 0 action null component null tag StorgaeBandInfoAlarmTag flags 0x9 procName system_server
06-10 19:28:11.823  3300  5269 D OplusProxyWakeLock: check proxy  [ 10313] owner wakelock failed, reason:WORKCHAIN
06-10 19:28:11.853  3300  5721 I ActivityManager: Death received, pid = 26530, processName = com.heytap.mcs.statistics for thread android.os.BinderProxy@fe2bdc8
06-10 19:28:11.854  3300  4494 I ActivityManager: Process com.heytap.mcs.statistics (pid 26530) has died: fg  IMPF
06-10 19:28:11.858 26406 26406 I ActivityThread: Removing dead content provider:android.content.ContentProviderProxy@239a41b
06-10 19:28:12.174  3300  3957 V AlarmManager: sending alarm Alarm{6963d86 type 3 origWhen 307805637 whenElapsed 307805637 android} uid 1000 whenElapsed 307805637 windowLength 0 maxWhenElapsed 307805637 repeatInterval 0 action null component null tag StatsCompanionService.pull flags 0x9 procName system_server
06-10 19:28:12.230  3300  4027 V NetworkPolicy: updateNetworkEnabledNL() return
06-10 19:28:12.230  3300  4027 V NetworkPolicy: updateNotificationsNL not process
06-10 19:28:12.393  3300  5721 W StatsPullAtomService: error reading Bluetooth stats: 9
06-10 19:28:12.487  3300  5721 E OCvtSystemService: Cannot get map: android.system.ErrnoException: nativeBpfFdGet failed: ENOENT (No such file or directory)
06-10 19:28:12.775  3300  3818 D osense.compress: com.kalori.calorie do shrink, target ratio = 10, final ratio = 20, cur ratio = 0
06-10 19:28:13.379  3300  3705 D PowerManagerService: userActivityNoUpdateLocked: groupId=0, eventTime=150096976, event=touch, flags=0x0, uid=1000
06-10 19:28:13.384  3300  3626 W QosScheduler: executeSceneQosStrategy failed! qos feature no enable
06-10 19:28:13.415  4514  4584 D WindowManagerShell: setLauncherKeepClearAreaHeight: visible=false, height=227
06-10 19:28:13.452  3300  3596 D OplusPanoramaWorkBranchController: notifyMotionUpOrCancel
06-10 19:28:13.821  3300  3957 V AlarmManager: sending alarm Alarm{8d03dc2 type 1 origWhen 1781099893822 whenElapsed 307807287 android} uid 1000 whenElapsed 307807287 windowLength 0 maxWhenElapsed 307807287 repeatInterval 0 action null component null tag StorgaeBandInfoAlarmTag flags 0x9 procName system_server
06-10 19:28:13.953  3300  3596 D WindowManager: rotation(ROTATION_0) no changed  displayId = 0, lastOrientation = 5
06-10 19:28:14.204  3300  3705 D PowerManagerService: userActivityNoUpdateLocked: groupId=0, eventTime=150097812, event=touch, flags=0x0, uid=1000
06-10 19:28:14.204  3300  5721 D QuickBackInputPolicy: isInMultiWindowMode and isInSplitScreen is: false isZoomMode is: false isMultiWindowModeInPocketStudio is: false isEmbeddedInLauncherActivity is: false
06-10 19:28:14.204  3300  5721 D QuickBackInputPolicy: hasMultiChildrenInTask: false
06-10 19:28:14.204  3300  5721 D QuickBackInputPolicy: shouldTriggerBackKeyEvent focusWin=Window{6a9cdc0 u0 com.android.launcher/com.android.launcher.Launcher}, topFullscreenOpaqueWindow=Window{6a9cdc0 u0 com.android.launcher/com.android.launcher.Launcher}, mLaunchEndTimePair=null, processRunning=true, timeThreshold is: 0, lastRemoteFromAssistant = false
06-10 19:28:14.205  3300  5721 D QuickBackInputPolicy: canInterceptKeyEventToHome Window:Window{6a9cdc0 u0 com.android.launcher/com.android.launcher.Launcher}, do nothing!
06-10 19:28:14.222  3300  3626 I UserAwareMgr: event is already released: SceneEvent{id=3001, maxWorkDurationMs=15000, caller='[systemui]', eventFlags=0, fbPriority=1, keyThreads=[KeyThread{name=GestureUI, owner=systemui, schedPolicy=ux, priority=HEAVY, maxThreadCount=1}, KeyThread{name=RenderThread, owner=systemui, schedPolicy=ux, priority=HEAVY, maxThreadCount=1}, KeyThread{name=HwUiTask, owner=systemui, schedPolicy=ux, priority=LIGHT, maxThreadCount=1}], vipBinderGroup=null}, callingPid: 4514, appPid: 0
06-10 19:28:14.223  4514  4584 D ShellBackPreview: Finishing gesture with event action: 3
06-10 19:28:14.223  4514  4584 D ShellBackPreview: onGestureFinished() mTriggerBack == false
06-10 19:28:14.223  4514  4584 D ShellBackPreview: BackAnimationController: finishBackNavigation()
06-10 19:28:14.246  3300  5721 I WindowManager: addWindow: New client android.os.BinderProxy@2601c3c : window=Window{dee7dc5 u0 PopupWindow:b964e16}
06-10 19:28:14.253  3300  5721 D QuickBackInputPolicy: hasMultiChildrenInTask: false
06-10 19:28:14.253  3300  5721 D WindowManager: NFW_findFocusedWindowIfNeeded:Window{6a9cdc0 u0 com.android.launcher/com.android.launcher.Launcher} mCurrentFocus:Window{6a9cdc0 u0 com.android.launcher/com.android.launcher.Launcher}
06-10 19:28:14.282  3300  5721 I VibratorManagerServiceExtImpl: vibrate is uid=10202, pid=0, opPkg=com.android.launcher, effect=Mono{mEffect=Composed{segments=[OplusVibrationEffectSegment{mEffectId=0, mEffectStrength=-1, mRingtonePath=''}], repeat=-1}}, attributes=VibrationAttributes{mUsage=TOUCH, mAudioUsage= USAGE_UNKNOWN, mFlags=0}, reason=performHapticFeedback(constant=308): ViewRootImpl#performHapticFeedback, token=226231888
06-10 19:28:14.285  3300  3953 W VibrationScaler: Got unexpected vibration intensity: 2000
06-10 19:28:14.285  3300  3953 D VibrationThread: Perform OplusPrebakedSegment{mWaveformId=1, mDuration=35, mEffectStrength=2000, mDefaultUsage=TOUCH} on vibrator 0
06-10 19:28:14.288  3300  5721 I WindowManager: addWindow: New client android.os.BinderProxy@e30c028 : window=Window{c3e3141 u0 PopupWindow:b964e16}
06-10 19:28:14.292  3300  5721 D QuickBackInputPolicy: hasMultiChildrenInTask: false
06-10 19:28:14.292  3300  5721 D WindowManager: NFW_findFocusedWindowIfNeeded:Window{6a9cdc0 u0 com.android.launcher/com.android.launcher.Launcher} mCurrentFocus:Window{6a9cdc0 u0 com.android.launcher/com.android.launcher.Launcher}
06-10 19:28:14.297  3300  5721 I VibratorManagerServiceExtImpl: vibrate is uid=10202, pid=0, opPkg=com.android.launcher, effect=Mono{mEffect=Composed{segments=[OplusVibrationEffectSegment{mEffectId=0, mEffectStrength=-1, mRingtonePath=''}], repeat=-1}}, attributes=VibrationAttributes{mUsage=TOUCH, mAudioUsage= USAGE_UNKNOWN, mFlags=0}, reason=performHapticFeedback(constant=308): ViewRootImpl#performHapticFeedback, token=226231888
06-10 19:28:14.309  3300  3705 D PowerManagerService: userActivityNoUpdateLocked: groupId=0, eventTime=150097916, event=touch, flags=0x0, uid=1000
06-10 19:28:14.328  3300  3953 W VibrationScaler: Got unexpected vibration intensity: 2000
06-10 19:28:14.328  3300  3953 D VibrationThread: Perform OplusPrebakedSegment{mWaveformId=1, mDuration=35, mEffectStrength=2000, mDefaultUsage=TOUCH} on vibrator 0
06-10 19:28:14.412  3300  3705 D PowerManagerService: userActivityNoUpdateLocked: groupId=0, eventTime=150098021, event=touch, flags=0x0, uid=1000
06-10 19:28:14.457  3300  5267 I WindowManager: addWindow: New client android.os.BinderProxy@7e5b6d4 : window=Window{67ba07d u0 PopupWindow:b964e16}
06-10 19:28:14.463  3300  5267 D QuickBackInputPolicy: hasMultiChildrenInTask: false
06-10 19:28:14.463  3300  5267 D WindowManager: NFW_findFocusedWindowIfNeeded:Window{6a9cdc0 u0 com.android.launcher/com.android.launcher.Launcher} mCurrentFocus:Window{6a9cdc0 u0 com.android.launcher/com.android.launcher.Launcher}
06-10 19:28:14.466  3300  5267 I VibratorManagerServiceExtImpl: vibrate is uid=10202, pid=0, opPkg=com.android.launcher, effect=Mono{mEffect=Composed{segments=[OplusVibrationEffectSegment{mEffectId=0, mEffectStrength=-1, mRingtonePath=''}], repeat=-1}}, attributes=VibrationAttributes{mUsage=TOUCH, mAudioUsage= USAGE_UNKNOWN, mFlags=0}, reason=performHapticFeedback(constant=308): ViewRootImpl#performHapticFeedback, token=226231888
06-10 19:28:14.468  3300  3953 W VibrationScaler: Got unexpected vibration intensity: 2000
06-10 19:28:14.469  3300  3953 D VibrationThread: Perform OplusPrebakedSegment{mWaveformId=1, mDuration=35, mEffectStrength=2000, mDefaultUsage=TOUCH} on vibrator 0
06-10 19:28:14.518  3300  3705 D PowerManagerService: userActivityNoUpdateLocked: groupId=0, eventTime=150098126, event=touch, flags=0x0, uid=1000
06-10 19:28:14.533  3300  5721 I WindowManager: addWindow: New client android.os.BinderProxy@3516c40 : window=Window{226c779 u0 PopupWindow:b964e16}
06-10 19:28:14.538  3300  5721 D QuickBackInputPolicy: hasMultiChildrenInTask: false
06-10 19:28:14.538  3300  5721 D WindowManager: NFW_findFocusedWindowIfNeeded:Window{6a9cdc0 u0 com.android.launcher/com.android.launcher.Launcher} mCurrentFocus:Window{6a9cdc0 u0 com.android.launcher/com.android.launcher.Launcher}
