06-10 19:27:15.293  3300  4966 E Biometrics/FingerprintProvider/FingerprintServiceProviderExtImpl: Current client is null
06-10 19:27:15.294  3300  3813 D WindowManager: Remove SleepToken: tag=keyguard, displayId=0
06-10 19:27:15.294  4514  4584 V WindowManagerShell: Transition requested (#2509): android.os.BinderProxy@f99898d TransitionRequestInfo { type = TO_BACK, triggerTask = null, pipChange = null, remoteTransition = null, displayChange = null, flags = 256, debugId = 2509 }
06-10 19:27:15.294  3300  3813 D ActivityTaskManager: Top Process State changed to PROCESS_STATE_TOP
06-10 19:27:15.294  3300  3813 D WindowManager:  setIsSleeping from  true to false this=Display{#0 state=ON size=1240x2772 ROTATION_0}
06-10 19:27:15.294  3300  4105 D BiometricScheduler: cancelAuthenticationOrDetection, requestId: 569
06-10 19:27:15.295  3300  3813 D RefreshRate: don't do app switch boost,mPickRefreshRateData is:com.android.server.wm.OplusRefreshRatePolicyImpl$PickRefreshRateData@cb3dc74 mLastPickedWin is:null
06-10 19:27:15.295  3300  3813 D ActivityTaskManager: setAppVisibility(Token{fadff6 ActivityRecord{46101819 u0 com.kalori.calorie/.MainActivity t13063}}, visible=true):  visible=false mVisibleRequested=false
06-10 19:27:15.296  3300  3813 D WindowManager: NFW_setClientVisible:ActivityRecord{46101819 u0 com.kalori.calorie/.MainActivity t13063} clientVisible:true
06-10 19:27:15.296  3300  3813 D ActivityTaskManager: setVisibility(Token{fadff6 ActivityRecord{46101819 u0 com.kalori.calorie/.MainActivity t13063}}, visible=true) defer commitVisibility for transition collecting
06-10 19:27:15.297  3300  3813 D ActivityTaskManager: NFW_setLastResumedActivityUncheckLocked:false r:ActivityRecord{46101819 u0 com.kalori.calorie/.MainActivity t13063} currentFocus:Window{6494838 u0 NotificationShade}
06-10 19:27:15.301  3300  3813 D WindowManager: rotation(ROTATION_0) no changed  displayId = 0, lastOrientation = -1
06-10 19:27:15.303  3300  4826 D OplusAppSwitchRuleInfo: generateActivityEnterInfo - launch_source_type =  , launch_source_traceid = 
06-10 19:27:15.304  3300  3626 I UserAwareMgr: handleScreenLockedChanged, shouldSleep: false,pids: [24594]
06-10 19:27:15.304  3300  3626 I UserAwareMgr: handleTopAppChanged: com.kalori.calorie, pid: 24594, uid: 10414
06-10 19:27:15.304  3300  3626 W UserAwareMgr: app is already on the top: {pkgName='com.kalori.calorie', serviceName='', procName=com.kalori.calorie, pid=24594, uid=10414, appId=0, owner='null', flags='bg', renderTid=24628, hwuiTids=[24796, 24798], glTids=null, threadInfos=null, mVideoActivityList=[], mStates=0}
06-10 19:27:15.304  3300  3626 W UserAwareMgr: top app not changed: com.kalori.calorie, pid: 24594
06-10 19:27:15.305  3300  3600 D OplusBatteryManager: getPsyBatteryRm: 1820
06-10 19:27:15.305  3300  3600 D BatteryStatsImplExtImpl: resumedUid:10414 resumedBatteryLevel:46  resumedPackage:com.kalori.calorie  resumedBatteryRealtimeCapacity:1820
06-10 19:27:15.305  3300  3813 D OplusStartingWindowManager: we don't revise window flags for third app
06-10 19:27:15.305  3300  3813 D ActivityTaskManager: validateStartingWindowTheme:  Pkg=com.kalori.calorie, Translucent=false, Floating=false, ShowWallpaper=false, Disable=false, LaunchSource=4, Prev=null, LaunchedFromPackage=com.android.shell
06-10 19:27:15.305  3300  3813 D ActivityTaskManager: addStartingWindow for ActivityRecord{46101819 u0 com.kalori.calorie/.MainActivity t13063}, mainWin=Window{1b0e2f u0 com.kalori.calorie/com.kalori.calorie.MainActivity}, mVisible=false, mVisibleRequested=true, drawn=false, mDestroying=false, state=RESUMED, isKeyguardLocked=false, isKeyguardGoingAway=true
06-10 19:27:15.306  3300  3813 D ActivityTaskManager: getStartingWindowType: , newTask=false, taskSwitch=true, processRunning=true, allowTaskSnapshot=true, activityCreated=true, activityAllDrawn=false, snapshot exist: false
06-10 19:27:15.306  3300  3813 D ActivityRecordExtImpl: handleStartingWindowForCompactWindow origin type:2, adjustType : 2
06-10 19:27:15.308  3300  3813 D WindowManager: setFrameRateStart invalid typeId return!
06-10 19:27:15.309  4514  4617 D PhoneStartingWindowTypeAlgorithm: preferredStartingWindowType newTask=false, taskSwitch=true, processRunning=true, allowTaskSnapshot=true, activityCreated=true, isSolidColorSplashScreen=true, legacySplashScreen=false, activityDrawn=false, windowless=false, topIsHome=false
06-10 19:27:15.309  4514  4617 D OplusShellStartingWindowManager: getReviseStartingWindowType not support, windowInfo is null
06-10 19:27:15.315 24594 24594 D ActivityThread: ComponentInfo{com.kalori.calorie/com.kalori.calorie.MainActivity} checkFinished=false 2
06-10 19:27:15.317  1321 12336 I keystore2: system/security/keystore2/src/authorization.rs:126 - on_device_unlocked(user_id=0, password.is_some()=false)
06-10 19:27:15.319 24594 24594 D ResourcesManagerExtImpl: applyConfigurationToAppResourcesLocked app.getDisplayId() return callback.displayId:0
06-10 19:27:15.321  3300  4966 D PowerManagerService: userActivityNoUpdateLocked: groupId=0, eventTime=150038932, event=other, flags=0x0, uid=10212
06-10 19:27:15.323  4514  4617 D OplusShellStartingWindowManager: adjustSuggestedWindowType originType: 3, wi: StartingWindowInfo{taskId=13063 targetActivityInfo=null displayId=0 topActivityType=1 preferredStartingWindowType=be mainWindowLayoutParams={(0,0)(fillxfill) sim={adjust=resize forwardNavigation} ty=BASE_APPLICATION fmt=TRANSLUCENT wanim=0x1030001
06-10 19:27:15.323  4514  4617 D OplusShellStartingWindowManager:   fl=LAYOUT_IN_SCREEN LAYOUT_INSET_DECOR SPLIT_TOUCH HARDWARE_ACCELERATED DRAWS_SYSTEM_BAR_BACKGROUNDS
06-10 19:27:15.323  4514  4617 D OplusShellStartingWindowManager:   pfl=NO_MOVE_ANIMATION FORCE_DRAW_STATUS_BAR_BACKGROUND FIT_INSETS_CONTROLLED
06-10 19:27:15.323  4514  4617 D OplusShellStartingWindowManager:   vsysui=LAYOUT_STABLE LAYOUT_FULLSCREEN
06-10 19:27:15.323  4514  4617 D OplusShellStartingWindowManager:   bhv=DEFAULT
06-10 19:27:15.323  4514  4617 D OplusShellStartingWindowManager:   fitSides=
06-10 19:27:15.323  4514  4617 D OplusShellStartingWindowManager:   frameRateBoostOnTouch=true
06-10 19:27:15.323  4514  4617 D OplusShellStartingWindowManager:   dvrrWindowFrameRateHint=true CLP[ ]} splashScreenThemeResId 7f0e00a2, exi: OplusStartingWindowExtendedInfo{mAppToken=android.os.BinderProxy@860d1af, mSupportSplashScreenPreview=false, mIsSystemApp=false, mIsExceptionListApp=false, mPreviewBitmap=null, mShouldDrawBackground=false, mForceLightMode=false, mForceNightMode=false, mNotSupportNightMode=false, mForcePreview=false, mForceBigIcon=false, mQuickStartingSurface=null, mForceSolidColorSplash=false}
06-10 19:27:15.323  4514  4617 D OplusShellStartingWindowManager: adjustSuggestedWindowType: skip no-system app and no-exception list app
06-10 19:27:15.325  3300  4892 V WindowManager: Relayout Window{1b0e2f u0 com.kalori.calorie/com.kalori.calorie.MainActivity}: viewVisibility=0, oldvis=8, req=1240x2772 , apr = 0, vsysui=LAYOUT_STABLE LAYOUT_FULLSCREEN, x=0, y=0
06-10 19:27:15.325  3300  4892 I WindowManager: Window{1b0e2f u0 com.kalori.calorie/com.kalori.calorie.MainActivity} state from NO_SURFACE to DRAW_PENDING; reason: resetDrawState
06-10 19:27:15.326  4514  4618 D ShellStartingWindow: getWindowAttrs SplashScreenWindowAttrs{ mWindowBgResId: 7f070065, mWindowBgColor: 0, mWindowBgImage: false, mSplashScreenIcon: false, mBrandingImage: false, mIconBgColor: 0, uiMode: 0}
06-10 19:27:15.326  4514  5999 D LinearmotorVibrator: vibrate: effect=WaveformEffect { d76c9bc, effectType=49, effectStrength=-1, effectLoop=false, ringtoneVibrateType=-1, isRingtoneCustomized=false, ringtoneFilePath=, strengthSettingEnabled=true, asynchronous=false, usageHint=0 }
06-10 19:27:15.326  4514  4618 W ShellStartingWindow: peekWindowBGColor mWindowBgColor:0 mWindowBgResId:2131165285 estimatedWindowBGColor:-16777216
06-10 19:27:15.326  4514  4618 I ShellStartingWindow: makeSplashScreenContentView themeBGColor: ff000000, isDark: true, last config hash: -107630361
06-10 19:27:15.326  4514  4618 D ShellStartingWindow: inconsize = 0
06-10 19:27:15.327  3300  4720 D LockSettingsService: [reportSuccessfulBiometricUnlock] isStrongBiometric = true, userId = 0
06-10 19:27:15.331  3300  4892 D WindowManager: NFW_findFocusedWindowIfNeeded:Window{6494838 u0 NotificationShade} mCurrentFocus:Window{6494838 u0 NotificationShade}
06-10 19:27:15.335  3300  3624 D RedLoggerExtImpl: New row inserted successfully.
06-10 19:27:15.335  3300  4112 D BackgroundInstallControlService: Package event received: 0
06-10 19:27:15.336  3300  5268 I AppSnapshotController: attachStartingWindow, win = Window{156e55a u0 Splash Screen com.kalori.calorie}, shouldAppSnapshot = false
06-10 19:27:15.336  3300  5268 D ActivityTaskManager: attachStartingWindow: mStartingData=SplashScreenStartingData{d6c4c68 removeAfterTransaction= 0},mStartingWindow=Window{156e55a u0 Splash Screen com.kalori.calorie}
06-10 19:27:15.336  3300  5268 I WindowManager: addWindow: New client android.os.BinderProxy@253c105 : window=Window{156e55a u0 Splash Screen com.kalori.calorie}
06-10 19:27:15.338 24594 24594 D VRI[MainActivity]: relayoutWindow result, sizeChanged:false, surfaceControlChanged:true, transformHintChanged:false, mSurfaceSize:Point(1240, 2772), mLastSurfaceSize:Point(1240, 2772), mWidth:1240, mHeight:2772, requestedWidth:1240, requestedHeight:2772, transformHint:0, installOrientation:0, displayRotation:0, isSurfaceValid:true, attr.flag:-2122252032, tmpFrames:ClientWindowFrames{frame=[0,0][1240,2772] display=[0,0][1240,2772] parentFrame=[0,0][0,0]}, relayoutAsync:false, mSyncSeqId:0
06-10 19:27:15.338  4514  9876 D LinearmotorVibrator: vibrate: effect=WaveformEffect { d5347a7, effectType=49, effectStrength=-1, effectLoop=false, ringtoneVibrateType=-1, isRingtoneCustomized=false, ringtoneFilePath=, strengthSettingEnabled=true, asynchronous=false, usageHint=0 }
06-10 19:27:15.338 24594 24594 W VRI[MainActivity]: updateBlastSurfaceIfNeeded, surfaceSize:Point(1240, 2772), lastSurfaceSize:Point(1240, 2772), format:-3, blastBufferQueue:null
06-10 19:27:15.338  3300  3600 D FlexibleTaskController: check task which not have enough child, isInSingleWhiteList:false isCloneTask:false
06-10 19:27:15.339  3300  5268 D LockSettingsService: [reportSuccessfulBiometricUnlock] isStrongBiometric = true, userId = 0
06-10 19:27:15.339  3300  4077 D PowerManagerService: userActivityNoUpdateLocked: groupId=0, eventTime=150038950, event=other, flags=0x0, uid=10212
06-10 19:27:15.339  3300  4460 I VibratorManagerServiceExtImpl: vibrate is uid=10212, pid=4514, opPkg=com.android.systemui, effect=Mono{mEffect=Composed{segments=[OplusVibrationEffectSegment{mEffectId=49, mEffectStrength=-1, mRingtonePath=''}], repeat=-1}}, attributes=VibrationAttributes{mUsage=UNKNOWN, mAudioUsage= USAGE_UNKNOWN, mFlags=0}, reason=null, token=114583681
06-10 19:27:15.341  3300  5268 V WindowManager: Relayout Window{156e55a u0 Splash Screen com.kalori.calorie}: viewVisibility=0, oldvis=0, req=1240x2772 , apr = 0, vsysui=, x=0, y=0
06-10 19:27:15.341  3300  5268 I WindowManager: Window{156e55a u0 Splash Screen com.kalori.calorie} state from NO_SURFACE to DRAW_PENDING; reason: resetDrawState
06-10 19:27:15.344  3300  6091 I VibratorManagerServiceExtImpl: vibrate is uid=10212, pid=4514, opPkg=com.android.systemui, effect=Mono{mEffect=Composed{segments=[OplusVibrationEffectSegment{mEffectId=49, mEffectStrength=-1, mRingtonePath=''}], repeat=-1}}, attributes=VibrationAttributes{mUsage=UNKNOWN, mAudioUsage= USAGE_UNKNOWN, mFlags=0}, reason=null, token=114583681
06-10 19:27:15.350  3300  5268 D WindowManager: NFW_findFocusedWindowIfNeeded:Window{6494838 u0 NotificationShade} mCurrentFocus:Window{6494838 u0 NotificationShade}
06-10 19:27:15.350  3300  4077 D CoreBackPreview: Window{156e55a u0 Splash Screen com.kalori.calorie}: Setting back callback OnBackInvokedCallbackInfo{mCallback=android.window.IOnBackInvokedCallback$Stub$Proxy@fccc5b2, mPriority=0, mIsAnimationCallback=false, mOverrideBehavior=0}
06-10 19:27:15.353  3300  4077 D RefreshRate: overrideWindowRefreshRate win Window{1b0e2f u0 com.kalori.calorie/com.kalori.calorie.MainActivity}, refreshRateId 2
06-10 19:27:15.354  4514  4617 W VRI[calorie]: updateBlastSurfaceIfNeeded, surfaceSize:Point(1240, 2772), lastSurfaceSize:Point(0, 0), format:-3, blastBufferQueue:null
06-10 19:27:15.370  3300  5402 D WindowManager: onSyncFinishedDrawing: Window{156e55a u0 Splash Screen com.kalori.calorie}
06-10 19:27:15.370  3300  5402 I WindowManager: finishDrawing skipLayout:false,syncSeqId=0,mPrepareSyncSeqId=0 Window{156e55a u0 Splash Screen com.kalori.calorie} com.android.server.wm.WindowManagerService.finishDrawingWindow:3192 com.android.server.wm.Session.finishDrawing:369 android.view.IWindowSession$Stub.onTransact:793 
06-10 19:27:15.370  3300  5402 I WindowManager: Window{156e55a u0 Splash Screen com.kalori.calorie} state from DRAW_PENDING to COMMIT_DRAW_PENDING; reason: finishDrawingLocked
06-10 19:27:15.374  3300  3601 I WindowManager: Window{156e55a u0 Splash Screen com.kalori.calorie} state from COMMIT_DRAW_PENDING to READY_TO_SHOW; reason: commitFinishDrawingLocked
06-10 19:27:15.374  3300  3601 D ActivityTaskManager: onStartingWindowDrawn: app=ProcessRecord{dbfc965 24594:com.kalori.calorie/u0a414}, mStartingData=SplashScreenStartingData{d6c4c68 removeAfterTransaction= 0}, finishing=false,mLaunchedFromBubble=false, mVisibleRequested=true, mDisplayContent=Display{#0 state=ON size=1240x2772 ROTATION_0}, isZoomMode=false
06-10 19:27:15.375  3300  3601 D ActivityTaskManager: commitVisibility: ActivityRecord{46101819 u0 com.kalori.calorie/.MainActivity t13063}: visible=true visibleRequested=true, isInTransition=true 
06-10 19:27:15.375  3300  3601 I WindowManager: Window{156e55a u0 Splash Screen com.kalori.calorie} state from READY_TO_SHOW to HAS_DRAWN; reason: performShowLocked
06-10 19:27:15.375  3300  3601 I WindowStateExtImpl: onSurfaceShowChange show = true mPackageName = com.kalori.calorie parentPkgName = com.kalori.calorie
06-10 19:27:15.376  3300  3601 D CoreBackPreview:  return markWindowHasDrawn mComposed: false  mWaitTransition: false
06-10 19:27:15.376  3300  3601 E OplusAppQuickStart_AppQuickStartController: not start from launcher transition:2509
06-10 19:27:15.376  3300  3601 D Transition: collectOrderChanges onTopTasksEnd: [Task{124ff7a #13063 type=standard I=com.kalori.calorie/.MainActivity}], reportedOnTop:null, mOnTopTasksStart: [Task{124ff7a #13063 type=standard I=com.kalori.calorie/.MainActivity}], TDA child: [Task{864d112 #2 type=undefined}, Task{f3a467f #12989 type=standard A=10358:fr.brickoft.soundiiz}, Task{5afa76f #13016 type=standard I=com.google.android.apps.docs/.common.openurl.DriveOpenUrlActivityAlias}, Task{ea7d35b #12996 type=standard A=10420:com.anthropic.claude}, Task{346e69c #13031 type=standard A=10272:com.google.android.apps.photos}, Task{38f8cb9 #12862 type=standard A=10318:com.reddit.frontpage}, Task{f2e4c2 #13040 type=standard A=10169:com.oneplus.deskclock nonResizable}, Task{a66981a #12963 type=standard A=10421:com.instagram.android}, Task{f7baa8d #13020 type=standard A=10319:com.linkedin.android}, Task{4105c98 #13046 type=standard A=10324:com.adobe.reader}, Task{aa1ec48 #13044 type=standard A=10324:com.adobe.reader}, Task{a4c5b0e #13041 type=standard A=10154:com.android.chrome}, Task{2bf393a #13048 type=standard A=10124:com.google.android.googlequicksearchbox.googleapp}, Task{a77999a #13018 type=standard I=com.navivibe.navivibe/com.ryanheise.audioservice.AudioServiceActivity}, Task{e694767 #13051 type=standard A=10161:com.google.android.gm}, Task{7af7f72 #13055 type=standard A=1000:com.android.settings.root}, Task{4ad73d4 #12851 type=standard A=10313:com.whatsapp}, Task{e38d5ca #1 type=home}, Task{124ff7a #13063 type=standard I=com.kalori.calorie/.MainActivity}]
06-10 19:27:15.376  3300  3601 D ContinuousTransitionController: updateAnimTargetIfNeed, open from launcher transition has displayArea target, remove it, ChangeInfo{8189903 container=DefaultTaskDisplayArea@253003789 flags=0x10}
06-10 19:27:15.376  3300  3601 D ContinuousTransitionController: cleanEndParentForChangeInfo, ChangeInfo{c6a4080 container=Task{124ff7a #13063 type=standard I=com.kalori.calorie/.MainActivity} flags=0x10}
06-10 19:27:15.376  3300  3601 D OplusFlexibleActivityTransitionManager: fixTransitType type result:4, targets: [ChangeInfo{c6a4080 container=Task{124ff7a #13063 type=standard I=com.kalori.calorie/.MainActivity} flags=0x10}]
06-10 19:27:15.378  3300  3601 D OplusTransitionAnimationManager: activityRecordCount0fullScreenArBeHindStartingWindow null
06-10 19:27:15.378  3300  3601 D QuickBackInputPolicy: resetInputInterceptState for remoteTransition: true
06-10 19:27:15.379  3300  3601 D OplusTransitionController: onTransactionReady, transition: 2509, info: {id=2509 t=TO_BACK f=0x100 trk=0 r=[0@Point(0, 0)] c=[{WCT{RemoteToken{e31a996 Task{124ff7a #13063 type=standard I=com.kalori.calorie/.MainActivity}}} m=TO_FRONT f=NONE leash=Surface(name=Task=13063)/@0x73d8afe sb=Rect(0, 0 - 1240, 2772) eb=Rect(0, 0 - 1240, 2772) epz=Point(1240, 2772) d=0 taskParent=-1}] 
06-10 19:27:15.379  3300  3601 D OplusTransitionController: extendInfo=[
06-10 19:27:15.379  3300  3601 D OplusTransitionController:  OplusTransitionExtendedInfo{mTmpFinishT=null, mInOplusCompatMode=false, mIsProcessRunning=true, mHasMismatchBoundsTarget=false, mRecentsController=null, mRemoteTransition=null, mIsTranslucentActivityToHome=false, mAvoidInterceptKeyEventToHome=false, mIsFromHome=false, mParentLeash=null, mBackAnimClosingLeash=null, mIsOplusAnimRes=false, mKeepBgForContinuous=false, mIsBalAllow=false, mTaskNotInRecent=false, mIsPredictiveBackAnim=false, mIsMergedWithPredictive=false, mIsLaunchFromSpruce=false, mIsLaunchFromDrive=false, mGlobalSearchPageSwitch=false, mNeedNoAlphaGlobalSearchScene=false, mAssistScreenShowing=false, mSwipeUpBrowserScreenShowing=false, mUserIdTransition=0
06-10 19:27:15.379  3300  3601 D OplusTransitionController: , mInRemoteScene=false, mInPreReady=false, mPreStart=false, mToken=null, mAbortByRemoteFromHome=false, mShellApplyToken=null, mRequestTransitionTaskId=-1, mAbortTransitionOnShell=0, mStartFromShortcut=false, mRemovedTaskId=-1, mTransitionInterruptType=0, mMergeSecondTaskId=-1, mTaskIdStartFromRecents=0, mTransitionId=2509, mCanUseSpringSlideAnim=false, mTransitionLaunchFrom=0, mFoldChangeType=-1, mAnimStartingPosition=[0, 0, 0, 0], mIsOpeningStkDialogActivity=false, mIsNeedApplyStartTForEmbedded=false, mMergeSecondTaskAnimation=false, mIsLaunchUnityStart=false, mIsLaunchFromAssistantByDefault=false, mSkipRemoteTransitionfalse, mIsStartFromKeyguard=false flags=0x0, mWCT=null, mIsOpenMergeToInValidPredictive=false}]}, targets : [ChangeInfo{c6a4080 container=Task{124ff7a #13063 type=standard I=com.kalori.calorie/.MainActivity} flags=0x10}], participants: {ActivityRecord{46101819 u0 com.kalori.calorie/.MainActivity t13063}}
06-10 19:27:15.386  3300  3624 D RedLoggerExtImpl: Deleted logs older than 7 days.
06-10 19:27:15.386  4514  6183 V WindowManagerShell: onTransitionReady(transaction=14173392326043)
06-10 19:27:15.387  3300  3601 D FlexibleWindowManagerService: onFlexibleWindowTaskAppeared: task = 13063, visible = true
06-10 19:27:15.387  3300  3601 D OplusFlexibleWindowMinimizedManagerHelper: onTaskAppered taskInfo:13063
06-10 19:27:15.387  3300  3601 D OplusFlexibleDragToSplitAnimController: visibleFlexibleTaskInfos delete:13063
06-10 19:27:15.387  3300  3601 E FlexibleWindowManagerService: notifyTaskObserverToAttachController not need to notify!
06-10 19:27:15.387  3300  3601 D FlexibleWindowManagerService: should not dispatch appeared task Task{124ff7a #13063 type=standard I=com.kalori.calorie/.MainActivity}
06-10 19:27:15.387  3300  3595 V WindowManager: Sent Transition (#2509) createdAt=06-10 19:27:15.292 via request=TransitionRequestInfo { type = TO_BACK, triggerTask = null, pipChange = null, remoteTransition = null, displayChange = null, flags = 256, debugId = 2509 }
06-10 19:27:15.387  3300  3595 V WindowManager:     startWCT=WindowContainerTransaction { changes= {} hops= [] errorCallbackToken=null taskFragmentOrganizer=null }
06-10 19:27:15.387  3300  3595 V WindowManager:     info={id=2509 t=TO_BACK f=0x100 trk=0 r=[0@Point(0, 0)] c=[
06-10 19:27:15.387  3300  3595 V WindowManager:         {WCT{RemoteToken{e31a996 Task{124ff7a #13063 type=standard I=com.kalori.calorie/.MainActivity}}} m=TO_FRONT f=NONE leash=Surface(name=Task=13063)/@0x73d8afe sb=Rect(0, 0 - 1240, 2772) eb=Rect(0, 0 - 1240, 2772) epz=Point(1240, 2772) d=0 taskParent=-1}
06-10 19:27:15.387  3300  3595 V WindowManager:     ] 
06-10 19:27:15.387  3300  3595 V WindowManager: extendInfo=[
06-10 19:27:15.387  3300  3595 V WindowManager:  OplusTransitionExtendedInfo{mTmpFinishT=null, mInOplusCompatMode=false, mIsProcessRunning=true, mHasMismatchBoundsTarget=false, mRecentsController=null, mRemoteTransition=null, mIsTranslucentActivityToHome=false, mAvoidInterceptKeyEventToHome=false, mIsFromHome=false, mParentLeash=null, mBackAnimClosingLeash=null, mIsOplusAnimRes=false, mKeepBgForContinuous=false, mIsBalAllow=false, mTaskNotInRecent=false, mIsPredictiveBackAnim=false, mIsMergedWithPredictive=false, mIsLaunchFromSpruce=false, mIsLaunchFromDrive=false, mGlobalSearchPageSwitch=false, mNeedNoAlphaGlobalSearchScene=false, mAssistScreenShowing=false, mSwipeUpBrowserScreenShowing=false, mUserIdTransition=0
06-10 19:27:15.387  3300  3595 V WindowManager: , mInRemoteScene=false, mInPreReady=false, mPreStart=false, mToken=null, mAbortByRemoteFromHome=false, mShellApplyToken=null, mRequestTransitionTaskId=-1, mAbortTransitionOnShell=0, mStartFromShortcut=false, mRemovedTaskId=-1, mTransitionInterruptType=0, mMergeSecondTaskId=-1, mTaskIdStartFromRecents=0, mTransitionId=2509, mCanUseSpringSlideAnim=false, mTransitionLaunchFrom=0, mFoldChangeType=-1, mAnimStartingPosition=[0, 0, 0, 0], mIsOpeningStkDialogActivity=false, mIsNeedApplyStartTForEmbedded=false, mMergeSecondTaskAnimation=false, mIsLaunchUnityStart=false, mIsLaunchFromAssistantByDefault=false, mSkipRemoteTransitionfalse, mIsStartFromKeyguard=false flags=0x0, mWCT=null, mIsOpenMergeToInValidPredictive=false}]}
06-10 19:27:15.389  4514  4584 V WindowManagerShell: onTransitionReady (#2509) android.os.BinderProxy@f99898d: {id=2509 t=TO_BACK f=0x100 trk=0 r=[0@Point(0, 0)] c=[
06-10 19:27:15.389  4514  4584 V WindowManagerShell:         {m=TO_FRONT f=NONE leash=Surface(name=Task=13063)/@0x2945452 sb=Rect(0, 0 - 1240, 2772) eb=Rect(0, 0 - 1240, 2772) epz=Point(1240, 2772) d=0 taskParent=-1}
06-10 19:27:15.389  4514  4584 V WindowManagerShell:     ] 
06-10 19:27:15.389  4514  4584 V WindowManagerShell: extendInfo=[
06-10 19:27:15.389  4514  4584 V WindowManagerShell:  OplusTransitionExtendedInfo{mTmpFinishT=null, mInOplusCompatMode=false, mIsProcessRunning=true, mHasMismatchBoundsTarget=false, mRecentsController=null, mRemoteTransition=null, mIsTranslucentActivityToHome=false, mAvoidInterceptKeyEventToHome=false, mIsFromHome=false, mParentLeash=null, mBackAnimClosingLeash=null, mIsOplusAnimRes=false, mKeepBgForContinuous=false, mIsBalAllow=false, mTaskNotInRecent=false, mIsPredictiveBackAnim=false, mIsMergedWithPredictive=false, mIsLaunchFromSpruce=false, mIsLaunchFromDrive=false, mGlobalSearchPageSwitch=false, mNeedNoAlphaGlobalSearchScene=false, mAssistScreenShowing=false, mSwipeUpBrowserScreenShowing=false, mUserIdTransition=0
06-10 19:27:15.389  4514  4584 V WindowManagerShell: , mInRemoteScene=false, mInPreReady=false, mPreStart=false, mToken=null, mAbortByRemoteFromHome=false, mShellApplyToken=null, mRequestTransitionTaskId=-1, mAbortTransitionOnShell=0, mStartFromShortcut=false, mRemovedTaskId=-1, mTransitionInterruptType=0, mMergeSecondTaskId=-1, mTaskIdStartFromRecents=0, mTransitionId=2509, mCanUseSpringSlideAnim=false, mTransitionLaunchFrom=0, mFoldChangeType=-1, mAnimStartingPosition=[0, 0, 0, 0], mIsOpeningStkDialogActivity=false, mIsNeedApplyStartTForEmbedded=false, mMergeSecondTaskAnimation=false, mIsLaunchUnityStart=false, mIsLaunchFromAssistantByDefault=false, mSkipRemoteTransitionfalse, mIsStartFromKeyguard=false flags=0x0, mWCT=null, mIsOpenMergeToInValidPredictive=false}]}
06-10 19:27:15.391  3300  3953 W VibrationScaler: Got unexpected vibration intensity: 2000
06-10 19:27:15.392  4514  4617 W VRI[calorie]: handleResized, msg:, frameChanged:false, configChanged:false, displayChanged:false, attachedFrameChanged:false, compatScaleChanged:false, pendingDragResizing=false
06-10 19:27:15.393  4514  4584 V WindowManagerShell: Playing animation for (#2509) android.os.BinderProxy@f99898d@0
06-10 19:27:15.393  4514  4584 V WindowManagerShell: start keyguard going-away transition, info = {id=2509 t=TO_BACK f=0x100 trk=0 r=[0@Point(0, 0)] c=[{m=TO_FRONT f=NONE leash=Surface(name=Task=13063)/@0x2945452 sb=Rect(0, 0 - 1240, 2772) eb=Rect(0, 0 - 1240, 2772) epz=Point(1240, 2772) d=0 taskParent=-1}] 
06-10 19:27:15.393  4514  4584 V WindowManagerShell: extendInfo=[
06-10 19:27:15.393  4514  4584 V WindowManagerShell:  OplusTransitionExtendedInfo{mTmpFinishT=null, mInOplusCompatMode=false, mIsProcessRunning=true, mHasMismatchBoundsTarget=false, mRecentsController=null, mRemoteTransition=null, mIsTranslucentActivityToHome=false, mAvoidInterceptKeyEventToHome=false, mIsFromHome=false, mParentLeash=null, mBackAnimClosingLeash=null, mIsOplusAnimRes=false, mKeepBgForContinuous=false, mIsBalAllow=false, mTaskNotInRecent=false, mIsPredictiveBackAnim=false, mIsMergedWithPredictive=false, mIsLaunchFromSpruce=false, mIsLaunchFromDrive=false, mGlobalSearchPageSwitch=false, mNeedNoAlphaGlobalSearchScene=false, mAssistScreenShowing=false, mSwipeUpBrowserScreenShowing=false, mUserIdTransition=0
06-10 19:27:15.393  4514  4584 V WindowManagerShell: , mInRemoteScene=false, mInPreReady=false, mPreStart=false, mToken=null, mAbortByRemoteFromHome=false, mShellApplyToken=null, mRequestTransitionTaskId=-1, mAbortTransitionOnShell=0, mStartFromShortcut=false, mRemovedTaskId=-1, mTransitionInterruptType=0, mMergeSecondTaskId=-1, mTaskIdStartFromRecents=0, mTransitionId=2509, mCanUseSpringSlideAnim=false, mTransitionLaunchFrom=0, mFoldChangeType=-1, mAnimStartingPosition=[0, 0, 0, 0], mIsOpeningStkDialogActivity=false, mIsNeedApplyStartTForEmbedded=false, mMergeSecondTaskAnimation=false, mIsLaunchUnityStart=false, mIsLaunchFromAssistantByDefault=false, mSkipRemoteTransitionfalse, mIsStartFromKeyguard=false flags=0x0, mWCT=null, mIsOpenMergeToInValidPredictive=false}]}
06-10 19:27:15.393  4514  4584 D KeyguardService: Starts IRemoteAnimationRunner: info={id=2509 t=TO_BACK f=0x100 trk=0 r=[0@Point(0, 0)] c=[{m=TO_FRONT f=NONE leash=Surface(name=Task=13063)/@0x2945452 sb=Rect(0, 0 - 1240, 2772) eb=Rect(0, 0 - 1240, 2772) epz=Point(1240, 2772) d=0 taskParent=-1}] 
06-10 19:27:15.393  4514  4584 D KeyguardService: extendInfo=[
06-10 19:27:15.393  4514  4584 D KeyguardService:  OplusTransitionExtendedInfo{mTmpFinishT=null, mInOplusCompatMode=false, mIsProcessRunning=true, mHasMismatchBoundsTarget=false, mRecentsController=null, mRemoteTransition=null, mIsTranslucentActivityToHome=false, mAvoidInterceptKeyEventToHome=false, mIsFromHome=false, mParentLeash=null, mBackAnimClosingLeash=null, mIsOplusAnimRes=false, mKeepBgForContinuous=false, mIsBalAllow=false, mTaskNotInRecent=false, mIsPredictiveBackAnim=false, mIsMergedWithPredictive=false, mIsLaunchFromSpruce=false, mIsLaunchFromDrive=false, mGlobalSearchPageSwitch=false, mNeedNoAlphaGlobalSearchScene=false, mAssistScreenShowing=false, mSwipeUpBrowserScreenShowing=false, mUserIdTransition=0
06-10 19:27:15.393  4514  4584 D KeyguardService: , mInRemoteScene=false, mInPreReady=false, mPreStart=false, mToken=null, mAbortByRemoteFromHome=false, mShellApplyToken=null, mRequestTransitionTaskId=-1, mAbortTransitionOnShell=0, mStartFromShortcut=false, mRemovedTaskId=-1, mTransitionInterruptType=0, mMergeSecondTaskId=-1, mTaskIdStartFromRecents=0, mTransitionId=2509, mCanUseSpringSlideAnim=false, mTransitionLaunchFrom=0, mFoldChangeType=-1, mAnimStartingPosition=[0, 0, 0, 0], mIsOpeningStkDialogActivity=false, mIsNeedApplyStartTForEmbedded=false, mMergeSecondTaskAnimation=false, mIsLaunchUnityStart=false, mIsLaunchFromAssistantByDefault=false, mSkipRemoteTransitionfalse, mIsStartFromKeyguard=false flags=0x0, mWCT=null, mIsOpenMergeToInValidPredictive=false}]}
06-10 19:27:15.397  4514  4584 V WindowManagerShell:  animated by com.android.wm.shell.keyguard.KeyguardTransitionHandler@fe7cc39
06-10 19:27:15.403  3300  3953 W VibrationScaler: Got unexpected vibration intensity: 2000
06-10 19:27:15.403  3300  3953 D VibrationThread: Perform OplusPrebakedSegment{mWaveformId=4, mDuration=80, mEffectStrength=2000, mDefaultUsage=TOUCH} on vibrator 0
06-10 19:27:15.405  3300  6091 I BLASTSyncEngine: onCommitted syncId: 2509, timeout: false ran: false
06-10 19:27:15.411  3300  3626 I UserAwareMgr: event is already released: SceneEvent{id=3104, maxWorkDurationMs=1000, caller='[systemui]', eventFlags=0, fbPriority=1, keyThreads=[KeyThread{name=RenderThread, owner=systemui, schedPolicy=ux, priority=HEAVY, maxThreadCount=1}], vipBinderGroup=null}, callingPid: 4514, appPid: 0
06-10 19:27:15.419  3300  5402 D OplusStartingWindowManager: updateRecordSurfaceViewState windowToken = android.os.BinderProxy@f20640e, surfaceState = true, attachedToWindow = true, inList = false, win = Window{1b0e2f u0 com.kalori.calorie/com.kalori.calorie.MainActivity}
06-10 19:27:15.424  3300  3624 D RedLoggerExtImpl: New row inserted successfully.
06-10 19:27:15.428  3300  3624 D RedLoggerExtImpl: Deleted logs older than 7 days.
06-10 19:27:15.441  3300  3953 D VibratorController: perform cost 36 ms
06-10 19:27:15.443  3300  3624 V ALSProbe: Disable ALS: 46904914
06-10 19:27:15.454  3300  3624 V ALSProbe: Disable ALS: 98983117
06-10 19:27:15.457  3300  6091 D OplusWallpaperAnimationManager: cancelSurfaceAnimation reason: move_animation, isAnimating: false, by window: Window{6494838 u0 NotificationShade}
06-10 19:27:15.458  3300  6091 D OplusWallpaperAnimationManager: setWallpaperScale, onAnimationStopped
06-10 19:27:15.458  3300  6091 V OplusWallpaperAnimationManager: setWallpaperScale scale: 1.0, targetZoom: 1.0, by Window{6494838 u0 NotificationShade}
06-10 19:27:15.456  3300 26031 W CameraService_proxy: Unknown extension type: -1
06-10 19:27:15.462  3300  3602 D OplusWallpaperSurfaceAnimation: updateParameters unavailable: frame: null parentFrame: null, return
06-10 19:27:15.463  3300  3602 I WallpaperControllerExtImpl: begin setLockWallpaperZoomOut zoom: 1.0, by Window{6494838 u0 NotificationShade}
06-10 19:27:15.470  3300  3300 D VRR [OPlusExternalRefreshRateManager]: setStatus with: 0
06-10 19:27:15.471  3300  3300 D RefreshRate: keepHighRefreshRate status=0: votes=PRIORITY_WINDOW_REQUEST -> Vote{mRefreshRate=120.0, mMinRefreshRate=120.0, mRequestSource=null};
06-10 19:27:15.488  3300  3627 I WallpaperControllerExtImpl: setLockWallpaperZoomOut zoom: 1.0, by Window{6494838 u0 NotificationShade}
06-10 19:27:15.492  3300  4460 I WindowManager: Window{1b0e2f u0 com.kalori.calorie/com.kalori.calorie.MainActivity} state from DRAW_PENDING to COMMIT_DRAW_PENDING; reason: finishDrawingLocked
06-10 19:27:15.494  4514  4514 W VRI[StatusBar]: handleResized abandoned!
06-10 19:27:15.494  4514  4514 W VRI[NotificationShade]: handleResized abandoned!
06-10 19:27:15.494  4514  4514 W VRI[NavigationBar_displayId_0]: handleResized abandoned!
06-10 19:27:15.494  4514  5194 W VRI[OnScreenFingerprintDimLayer]: handleResized abandoned!
06-10 19:27:15.494  4514  5194 W VRI[OnScreenFingerprintIcon]: handleResized abandoned!
06-10 19:27:15.494  4514  5194 W VRI[OnScreenFingerprintPressedIcon]: handleResized abandoned!
06-10 19:27:15.496  3300  3601 I WindowManager: Window{1b0e2f u0 com.kalori.calorie/com.kalori.calorie.MainActivity} state from COMMIT_DRAW_PENDING to READY_TO_SHOW; reason: commitFinishDrawingLocked
06-10 19:27:15.496  3300  3601 D CoreBackPreview:  return markWindowHasDrawn mComposed: false  mWaitTransition: false
06-10 19:27:15.496  3300  3601 D ActivityTaskManager: Finish StartingWindow: ActivityRecord{46101819 u0 com.kalori.calorie/.MainActivity t13063}first real window is shown
06-10 19:27:15.497  3300  3601 D ActivityTaskManager: removeStartingWindowAnimation starting ActivityRecord{46101819 u0 com.kalori.calorie/.MainActivity t13063} startingWindow=null ,startingView=com.android.server.wm.StartingSurfaceController$StartingSurface@6d30686,Callers=com.android.server.wm.ActivityRecord.removeStartingWindow:3392 com.android.server.wm.ActivityRecord.onFirstWindowDrawn:8062 com.android.server.wm.WindowState.performShowLocked:4914 com.android.server.wm.WindowStateAnimator.commitFinishDrawingLocked:403 com.android.server.wm.DisplayContent.lambda$new$8:1150 
06-10 19:27:15.497  3300  3601 D OplusStartingWindowManager: interceptRemoveStartingWindow: packageName=com.kalori.calorie,  componentName=com.kalori.calorie/.MainActivity, isSnapshot=false, startingSurfaceRunnable=null, isDrawCompleted=false, hasSurfaceView=false, inTransition=true
06-10 19:27:15.497  3300  3601 D OplusSplitScreenDnDUI: notifyRemoveStartingWindow isSpitScreenDrag = false mDropTargetSurface = null StartingWindowpkgName = com.kalori.calorie DragPkg = null isLauncherResume = false
06-10 19:27:15.497  3300  3601 D OplusStartingWindowManager: interceptRemoveStartingWindow: hasSplashWindowFlag() return false for activity=ActivityRecord{46101819 u0 com.kalori.calorie/.MainActivity t13063}
06-10 19:27:15.498  3300  3601 D WindowManager: setFrameRateStart invalid typeId return!
06-10 19:27:15.499  3300  3601 D QuickBackInputPolicy: setAppLaunchEndTime update timePair=Pair{ActivityRecord{46101819 u0 com.kalori.calorie/.MainActivity t13063} 150039111}
06-10 19:27:15.499  3300  3601 I WindowManager: Window{1b0e2f u0 com.kalori.calorie/com.kalori.calorie.MainActivity} state from READY_TO_SHOW to HAS_DRAWN; reason: performShowLocked
06-10 19:27:15.502  3300  3601 D CoreBackPreview:  return markWindowHasDrawn mComposed: false  mWaitTransition: false
06-10 19:27:15.509  4514 14346 W VRI[OplusFrontCameraPinholeView]: handleResized abandoned!
06-10 19:27:15.523  3300  3705 D PowerManagerService: userActivityNoUpdateLocked: groupId=0, eventTime=150039129, event=touch, flags=0x0, uid=1000
06-10 19:27:15.527  3300  5234 V WindowManager: Relayout Window{91974a1 u0 OnScreenFingerprintDimLayer}: viewVisibility=8, oldvis=0, req=1240x2772 , apr = 0, vsysui=LAYOUT_STABLE LAYOUT_HIDE_NAVIGATION
06-10 19:27:15.530  3300  5234 I WindowManager: Window{91974a1 u0 OnScreenFingerprintDimLayer} state from HAS_DRAWN to NO_SURFACE; reason: destroySurface
06-10 19:27:15.538  3300  3638 W ActivityManager: Slow operation: 51ms so far, now at startProcess: done updating battery stats
06-10 19:27:15.538  3300  3638 W ActivityManager: Slow operation: 51ms so far, now at startProcess: building log message
06-10 19:27:15.538  3300  3638 I ActivityManager: Start proc 26039:com.google.android.dialer/u0a250 for service {com.google.android.dialer/androidx.work.impl.background.systemjob.SystemJobService}
06-10 19:27:15.538  3300  3638 W ActivityManager: Slow operation: 51ms so far, now at startProcess: starting to update pids map
06-10 19:27:15.538  3300  3638 W ActivityManager: Slow operation: 51ms so far, now at startProcess: done updating pids map
06-10 19:27:15.540  3300  3818 I MemoryOperationUtils: add 26039 to com.google.android.dialer
06-10 19:27:15.541  3300  3596 I ActivityManager: ProcessObserver broadcast disabled
06-10 19:27:15.545  3300  5234 D WindowManager: NFW_findFocusedWindowIfNeeded:Window{6494838 u0 NotificationShade} mCurrentFocus:Window{6494838 u0 NotificationShade}
06-10 19:27:15.548  3300  3596 D OplusPanoramaWorkBranchController: notifyMotionUpOrCancel
06-10 19:27:15.556  3300  3718 D OplusBrightnessPhoneStateManager: LuxEvent{event:MAIN_LUX lux:32.175} -> LuxEvent{event:MAIN_LUX lux:32.175}
06-10 19:27:15.560  3300  3813 V WindowManager: Relayout Window{b726b80 u0 OnScreenFingerprintIcon}: viewVisibility=8, oldvis=0, req=1240x1240 , apr = 0, vsysui=
06-10 19:27:15.561  3300  3813 I WindowManager: Window{b726b80 u0 OnScreenFingerprintIcon} state from HAS_DRAWN to NO_SURFACE; reason: destroySurface
06-10 19:27:15.563  3300  3813 D WindowManager: NFW_findFocusedWindowIfNeeded:Window{6494838 u0 NotificationShade} mCurrentFocus:Window{6494838 u0 NotificationShade}
06-10 19:27:15.565  3300  5234 D ActivityManager: Cancel freezing 25525 com.google.android.gms
06-10 19:27:15.567  3300  3813 V WindowManager: Relayout Window{3543262 u0 OnScreenFingerprintPressedIcon}: viewVisibility=8, oldvis=0, req=195x195 , apr = 0, vsysui=
06-10 19:27:15.569  3300  3813 I WindowManager: Window{3543262 u0 OnScreenFingerprintPressedIcon} state from HAS_DRAWN to NO_SURFACE; reason: destroySurface
06-10 19:27:15.571  3300  3813 D VRR [OPlusRefreshRatePolicy]: setRefreshRatePolicy policy=POLICY_FOD, refreshRate=120, statusOn=false
06-10 19:27:15.571  3300  3813 D VRR [OPlusRefreshRatePolicy]: setRefreshRatePolicy policy=POLICY_SYSTEM, refreshRate=120, statusOn=true
06-10 19:27:15.572  3300  3813 D WindowManager: NFW_findFocusedWindowIfNeeded:Window{6494838 u0 NotificationShade} mCurrentFocus:Window{6494838 u0 NotificationShade}
06-10 19:27:15.574  3300  3600 D DisplayManagerServiceExtImpl: scheduleTraversalLocked intraversal=false
06-10 19:27:15.574  3300  3600 D DisplayManagerService: MSG_REQUEST_TRAVERSAL pendingCompleted=false
06-10 19:27:15.576  3300  3601 D DisplayManagerService: performTraversalInternal pendingTraversal
06-10 19:27:15.576  3300  3601 D DisplayDevice: setLayerStackLocked id=local:4630946283567114626 token=android.os.BinderProxy@445c148 stack=0->0
06-10 19:27:15.576  3300  3721 D VRR [OPlusRefreshRateService]: handlePolicyChange policy: 1
06-10 19:27:15.576  3300  3721 D LocalDisplayAdapter: setDesiredDisplayModeSpecsAsync: display unique id = local:4630946283567114626, display mode specs = defaultMode=0 allowGroupSwitching=false primaryRanges=physical: (0.0 120.00001) render:  (0.0 120.00001) appRequestRanges=physical: (0.0 120.00001) render:  (0.0 120.00001) idleScreenRefreshRate=null
06-10 19:27:15.577  3300  3705 D HidlDisplayPanelFeature: getDisplayPanelInfo +++, featureID:251
06-10 19:27:15.577  3300  3705 D HidlDisplayPanelFeature: getDisplayPanelInfo, ret = -1
06-10 19:27:15.582  3300  5234 D ActivityManager: Async freezing 25525 com.google.android.gms
06-10 19:27:15.584  3300  3721 D VRR [OPlusExternalRefreshRateManager]:  [OTI] handleTouchIdlePauseState: Force
06-10 19:27:15.588  3300  3705 D HidlDisplayPanelFeature: getDisplayPanelInfo ---, result = null
06-10 19:27:15.588  3300  3705 W OplusScreenTimeEvent: can't get backlight time
06-10 19:27:15.594  3300  5402 D OplusStartingWindowManager: updateRecordSurfaceViewState windowToken = android.os.BinderProxy@579df91, surfaceState = false, attachedToWindow = true, inList = false, win = Window{5f115c7 u0 OplusFrontCameraPinholeView}
06-10 19:27:15.595  3300  6089 W ContextImpl: Calling a method in the system process without a qualified user: android.app.ContextImpl.sendBroadcast:1281 com.android.server.camera.OplusCameraStateBroadcast.notifyCameraState:52 com.android.server.camera.CameraServiceProxyExtImpl.extendNotifyCameraState:370 com.android.server.camera.CameraServiceProxy.updateActivityCount:1580 com.android.server.camera.CameraServiceProxy.-$$Nest$mupdateActivityCount:0 
06-10 19:27:15.605  3300  6089 I WindowManager: Window{5f115c7 u0 OplusFrontCameraPinholeView} state from HAS_DRAWN to NO_SURFACE; reason: destroySurface
06-10 19:27:15.607  3300  6089 D WindowManager: NFW_findFocusedWindowIfNeeded:Window{6494838 u0 NotificationShade} mCurrentFocus:Window{6494838 u0 NotificationShade}
06-10 19:27:15.612  4514  8059 E ActivityThread: Failed to find provider info for com.heytap.health.sporthealthprovider
06-10 19:27:15.619  3300  3957 V AlarmManager: sending alarm Alarm{8cebcd3 type 1 origWhen 1781099835619 whenElapsed 307749085 android} uid 1000 whenElapsed 307749085 windowLength 0 maxWhenElapsed 307749085 repeatInterval 0 action null component null tag StorgaeBandInfoAlarmTag flags 0x9 procName system_server
06-10 19:27:15.657  3300  3950 D ActivityManager: freezing 25313 com.google.android.gms.unstable
06-10 19:27:15.710  3300  3718 D OplusBrightnessPhoneStateManager: LuxEvent{event:MAIN_LUX lux:33.2625} -> LuxEvent{event:MAIN_LUX lux:33.2625}
06-10 19:27:15.718  3300  4107 V BiometricSchedulerOperation: started: {[1156] com.android.server.biometrics.sensors.face.aidl.FaceResetLockoutClient, proto=12, owner=android, cookie=0, requestId=-1, userId=0}, State: 2
06-10 19:27:15.718  3300  4107 E FaceResetLockoutClient: Error during resetLockout: 5
06-10 19:27:15.718  3300  4107 D BiometricSchedulerOperation: [Finished / destroy]: {[1156] com.android.server.biometrics.sensors.face.aidl.FaceResetLockoutClient, proto=12, owner=android, cookie=0, requestId=-1, userId=0}
06-10 19:27:15.718  3300  4107 D LockoutCache: Lockout for user: 0 is 0
06-10 19:27:15.720  3300  4107 D BiometricSchedulerOperation: [Finished / destroy]: {[1156] com.android.server.biometrics.sensors.face.aidl.FaceResetLockoutClient, proto=12, owner=android, cookie=0, requestId=-1, userId=0}
06-10 19:27:15.720  3300  4107 D BiometricScheduler: [Finishing] {[1156] com.android.server.biometrics.sensors.face.aidl.FaceResetLockoutClient, proto=12, owner=android, cookie=0, requestId=-1, userId=0}, success: false
06-10 19:27:15.720  3300  4107 D BiometricScheduler: No operations, returning to idle
06-10 19:27:15.720  3300  4107 E BiometricScheduler: [Finishing] {[1156] com.android.server.biometrics.sensors.face.aidl.FaceResetLockoutClient, proto=12, owner=android, cookie=0, requestId=-1, userId=0} but current operation is null, success: true, possible lifecycle bug in clientMonitor implementation?
06-10 19:27:15.726  3300  3721 D VRR [OPlusSAManager]: updateAutoMinfps for 4630946283567114626 with nits: 278.018, mHistOK true, mAmbientOK true, mCctOK true, mIrOK false, mBrightnessOK true, isPkgOK true, SA min fps: 0
06-10 19:27:15.750 24594 24594 W VRI[MainActivity]: handleResized, msg:, frameChanged:false, configChanged:false, displayChanged:false, attachedFrameChanged:false, compatScaleChanged:false, pendingDragResizing=false
06-10 19:27:15.764  3300 26031 W CameraService_proxy: Unknown extension type: -1
06-10 19:27:15.776  3300  5234 D CommonDcsUploader: notifyMsgToCommonDcs, logTag: 20120fingerprint_auth_dcsmsg
06-10 19:27:15.782  3300  5234 V WindowManager: Relayout Window{156e55a u0 Splash Screen com.kalori.calorie}: viewVisibility=8, oldvis=0, req=1240x2772 , apr = 0, vsysui=
06-10 19:27:15.783  3300  5234 D WindowManager: setFrameRateStart invalid typeId return!
06-10 19:27:15.786  3300  5234 D WindowManager: NFW_findFocusedWindowIfNeeded:Window{6494838 u0 NotificationShade} mCurrentFocus:Window{6494838 u0 NotificationShade}
06-10 19:27:15.787  3300  3813 I StatusBarManagerService: disableLocked, what:0, pkg:com.android.systemui userId: 0 token:android.os.BinderProxy@96535fd net1:0 net2:0
06-10 19:27:15.787  3300  3602 D SurfaceAnimationRunner: onAnimationStart:Surface(name=Surface(name=156e55a Splash Screen com.kalori.calorie)/@0xdbbed3c - animation-leash of window_animation)/@0x3b47ac5
06-10 19:27:15.789  3300  5234 D WindowManager: NFW_findFocusedWindowIfNeeded:Window{6494838 u0 NotificationShade} mCurrentFocus:Window{6494838 u0 NotificationShade}
06-10 19:27:15.792  3300  3600 D WindowManager: NFW_findFocusedWindowIfNeeded:Window{6494838 u0 NotificationShade} mCurrentFocus:Window{6494838 u0 NotificationShade}
06-10 19:27:15.792  3300  3813 D CoreBackPreview: Window{156e55a u0 Splash Screen com.kalori.calorie EXITING}: Setting back callback null
06-10 19:27:15.797  3300  4460 D ActivityTaskManager: setLockScreenShownLocked from true to false
06-10 19:27:15.798  3300  4460 D DeviceStateProviderImpl: keyguard show or sleep: false mLastReportedState 0
06-10 19:27:15.798  3300  5402 D LockSettingsService: [userPresent]  userId = 0
06-10 19:27:15.798  3300  4460 D OplusVisibleTasks:  notifyTasksNumChange no need to notify.
06-10 19:27:15.798  3300  4460 V FlexibleTaskController: notifyKeyguardStateChanged keyguardShowing = false ; displayId = 0
06-10 19:27:15.799  3300  5402 D OplusCustomizeRestrictionManagerService: isSuperPowerSavingModeDisabled Pid: 5150, Uid: 1000
06-10 19:27:15.799  3300  3300 D LockSettingsService: handleRequireStrongAuthOneUser oldValue: 0 newValue: 0 strongAuthReason: 0 userId: 0
06-10 19:27:15.800  3300  5402 D OplusCustomizeRestrictionManagerService: isSuperPowerSavingModeDisabled Pid: 5150, Uid: 1000
06-10 19:27:15.802  3300  3601 D WindowManager: setFrameRateStart invalid typeId return!
06-10 19:27:15.807  3300  3601 D OplusZoomTaskCloneController: onCameraOpened cameraId =:1
06-10 19:27:15.808  3300  3626 E QosSceneRecognizer[CameraScene]: handleCloseCamera: cameraId[1] is not ever opened!
06-10 19:27:15.808  3300  3718 D OplusFeatureTemperatureLimitBrightness: onCameraClosed, cameraId = 1
06-10 19:27:15.812  3300  3813 W ContextImpl: Calling a method in the system process without a qualified user: android.app.ContextImpl.sendBroadcast:1281 com.android.server.camera.OplusCameraStateBroadcast.notifyCameraState:52 com.android.server.camera.CameraServiceProxyExtImpl.extendNotifyCameraState:370 com.android.server.camera.CameraServiceProxy.updateActivityCount:1580 com.android.server.camera.CameraServiceProxy.-$$Nest$mupdateActivityCount:0 
06-10 19:27:15.812  3300  3960 D OplusSplitScreenManagerService: com.android.settings unSupportsSplitScreen by blockList or ForbidActivityList
06-10 19:27:15.812  3300  3960 D OplusSplitScreenManagerService: com.android.settings unSupportsSplitScreen by blockList or ForbidActivityList
06-10 19:27:15.813  3300  3600 V UsbDeviceManager: onKeyguardStateChanged: isShowing:false secure:true user:0
06-10 19:27:15.855  3300  3705 D PowerManagerService: userActivityNoUpdateLocked: groupId=0, eventTime=150039458, event=touch, flags=0x0, uid=1000
06-10 19:27:15.856  3300  3600 D OplusAccessControlManagerService: onKeyguardStateChanged : false
06-10 19:27:15.860 24594 24594 W VRI[MainActivity]: handleResized abandoned!
06-10 19:27:15.860  3300  3841 D OplusSmartDozeHelper: smartdozehelper isSupportSmartDoze: true
06-10 19:27:15.860  3300  3841 D DeviceIdleHelper: setSmartDozeMode: enable = false
06-10 19:27:15.860  3300  3841 D OplusSmartDozeHelper: exitSmartDoze: 
06-10 19:27:15.863 10264 10264 W VRI[OplusOSEdgeFloatBar]: handleResized abandoned!
06-10 19:27:15.870  3300  3718 D OplusBrightnessPhoneStateManager: LuxEvent{event:MAIN_LUX lux:36.125} -> LuxEvent{event:MAIN_LUX lux:36.125}
06-10 19:27:15.892  4514  4514 D KeyguardService: Finish IRemoteAnimationRunner.
06-10 19:27:15.896  3300  5234 D FaceProvider/default: Starting watchdog for face
06-10 19:27:15.896  3300  5234 E BiometricScheduler: Current operation is null,no need to start watchdog
06-10 19:27:15.901  4514  4584 V WindowManagerShell: Transition animation finished (aborted=false), notifying core (#2509) android.os.BinderProxy@f99898d@0
06-10 19:27:15.901  4514  4584 D SplitScreen-->AppLockManager: setStartFromSafeControl mStartFromSafeControl=false
06-10 19:27:15.905  3300  3813 D Transition: finishTransition ar ActivityRecord{46101819 u0 com.kalori.calorie/.MainActivity t13063}, isVisibleRequested=true, state=RESUMED, visibleAtTransitionEndTokens={ActivityRecord{46101819 u0 com.kalori.calorie/.MainActivity t13063}}, this=TransitionRecord{f63590a id=2509 track=0 type=TO_BACK flags=0x100 state=2 c=[
06-10 19:27:15.905  3300  3813 D Transition:    ChangeInfo{c6a4080 container=Task{124ff7a #13063 type=standard I=com.kalori.calorie/.MainActivity} flags=0x10}
06-10 19:27:15.905  3300  3813 D Transition:    ChangeInfo{31cb121 container=ActivityRecord{46101819 u0 com.kalori.calorie/.MainActivity t13063} flags=0x0}
06-10 19:27:15.905  3300  3813 D Transition:    ChangeInfo{8189903 container=DefaultTaskDisplayArea@253003789 flags=0x10}
06-10 19:27:15.905  3300  3813 D Transition:    ChangeInfo{1b5a946 container=Display{#0 state=ON size=1240x2772 ROTATION_0} flags=0x0}
06-10 19:27:15.905  3300  3813 D Transition: ]
06-10 19:27:15.905  3300  3813 D Transition: }
06-10 19:27:15.905  3300  6091 D Transition: finishTransaction-onCommitted syncId=2509
06-10 19:27:15.905  3300  3813 I OplusAppSwitchManagerService:  handleAppVisible , r = ActivityRecord{46101819 u0 com.kalori.calorie/.MainActivity t13063}
06-10 19:27:15.906  3300  3813 D OplusTransitionController: finishTransition, transition: TransitionRecord{f63590a id=2509 track=0 type=TO_BACK flags=0x100 state=4 c=[
06-10 19:27:15.906  3300  3813 D OplusTransitionController:    ChangeInfo{c6a4080 container=Task{124ff7a #13063 type=standard I=com.kalori.calorie/.MainActivity} flags=0x10}
06-10 19:27:15.906  3300  3813 D OplusTransitionController:    ChangeInfo{31cb121 container=ActivityRecord{46101819 u0 com.kalori.calorie/.MainActivity t13063} flags=0x0}
06-10 19:27:15.906  3300  3813 D OplusTransitionController:    ChangeInfo{8189903 container=DefaultTaskDisplayArea@253003789 flags=0x10}
06-10 19:27:15.906  3300  3813 D OplusTransitionController:    ChangeInfo{1b5a946 container=Display{#0 state=ON size=1240x2772 ROTATION_0} flags=0x0}
06-10 19:27:15.906  3300  3813 D OplusTransitionController: ]
06-10 19:27:15.906  3300  3813 D OplusTransitionController: }
06-10 19:27:15.906  3300  3813 D FlexibleTaskTransitionController:  finishTransition pendingRecentToFlexibleTask:null,isRotationTransition:false ,pendingRecentToFlexible:null ,transition:TransitionRecord{f63590a id=2509 track=0 type=TO_BACK flags=0x100 state=4 c=[
06-10 19:27:15.906  3300  3813 D FlexibleTaskTransitionController:    ChangeInfo{c6a4080 container=Task{124ff7a #13063 type=standard I=com.kalori.calorie/.MainActivity} flags=0x10}
