06-10 19:28:14.550  3300  5721 I VibratorManagerServiceExtImpl: vibrate is uid=10202, pid=0, opPkg=com.android.launcher, effect=Mono{mEffect=Composed{segments=[OplusVibrationEffectSegment{mEffectId=0, mEffectStrength=-1, mRingtonePath=''}], repeat=-1}}, attributes=VibrationAttributes{mUsage=TOUCH, mAudioUsage= USAGE_UNKNOWN, mFlags=0}, reason=performHapticFeedback(constant=308): ViewRootImpl#performHapticFeedback, token=226231888
06-10 19:28:14.552  3300  3953 W VibrationScaler: Got unexpected vibration intensity: 2000
06-10 19:28:14.552  3300  3953 D VibrationThread: Perform OplusPrebakedSegment{mWaveformId=1, mDuration=35, mEffectStrength=2000, mDefaultUsage=TOUCH} on vibrator 0
06-10 19:28:14.607  3300  5267 I WindowManager: addWindow: New client android.os.BinderProxy@d010c6c : window=Window{2c36235 u0 PopupWindow:b964e16}
06-10 19:28:14.611  3300  5267 D QuickBackInputPolicy: hasMultiChildrenInTask: false
06-10 19:28:14.612  3300  5267 D WindowManager: NFW_findFocusedWindowIfNeeded:Window{6a9cdc0 u0 com.android.launcher/com.android.launcher.Launcher} mCurrentFocus:Window{6a9cdc0 u0 com.android.launcher/com.android.launcher.Launcher}
06-10 19:28:14.617  3300  5721 I VibratorManagerServiceExtImpl: vibrate is uid=10202, pid=0, opPkg=com.android.launcher, effect=Mono{mEffect=Composed{segments=[OplusVibrationEffectSegment{mEffectId=0, mEffectStrength=-1, mRingtonePath=''}], repeat=-1}}, attributes=VibrationAttributes{mUsage=TOUCH, mAudioUsage= USAGE_UNKNOWN, mFlags=0}, reason=performHapticFeedback(constant=308): ViewRootImpl#performHapticFeedback, token=226231888
06-10 19:28:14.620  3300  3953 W VibrationScaler: Got unexpected vibration intensity: 2000
06-10 19:28:14.621  3300  3953 D VibrationThread: Perform OplusPrebakedSegment{mWaveformId=1, mDuration=35, mEffectStrength=2000, mDefaultUsage=TOUCH} on vibrator 0
06-10 19:28:14.624  3300  3705 D PowerManagerService: userActivityNoUpdateLocked: groupId=0, eventTime=150098231, event=touch, flags=0x0, uid=1000
06-10 19:28:14.640  3300  5721 I WindowManager: addWindow: New client android.os.BinderProxy@b288358 : window=Window{654ecb1 u0 PopupWindow:b964e16}
06-10 19:28:14.646  3300  5721 D QuickBackInputPolicy: hasMultiChildrenInTask: false
06-10 19:28:14.646  3300  5721 D WindowManager: NFW_findFocusedWindowIfNeeded:Window{6a9cdc0 u0 com.android.launcher/com.android.launcher.Launcher} mCurrentFocus:Window{6a9cdc0 u0 com.android.launcher/com.android.launcher.Launcher}
06-10 19:28:14.650  3300  5721 I VibratorManagerServiceExtImpl: vibrate is uid=10202, pid=0, opPkg=com.android.launcher, effect=Mono{mEffect=Composed{segments=[OplusVibrationEffectSegment{mEffectId=0, mEffectStrength=-1, mRingtonePath=''}], repeat=-1}}, attributes=VibrationAttributes{mUsage=TOUCH, mAudioUsage= USAGE_UNKNOWN, mFlags=0}, reason=performHapticFeedback(constant=308): ViewRootImpl#performHapticFeedback, token=226231888
06-10 19:28:14.667  3300  3953 W VibrationScaler: Got unexpected vibration intensity: 2000
06-10 19:28:14.667  3300  3953 D VibrationThread: Perform OplusPrebakedSegment{mWaveformId=1, mDuration=35, mEffectStrength=2000, mDefaultUsage=TOUCH} on vibrator 0
06-10 19:28:14.728  3300  3705 D PowerManagerService: userActivityNoUpdateLocked: groupId=0, eventTime=150098335, event=touch, flags=0x0, uid=1000
06-10 19:28:14.802  3300  3818 D osense.compress: in.amazon.mShop.android.shopping do shrink, target ratio = 45, final ratio = 90, cur ratio = 0
06-10 19:28:14.809  3300  5267 I WindowManager: addWindow: New client android.os.BinderProxy@d9aa2ed : window=Window{8c9c522 u0 PopupWindow:b964e16}
06-10 19:28:14.813  3300  5267 D QuickBackInputPolicy: hasMultiChildrenInTask: false
06-10 19:28:14.814  3300  5267 D WindowManager: NFW_findFocusedWindowIfNeeded:Window{6a9cdc0 u0 com.android.launcher/com.android.launcher.Launcher} mCurrentFocus:Window{6a9cdc0 u0 com.android.launcher/com.android.launcher.Launcher}
06-10 19:28:14.821  3300  5721 I VibratorManagerServiceExtImpl: vibrate is uid=10202, pid=0, opPkg=com.android.launcher, effect=Mono{mEffect=Composed{segments=[OplusVibrationEffectSegment{mEffectId=0, mEffectStrength=-1, mRingtonePath=''}], repeat=-1}}, attributes=VibrationAttributes{mUsage=TOUCH, mAudioUsage= USAGE_UNKNOWN, mFlags=0}, reason=performHapticFeedback(constant=308): ViewRootImpl#performHapticFeedback, token=226231888
06-10 19:28:14.824  3300  3953 W VibrationScaler: Got unexpected vibration intensity: 2000
06-10 19:28:14.824  3300  3953 D VibrationThread: Perform OplusPrebakedSegment{mWaveformId=1, mDuration=35, mEffectStrength=2000, mDefaultUsage=TOUCH} on vibrator 0
06-10 19:28:14.832  3300  3705 D PowerManagerService: userActivityNoUpdateLocked: groupId=0, eventTime=150098440, event=touch, flags=0x0, uid=1000
06-10 19:28:14.947  3300  3705 D PowerManagerService: userActivityNoUpdateLocked: groupId=0, eventTime=150098553, event=touch, flags=0x0, uid=1000
06-10 19:28:15.051  3300  3705 D PowerManagerService: userActivityNoUpdateLocked: groupId=0, eventTime=150098657, event=touch, flags=0x0, uid=1000
06-10 19:28:15.155  3300  3705 D PowerManagerService: userActivityNoUpdateLocked: groupId=0, eventTime=150098762, event=touch, flags=0x0, uid=1000
06-10 19:28:15.158  3300  5267 I WindowManager: addWindow: New client android.os.BinderProxy@c0b80e9 : window=Window{f63116e u0 PopupWindow:b964e16}
06-10 19:28:15.165  3300  5267 D QuickBackInputPolicy: hasMultiChildrenInTask: false
06-10 19:28:15.165  3300  5267 D WindowManager: NFW_findFocusedWindowIfNeeded:Window{6a9cdc0 u0 com.android.launcher/com.android.launcher.Launcher} mCurrentFocus:Window{6a9cdc0 u0 com.android.launcher/com.android.launcher.Launcher}
06-10 19:28:15.204  3300  5721 I VibratorManagerServiceExtImpl: vibrate is uid=10202, pid=0, opPkg=com.android.launcher, effect=Mono{mEffect=Composed{segments=[OplusVibrationEffectSegment{mEffectId=0, mEffectStrength=-1, mRingtonePath=''}], repeat=-1}}, attributes=VibrationAttributes{mUsage=TOUCH, mAudioUsage= USAGE_UNKNOWN, mFlags=0}, reason=performHapticFeedback(constant=308): ViewRootImpl#performHapticFeedback, token=226231888
06-10 19:28:15.206  3300  3953 W VibrationScaler: Got unexpected vibration intensity: 2000
06-10 19:28:15.206  3300  3953 D VibrationThread: Perform OplusPrebakedSegment{mWaveformId=1, mDuration=35, mEffectStrength=2000, mDefaultUsage=TOUCH} on vibrator 0
06-10 19:28:15.770  3300  3705 D PowerManagerService: userActivityNoUpdateLocked: groupId=0, eventTime=150099374, event=touch, flags=0x0, uid=1000
06-10 19:28:15.799  3300  3596 D OplusPanoramaWorkBranchController: notifyMotionUpOrCancel
06-10 19:28:15.827  3300  3957 V AlarmManager: sending alarm Alarm{e32d67a type 1 origWhen 1781099895824 whenElapsed 307809290 android} uid 1000 whenElapsed 307809290 windowLength 0 maxWhenElapsed 307809290 repeatInterval 0 action null component null tag StorgaeBandInfoAlarmTag flags 0x9 procName system_server
06-10 19:28:15.862  3300  3626 W QosScheduler: executeSceneQosStrategy failed! qos feature no enable
06-10 19:28:16.616  3300  3705 D PowerManagerService: userActivityNoUpdateLocked: groupId=0, eventTime=150100219, event=touch, flags=0x0, uid=1000
06-10 19:28:16.629  3300  5267 I OplusPreStartController: preStartActivity Intent { act=android.intent.action.MAIN cat=[android.intent.category.LAUNCHER] flg=0x10200000 cmp=com.oneplus.deskclock/com.oplus.alarmclock.AlarmClock }
06-10 19:28:16.630  3300  5267 I OplusPreStartController: preStartActivity find task: Task{f2e4c2 #13040 type=standard A=10169:com.oneplus.deskclock nonResizable}, topActivity: ActivityRecord{56259178 u0 com.oneplus.deskclock/com.oplus.alarmclock.AlarmClock t13040}, activityCreated: false, allowTaskSnapshot: true, isSnapshotCompatible: false, startingWindowType: 0
06-10 19:28:16.677  3300  3596 D OplusPanoramaWorkBranchController: notifyMotionUpOrCancel
06-10 19:28:16.688  3300  4464 E OplusAppQuickStart_AppQuickStartController: notifyStartActivity intent:Intent { act=android.intent.action.MAIN cat=[android.intent.category.LAUNCHER] flg=0x10200000 xflg=0x4 cmp=com.oneplus.deskclock/com.oplus.alarmclock.AlarmClock bnds=[699,1237][921,1527] (has extras) }
06-10 19:28:16.702  3300  4464 D WindowManager: NFW_setClientVisible:ActivityRecord{215220743 u0 com.oneplus.deskclock/com.oplus.alarmclock.AlarmClock clientVisible:true
06-10 19:28:16.703  3300  4464 D FlexibleTaskController: isSupportFlexibleWindow target = com.oneplus.deskclock/com.oplus.alarmclock.AlarmClock callPkg = FlexibleTaskController support = true ,caller = 3300
06-10 19:28:16.711  3300  3626 W QosScheduler: executeSceneQosStrategy failed! qos feature no enable
06-10 19:28:16.712  3300  4143 D osense-blo-strict: switchingCnt = 1
06-10 19:28:16.715  3300  4464 D FlexibleWindowManagerService: isIgnoreAppearedAcrossTask:false
06-10 19:28:16.715  3300  4464 D ActivityStarterExtImpl: setForceUpdateWindow, targetTask = Task{f2e4c2 #13040 type=standard A=10169:com.oneplus.deskclock nonResizable} r = ActivityRecord{215220743 u0 com.oneplus.deskclock/com.oplus.alarmclock.AlarmClock t-1} notFinish =false
06-10 19:28:16.715  3300  4464 D FlexibleWindowManagerService: isIgnoreAppearedAcrossTask:false
06-10 19:28:16.716  3300  4464 D FlexibleTaskController: findSourceTaskForFreeForm: sourceRecord = ActivityRecord{1310109 u0 com.android.launcher/.Launcher t5} ,realCallingPid:13373 ,launchFromZoomMode:false ,prevTopTask:Task{44013c2 #5 type=home I=com.android.launcher/.Launcher}
06-10 19:28:16.716  3300  4464 D FlexibleTaskController: adjustOptionsForFlexibleTask not allow options follow process task's options, reason:9 ,reusedOptions:null
06-10 19:28:16.716  3300  4464 I TaskFragmentExtImpl: reset pause in recents anim for mTaskFragment: Task{f2e4c2 #13040 type=standard A=10169:com.oneplus.deskclock nonResizable}
06-10 19:28:16.716  3300  4464 D FlexibleTaskController: isSupportFlexibleWindow target = com.oneplus.deskclock/com.oplus.alarmclock.AlarmClock callPkg = FlexibleTaskController support = true ,caller = 3300
06-10 19:28:16.716  3300  4464 D FlexibleTaskController: shouldKeepFlexibleTask flexibleTask not active.
06-10 19:28:16.718  3300  4464 D BackgroundActivityStartControllerExtImpl: The realCallingUid is home, start activity from background is allowed.
06-10 19:28:16.718  3300  4464 D ActivityStarterExtImpl: isLaunchingRootActivity = true
06-10 19:28:16.718  3300  4464 D ActivityStarterExtImpl: Don't move task Task{f2e4c2 #13040 type=standard A=10169:com.oneplus.deskclock nonResizable} , because launching activity to the same display 0
06-10 19:28:16.720  3300  4464 D OplusStartingWindowManager: we don't revise window flags for system activity :ActivityRecord{56259178 u0 com.oneplus.deskclock/com.oplus.alarmclock.AlarmClock t13040}
06-10 19:28:16.720  3300  4464 D ActivityTaskManager: validateStartingWindowTheme:  Pkg=com.oneplus.deskclock, Translucent=false, Floating=false, ShowWallpaper=false, Disable=true, LaunchSource=2, Prev=null, LaunchedFromPackage=com.android.launcher
06-10 19:28:16.720  3300  4464 D ActivityTaskManager: addStartingWindow for ActivityRecord{56259178 u0 com.oneplus.deskclock/com.oplus.alarmclock.AlarmClock t13040}, mainWin=null, state=DESTROYED, isKeyguardLocked=false, isKeyguardGoingAway=false
06-10 19:28:16.720  3300  4464 D ActivityTaskManager: getStartingWindowType: , newTask=true, taskSwitch=true, processRunning=true, allowTaskSnapshot=true, activityCreated=false, activityAllDrawn=false, snapshot exist: false
06-10 19:28:16.720  3300  4464 D ActivityRecordExtImpl: handleStartingWindowForCompactWindow origin type:2, adjustType : 2
06-10 19:28:16.720  3300  4464 D ActivityTaskManager: skip addStartingWindow due to resolvedTheme: 0, theme: 2131886084
06-10 19:28:16.730  3300  4464 D ActivityTaskManager: setAppVisibility(Token{92ab2d3 ActivityRecord{56259178 u0 com.oneplus.deskclock/com.oplus.alarmclock.AlarmClock t13040}}, visible=true):  visible=false mVisibleRequested=false
06-10 19:28:16.730  3300  4464 I BLASTSyncEngine: set mReady true as ActivityRecord{56259178 u0 com.oneplus.deskclock/com.oplus.alarmclock.AlarmClock t13040} isShowStartingSurface
06-10 19:28:16.730  3300  4464 D WindowManager: NFW_setClientVisible:ActivityRecord{56259178 u0 com.oneplus.deskclock/com.oplus.alarmclock.AlarmClock t13040} clientVisible:true
06-10 19:28:16.730  3300  4464 D ActivityTaskManager: setVisibility(Token{92ab2d3 ActivityRecord{56259178 u0 com.oneplus.deskclock/com.oplus.alarmclock.AlarmClock t13040}}, visible=true) defer commitVisibility for transition collecting
06-10 19:28:16.731  3300  4464 D ActivityTaskManager: setAppVisibility(Token{c8e9809 ActivityRecord{1310109 u0 com.android.launcher/.Launcher t5}}, visible=false):  visible=true mVisibleRequested=true
06-10 19:28:16.731  3300  4464 D ActivityTaskManager: setVisibility(Token{c8e9809 ActivityRecord{1310109 u0 com.android.launcher/.Launcher t5}}, visible=false) defer commitVisibility for transition collecting
06-10 19:28:16.732  3300  4464 D OplusStartingWindowManager: we don't revise window flags for system activity :ActivityRecord{56259178 u0 com.oneplus.deskclock/com.oplus.alarmclock.AlarmClock t13040}
06-10 19:28:16.732  3300  4464 D ActivityTaskManager: validateStartingWindowTheme:  Pkg=com.oneplus.deskclock, Translucent=false, Floating=false, ShowWallpaper=false, Disable=true, LaunchSource=2, Prev=null, LaunchedFromPackage=com.android.launcher
06-10 19:28:16.732  3300  4756 D NativeFreezeManager: freezeForAppSwitchScene mAppLaunchFzDxEnable enter, mFgAppPkgname com.oneplus.deskclock
06-10 19:28:16.732  3300  4464 D ActivityTaskManager: addStartingWindow for ActivityRecord{56259178 u0 com.oneplus.deskclock/com.oplus.alarmclock.AlarmClock t13040}, mainWin=null, state=DESTROYED, isKeyguardLocked=false, isKeyguardGoingAway=false
06-10 19:28:16.732  3300  4464 D ActivityTaskManager: getStartingWindowType: , newTask=true, taskSwitch=false, processRunning=true, allowTaskSnapshot=true, activityCreated=false, activityAllDrawn=false, snapshot exist: false
06-10 19:28:16.732  3300  4464 D ActivityRecordExtImpl: handleStartingWindowForCompactWindow origin type:2, adjustType : 2
06-10 19:28:16.732  3300  4464 D ActivityTaskManager: skip addStartingWindow due to resolvedTheme: 0, theme: 2131886084
06-10 19:28:16.732  3300  4464 E OplusAppQuickStart_AppQuickStartController: exist starting surface,so no attach surface. ar=ActivityRecord{56259178 u0 com.oneplus.deskclock/com.oplus.alarmclock.AlarmClock t13040}
06-10 19:28:16.733  3300  4464 I ActivityTaskManager: The Process com.oneplus.deskclock Already Exists in BG. So sending its PID: 15027
06-10 19:28:16.734  3300  4464 D WindowManager: rotation(ROTATION_0) no changed  displayId = 0, lastOrientation = 5
06-10 19:28:16.734  3300  4464 I TaskOrganizerController: onTaskInfoChanged taskid 13040 config { mBounds=Rect(0, 0 - 1240, 2772) mAppBounds=Rect(0, 0 - 1240, 2772) mMaxBounds=Rect(0, 0 - 1240, 2772) mDisplayRotation=ROTATION_0 mWindowingMode=fullscreen mActivityType=standard mAlwaysOnTop=undefined mRotation=ROTATION_0}
06-10 19:28:16.735  3300  4464 D OplusFlexibleDragToSplitAnimController: visibleFlexibleTaskInfos delete:13040
06-10 19:28:16.735  3300  4464 E FlexibleWindowManagerService: notifyTaskObserverToAttachController not need to notify!
06-10 19:28:16.735  3300  4464 I FlexibleWindowManagerService: onFlexibleWindowTaskInfoChanged, return for cur task not embedded
06-10 19:28:16.735  3300  4464 D ActivityTaskManager: setAppVisibility(Token{92ab2d3 ActivityRecord{56259178 u0 com.oneplus.deskclock/com.oplus.alarmclock.AlarmClock t13040}}, visible=true):  visible=false mVisibleRequested=true
06-10 19:28:16.736  3300  4464 D ActivityTaskManager: setVisibility(Token{92ab2d3 ActivityRecord{56259178 u0 com.oneplus.deskclock/com.oplus.alarmclock.AlarmClock t13040}}, visible=true) defer commitVisibility for transition collecting
06-10 19:28:16.736  3300  4464 D OplusDexOptimizeManager: Do not in AppLaunchOptList, and is systemApp, don't need start-app or repair-dex com.oneplus.deskclock
06-10 19:28:16.740  3300  3626 I UserAwareMgr: handleTopAppChanged: com.oneplus.deskclock, pid: 15027, uid: 10169
06-10 19:28:16.740  3300  3626 I UserAwareMgr: can not find matched top app: com.oneplus.deskclock
06-10 19:28:16.741  3300  4464 D ActivityTaskManager: onWindowFocusChanged Task{f2e4c2 #13040 type=standard A=10169:com.oneplus.deskclock nonResizable} would transfer to compact
06-10 19:28:16.741  3300  4464 D ActivityTaskManager: NFW_setLastResumedActivityUncheckLocked:true r:ActivityRecord{56259178 u0 com.oneplus.deskclock/com.oplus.alarmclock.AlarmClock t13040} currentFocus:Window{6a9cdc0 u0 com.android.launcher/com.android.launcher.Launcher}
06-10 19:28:16.741  3300  4464 D WindowManager: NFW_findFocusedWindowIfNeeded:null mCurrentFocus:Window{6a9cdc0 u0 com.android.launcher/com.android.launcher.Launcher}
06-10 19:28:16.742  3300  4464 V WindowManager: Changing focus from Window{6a9cdc0 u0 com.android.launcher/com.android.launcher.Launcher} to null,diplayid=0
06-10 19:28:16.742  3300  4464 D FlexibleTaskController: onTaskFocusChanged prevTask:Task{44013c2 #5 type=home I=com.android.launcher/.Launcher} ,currentTask:Task{f2e4c2 #13040 type=standard A=10169:com.oneplus.deskclock nonResizable}, reason: realStartActivityLocked - onActivityStateChanged
06-10 19:28:16.742  3300  4464 D OplusFlexibleDCSManager: onNextPkgChanged pkg = com.oneplus.deskclock
06-10 19:28:16.744  3300  4464 D OplusFlexibleActivityTransitionManager: fixTransitType type result:1, targets: null
06-10 19:28:16.745  3300  4464 D Transition: onPreTransactionReady remove target:Task{e38d5ca #1 type=home}
06-10 19:28:16.756  3300  4464 D OplusTransitionAnimationManager: activityRecordCount0fullScreenArBeHindStartingWindow null
06-10 19:28:16.765  3300  3626 W UserAwareMgr: can not find match thread: UiThreadHelper for process system_server Pid: 3300
06-10 19:28:16.767  4514  4584 V WindowManagerShell: Transition requested (#2511): android.os.BinderProxy@6fed8bf TransitionRequestInfo { type = OPEN, triggerTask = TaskInfo{userId=0 taskId=13040 effectiveUid=10169 displayId=0 isRunning=true baseIntent=Intent { act=android.intent.action.MAIN cat=[android.intent.category.LAUNCHER] flg=0x10200000 cmp=com.oneplus.deskclock/com.oplus.alarmclock.AlarmClock mCallingUid=10202 } baseActivity=ComponentInfo{com.oneplus.deskclock/com.oplus.alarmclock.AlarmClock} topActivity=ComponentInfo{com.oneplus.deskclock/com.oplus.alarmclock.AlarmClock} origActivity=null realActivity=ComponentInfo{com.oneplus.deskclock/com.oplus.alarmclock.AlarmClock}
06-10 19:28:16.767  4514  4584 V WindowManagerShell:  numActivities=1 lastActiveTime=307810206 supportsSplitScreenMultiWindow=false supportsMultiWindow=false supportsPocketStudioMultiWindow=true isInFlexibleEmbedded = false uid = 10169 pid = 15027 resizeMode=0 isResizeable=false minWidth=-1 minHeight=-1 defaultMinSize=220 token=WCT{android.window.IWindowContainerToken$Stub$Proxy@346ab8c} topActivityType=1 pictureInPictureParams=null shouldDockBigOverlays=false launchIntoPipHostTaskId=-1 lastParentTaskIdBeforePip=-1 displayCutoutSafeInsets=Rect(0, 139 - 0, 0)
06-10 19:28:16.767  4514  4584 V WindowManagerShell:  topActivityInfo=ActivityInfo{7a3e2d5 com.oplus.alarmclock.AlarmClock} launchCookies=[android.os.BinderProxy@4017ede] positionInParent=Point(0, 0) parentTaskId=-1 isFocused=true isVisible=false isVisibleRequested=true isTopActivityNoDisplay=false isSleeping=false locusId=null displayAreaFeatureId=1 isTopActivityTransparent=false isActivityStackTransparent=false lastNonFullscreenBounds=Rect(323, 811 - 917, 2051) capturedLink=null capturedLinkTimestamp=0 requestedVisibleTypes=-9 topActivityRequestOpenInBrowserEducationTimestamp=0
06-10 19:28:16.767  4514  4584 V WindowManagerShell:  appCompatTaskInfo=AppCompatTaskInfo { topActivityInSizeCompat=false topActivityInOplusCompatMode=false eligibleForLetterboxEducation= false isLetterboxEducationEnabled= false isLetterboxDoubleTapEnabled= false eligibleForUserAspectRatioButton= false topActivityBoundsLetterboxed= false isFromLetterboxDoubleTap= false topActivityLetterboxVerticalPosition= -1 topActivityLetterboxHorizontalPosition= -1 topActivityLetterboxWidth=-1 topActivityLetterboxHeight=-1 topActivityAppBounds=Rect(0, 0 - 1240, 2772) isUserFullscreenOverrideEnabled=false isSystemFullscreenOverrideEnabled=false hasMinAspectRatioOverride=false topActivityLetterboxBounds=null cameraCompatTaskInfo=CameraCompatTaskInfo { freeformCameraCompatMode=inactive}} topActivityMainWindowFrame=null topActivityLetterboxInsets=Rect(0, 0 - 0, 0)
06-10 19:28:16.767  4514  4584 V WindowManagerShell:  mOplusExtraBundle = Bundle[mParcelledData.dataSize=1472]}, pipChange = null, remoteTransition = RemoteTransition { remoteTransition = android.window.IRemoteTransition$Stub$Proxy@5a2aaea, appThread = android.app.IApplicationThread$Stub$Proxy@15241db, debugName = QuickstepLaunch }, displayChange = null, flags = 0, debugId = 2511 }
06-10 19:28:16.767  4514  4584 D ShellSplitScreen: logExit: no-op, mLoggerSessionId is null
06-10 19:28:16.767  4514  4584 V WindowManagerShell: RemoteTransition directly requested for (#2511) android.os.BinderProxy@6fed8bf: RemoteTransition { remoteTransition = android.window.IRemoteTransition$Stub$Proxy@5a2aaea, appThread = android.app.IApplicationThread$Stub$Proxy@15241db, debugName = QuickstepLaunch }
06-10 19:28:16.767  4514  4584 V WindowManagerShell: Transition (#2511): request handled by DefaultMixedHandler
06-10 19:28:16.770 15027 26933 I DisplayManager: Choreographer implicitly registered for the refresh rate.
06-10 19:28:16.772  3300  4464 I TaskOrganizerController: onTaskInfoChanged taskid 1 config { mBounds=Rect(0, 0 - 1240, 2772) mAppBounds=Rect(0, 0 - 1240, 2772) mMaxBounds=Rect(0, 0 - 1240, 2772) mDisplayRotation=ROTATION_0 mWindowingMode=fullscreen mActivityType=home mAlwaysOnTop=undefined mRotation=ROTATION_0}
06-10 19:28:16.773  3300  4464 D OplusVisibleTasks:  notifyTaskFocusChange no need.
06-10 19:28:16.773  3300  4464 D OplusFlexibleDragToSplitAnimController: visibleFlexibleTaskInfos delete:1
06-10 19:28:16.773  3300  4464 E FlexibleWindowManagerService: notifyTaskObserverToAttachController not need to notify!
06-10 19:28:16.773  3300  4464 I FlexibleWindowManagerService: onFlexibleWindowTaskInfoChanged, return for cur task not embedded
06-10 19:28:16.773  3300  4464 I TaskOrganizerController: onTaskInfoChanged taskid 13040 config { mBounds=Rect(0, 0 - 1240, 2772) mAppBounds=Rect(0, 0 - 1240, 2772) mMaxBounds=Rect(0, 0 - 1240, 2772) mDisplayRotation=ROTATION_0 mWindowingMode=fullscreen mActivityType=standard mAlwaysOnTop=undefined mRotation=ROTATION_0}
06-10 19:28:16.774  3300  4464 D OplusFlexibleDragToSplitAnimController: visibleFlexibleTaskInfos delete:13040
06-10 19:28:16.774  3300  4464 E FlexibleWindowManagerService: notifyTaskObserverToAttachController not need to notify!
06-10 19:28:16.774  3300  4464 I FlexibleWindowManagerService: onFlexibleWindowTaskInfoChanged, return for cur task not embedded
06-10 19:28:16.774  3300  4464 D OplusTransitionController: tryFinishAheadIfNeed transition 2511 , SyncGroup: com.android.server.wm.BLASTSyncEngine$SyncGroup@d40cbf5
06-10 19:28:16.777  3300  4464 D ActivityTaskManager: commitVisibility: ActivityRecord{56259178 u0 com.oneplus.deskclock/com.oplus.alarmclock.AlarmClock t13040}: visible=true visibleRequested=true, isInTransition=true 
06-10 19:28:16.778  3300  4464 D Transition: collectOrderChanges onTopTasksEnd: [Task{f2e4c2 #13040 type=standard A=10169:com.oneplus.deskclock nonResizable}], reportedOnTop:null, mOnTopTasksStart: [Task{e38d5ca #1 type=home}, Task{44013c2 #5 type=home I=com.android.launcher/.Launcher}], TDA child: [Task{864d112 #2 type=undefined}, Task{f3a467f #12989 type=standard A=10358:fr.brickoft.soundiiz}, Task{5afa76f #13016 type=standard I=com.google.android.apps.docs/.common.openurl.DriveOpenUrlActivityAlias}, Task{ea7d35b #12996 type=standard A=10420:com.anthropic.claude}, Task{346e69c #13031 type=standard A=10272:com.google.android.apps.photos}, Task{38f8cb9 #12862 type=standard A=10318:com.reddit.frontpage}, Task{a66981a #12963 type=standard A=10421:com.instagram.android}, Task{f7baa8d #13020 type=standard A=10319:com.linkedin.android}, Task{4105c98 #13046 type=standard A=10324:com.adobe.reader}, Task{aa1ec48 #13044 type=standard A=10324:com.adobe.reader}, Task{a4c5b0e #13041 type=standard A=10154:com.android.chrome}, Task{2bf393a #13048 type=standard A=10124:com.google.android.googlequicksearchbox.googleapp}, Task{a77999a #13018 type=standard I=com.navivibe.navivibe/com.ryanheise.audioservice.AudioServiceActivity}, Task{e694767 #13051 type=standard A=10161:com.google.android.gm}, Task{7af7f72 #13055 type=standard A=1000:com.android.settings.root}, Task{4ad73d4 #12851 type=standard A=10313:com.whatsapp}, Task{124ff7a #13063 type=standard I=com.kalori.calorie/.MainActivity}, Task{e38d5ca #1 type=home}, Task{f2e4c2 #13040 type=standard A=10169:com.oneplus.deskclock nonResizable}]
06-10 19:28:16.778  3300  4464 D Transition: collectOrderChanges **mParticipants add task: Task{f2e4c2 #13040 type=standard A=10169:com.oneplus.deskclock nonResizable}
06-10 19:28:16.778  3300  4464 D OplusFlexibleActivityTransitionManager: fixTransitType type result:1, targets: [ChangeInfo{f2a64fc container=Task{f2e4c2 #13040 type=standard A=10169:com.oneplus.deskclock nonResizable} flags=0x30}, ChangeInfo{73cf9a6 container=Task{e38d5ca #1 type=home} flags=0x10}]
06-10 19:28:16.779  3300  4464 D OplusTransitionAnimationManager: activityRecordCount0fullScreenArBeHindStartingWindow null
06-10 19:28:16.779  3300  4464 D OplusTransitionAnimationManager: activityRecordCount0fullScreenArBeHindStartingWindow null
06-10 19:28:16.779  3300  4464 D QuickBackInputPolicy: resetInputInterceptState for remoteTransition: false
06-10 19:28:16.781 13373 13373 I HM_APP_GAP: launcher.activity_start begin
06-10 19:28:16.782  3300  4464 D OplusTransitionController: onTransactionReady, transition: 2511, info: {id=2511 t=OPEN f=0x0 trk=0 r=[0@Point(0, 0)] c=[{WCT{RemoteToken{12c6535 Task{f2e4c2 #13040 type=standard A=10169:com.oneplus.deskclock nonResizable}}} m=TO_FRONT f=MOVE_TO_TOP leash=Surface(name=Task=13040)/@0xbe3a92f sb=Rect(0, 0 - 1240, 2772) eb=Rect(0, 0 - 1240, 2772) epz=Point(1240, 2772) d=0 taskParent=-1},{WCT{RemoteToken{9756fcd Task{e38d5ca #1 type=home}}} m=TO_BACK f=SHOW_WALLPAPER leash=Surface(name=Task=1)/@0xeac71b8 sb=Rect(0, 0 - 1240, 2772) eb=Rect(0, 0 - 1240, 2772) epz=Point(1240, 2772) d=0 taskParent=-1}] 
06-10 19:28:16.782  3300  4464 D OplusTransitionController: extendInfo=[
06-10 19:28:16.782  3300  4464 D OplusTransitionController:  OplusTransitionExtendedInfo{mTmpFinishT=null, mInOplusCompatMode=false, mIsProcessRunning=false, mHasMismatchBoundsTarget=false, mRecentsController=null, mRemoteTransition=null, mIsTranslucentActivityToHome=false, mAvoidInterceptKeyEventToHome=false, mIsFromHome=true, mParentLeash=null, mBackAnimClosingLeash=null, mIsOplusAnimRes=false, mKeepBgForContinuous=false, mIsBalAllow=false, mTaskNotInRecent=false, mIsPredictiveBackAnim=false, mIsMergedWithPredictive=false, mIsLaunchFromSpruce=false, mIsLaunchFromDrive=false, mGlobalSearchPageSwitch=false, mNeedNoAlphaGlobalSearchScene=false, mAssistScreenShowing=false, mSwipeUpBrowserScreenShowing=false, mUserIdTransition=0
06-10 19:28:16.782  3300  4464 D OplusTransitionController: , mInRemoteScene=false, mInPreReady=true, mPreStart=false, mToken=Token{284923d TransitionRecord{e37dece id=2511 track=0 type=OPEN flags=0x0 state=2 c=[
06-10 19:28:16.782  3300  4464 D OplusTransitionController:    ChangeInfo{500d1ef container=ActivityRecord{1310109 u0 com.android.launcher/.Launcher t5} flags=0x0}
06-10 19:28:16.782  3300  4464 D OplusTransitionController:    ChangeInfo{f2a64fc container=Task{f2e4c2 #13040 type=standard A=10169:com.oneplus.deskclock nonResizable} flags=0x30}
06-10 19:28:16.782  3300  4464 D OplusTransitionController:    ChangeInfo{6b9f785 container=WallpaperWindowToken{1e61bc5 showWhenLocked=false} flags=0x0}
06-10 19:28:16.782  3300  4464 D OplusTransitionController:    ChangeInfo{c7719da container=WallpaperWindowToken{28241e4 showWhenLocked=true} flags=0x0}
06-10 19:28:16.782  3300  4464 D OplusTransitionController:    ChangeInfo{1329e0b container=ActivityRecord{56259178 u0 com.oneplus.deskclock/com.oplus.alarmclock.AlarmClock t13040} flags=0x0}
06-10 19:28:16.782  3300  4464 D OplusTransitionController:    ChangeInfo{636d4e8 container=Task{44013c2 #5 type=home I=com.android.launcher/.Launcher} flags=0x10}
06-10 19:28:16.782  3300  4464 D OplusTransitionController:    ChangeInfo{da78701 container=ActivityRecord{215220743 u0 com.oneplus.deskclock/com.oplus.alarmclock.AlarmClock t-1} flags=0x0}
06-10 19:28:16.782  3300  4464 D OplusTransitionController:    ChangeInfo{73cf9a6 container=Task{e38d5ca #1 type=home} flags=0x10}
06-10 19:28:16.782  3300  4464 D OplusTransitionController:    ChangeInfo{56b0fe7 container=DefaultTaskDisplayArea@253003789 flags=0x0}
06-10 19:28:16.782  3300  4464 D OplusTransitionController:    ChangeInfo{1185794 container=Display{#0 state=ON size=1240x2772 ROTATION_0} flags=0x0}
06-10 19:28:16.782  3300  4464 D OplusTransitionController: ]
06-10 19:28:16.782  3300  4464 D OplusTransitionController: }}, mAbortByRemoteFromHome=false, mShellApplyToken=null, mRequestTransitionTaskId=13040, mAbortTransitionOnShell=0, mStartFromShortcut=false, mRemovedTaskId=-1, mTransitionInterruptType=0, mMergeSecondTaskId=-1, mTaskIdStartFromRecents=0, mTransitionId=2511, mCanUseSpringSlideAnim=false, mTransitionLaunchFrom=0, mFoldChangeType=-1, mAnimStartingPosition=[0, 0, 0, 0], mIsOpeningStkDialogActivity=false, mIsNeedApplyStartTForEmbedded=false, mMergeSecondTaskAnimation=false, mIsLaunchUnityStart=false, mIsLaunchFromAssistantByDefault=false, mSkipRemoteTransitionfalse, mIsStartFromKeyguard=false flags=0x0, mWCT=null, mIsOpenMergeToInValidPredictive=false}]}, targets : [ChangeInfo{f2a64fc container=Task{f2e4c2 #13040 type=standard A=10169:com.oneplus.deskclock nonResizable} flags=0x30}, ChangeInfo{73cf9a6 container=Task{e38d5ca #1 type=home} flags=0x10}], participants: {ActivityRecord{1310109 u0 com.android.launcher/.Launcher t5}, Task{f2e4c2 #13040 type=standard A=10169:com.oneplus.deskclock nonResizable}, WallpaperWindowToken{1e61bc5 showWhenLocked=false}, WallpaperWindowToken{28241e4 showWhenLocked=true}, ActivityRecord{56259178 u0 com.oneplus.deskclock/com.oplus.alarmclock.AlarmClock t13040}, ActivityRecord{215220743 u0 com.oneplus.deskclock/com.oplus.alarmclock.AlarmClock t-1}}
06-10 19:28:16.784  3300  4464 D osense.compress: notifyActivityLaunched pkgName = com.oneplus.deskclock, userId = 0
06-10 19:28:16.785  3300  4464 I ActivityTaskManager: START u0 {act=android.intent.action.MAIN cat=[android.intent.category.LAUNCHER] flg=0x10200000 xflg=0x4 cmp=com.oneplus.deskclock/com.oplus.alarmclock.AlarmClock bnds=[699,1237][921,1527] (has extras) mCallingUid=10202} with LAUNCH_SINGLE_TASK from uid 10202 (sr=1310109) (BAL_ALLOW_VISIBLE_WINDOW (callingUid has visible window)) result code=2
06-10 19:28:16.785  4514  6183 V WindowManagerShell: onTransitionReady(transaction=14173392326304)
06-10 19:28:16.785  3300  3595 V WindowManager: Sent Transition (#2511) createdAt=06-10 19:28:16.712 via request=TransitionRequestInfo { type = OPEN, triggerTask = TaskInfo{userId=0 taskId=13040 effectiveUid=10169 displayId=0 isRunning=true baseIntent=Intent { act=android.intent.action.MAIN cat=[android.intent.category.LAUNCHER] flg=0x10200000 cmp=com.oneplus.deskclock/com.oplus.alarmclock.AlarmClock mCallingUid=10202 } baseActivity=ComponentInfo{com.oneplus.deskclock/com.oplus.alarmclock.AlarmClock} topActivity=ComponentInfo{com.oneplus.deskclock/com.oplus.alarmclock.AlarmClock} origActivity=null realActivity=ComponentInfo{com.oneplus.deskclock/com.oplus.alarmclock.AlarmClock}
06-10 19:28:16.785  3300  3595 V WindowManager:  numActivities=1 lastActiveTime=307810206 supportsSplitScreenMultiWindow=false supportsMultiWindow=false supportsPocketStudioMultiWindow=true isInFlexibleEmbedded = false uid = 10169 pid = 15027 resizeMode=0 isResizeable=false minWidth=-1 minHeight=-1 defaultMinSize=220 token=WCT{RemoteToken{12c6535 Task{f2e4c2 #13040 type=standard A=10169:com.oneplus.deskclock nonResizable}}} topActivityType=1 pictureInPictureParams=null shouldDockBigOverlays=false launchIntoPipHostTaskId=-1 lastParentTaskIdBeforePip=-1 displayCutoutSafeInsets=Rect(0, 139 - 0, 0)
06-10 19:28:16.785  3300  3595 V WindowManager:  topActivityInfo=ActivityInfo{ce85188 com.oplus.alarmclock.AlarmClock} launchCookies=[android.os.BinderProxy@a9f3271] positionInParent=Point(0, 0) parentTaskId=-1 isFocused=true isVisible=false isVisibleRequested=true isTopActivityNoDisplay=false isSleeping=false locusId=null displayAreaFeatureId=1 isTopActivityTransparent=false isActivityStackTransparent=false lastNonFullscreenBounds=Rect(323, 811 - 917, 2051) capturedLink=null capturedLinkTimestamp=0 requestedVisibleTypes=-9 topActivityRequestOpenInBrowserEducationTimestamp=0
06-10 19:28:16.785  3300  3595 V WindowManager:  appCompatTaskInfo=AppCompatTaskInfo { topActivityInSizeCompat=false topActivityInOplusCompatMode=false eligibleForLetterboxEducation= false isLetterboxEducationEnabled= false isLetterboxDoubleTapEnabled= false eligibleForUserAspectRatioButton= false topActivityBoundsLetterboxed= false isFromLetterboxDoubleTap= false topActivityLetterboxVerticalPosition= -1 topActivityLetterboxHorizontalPosition= -1 topActivityLetterboxWidth=-1 topActivityLetterboxHeight=-1 topActivityAppBounds=Rect(0, 0 - 1240, 2772) isUserFullscreenOverrideEnabled=false isSystemFullscreenOverrideEnabled=false hasMinAspectRatioOverride=false topActivityLetterboxBounds=null cameraCompatTaskInfo=CameraCompatTaskInfo { freeformCameraCompatMode=inactive}} topActivityMainWindowFrame=null topActivityLetterboxInsets=Rect(0, 0 - 0, 0)
06-10 19:28:16.785  3300  3595 V WindowManager:  mOplusExtraBundle = Bundle[{androidx.flexible.taskFrame=Rect(0, 0 - 0, 0), androidx.flexible.Alpha=1.0, androidx.activity.task.attach.blur=0, androidx.activity.LaunchInsensible=0, androidx.activity.LaunchCornerRadius=0, key_flexible_task_state=0, topActivitySupportAppInnerSplit=false, key_flexible_task_animating_type=-1, key_flexible_task_root_activity_processname=com.oneplus.deskclock, androidx.activity.LaunchScenario=0, is_oplus_clone_task=false, flexible_super_mini_state=false, topRunningActivityHash=56259178, androidx.activity.LaunchScale=1.0, androidx.activity.LaunchShadowRadius=0, is_transient_hide_for_task_info=false, key_flexible_task_root_activity_pid=15027, key_flexible_task_root_activity_uid=10169}]}, pipChange = null, remoteTransition = RemoteTransition { remoteTransition = android.window.IRemoteTransition$Stub$Proxy@b8d1856, appThread = android.app.IApplicationThread$Stub$Proxy@101c0d7, debugName = QuickstepLaunch }, displayChange = null, flags = 0, debugId = 2511 }
06-10 19:28:16.785  3300  3595 V WindowManager:     startWCT=null
06-10 19:28:16.785  3300  3595 V WindowManager:     info={id=2511 t=OPEN f=0x0 trk=0 r=[0@Point(0, 0)] c=[
06-10 19:28:16.785  3300  3595 V WindowManager:         {WCT{RemoteToken{12c6535 Task{f2e4c2 #13040 type=standard A=10169:com.oneplus.deskclock nonResizable}}} m=TO_FRONT f=MOVE_TO_TOP leash=Surface(name=Task=13040)/@0xbe3a92f sb=Rect(0, 0 - 1240, 2772) eb=Rect(0, 0 - 1240, 2772) epz=Point(1240, 2772) d=0 taskParent=-1},
06-10 19:28:16.785  3300  3595 V WindowManager:         {WCT{RemoteToken{9756fcd Task{e38d5ca #1 type=home}}} m=TO_BACK f=SHOW_WALLPAPER leash=Surface(name=Task=1)/@0xeac71b8 sb=Rect(0, 0 - 1240, 2772) eb=Rect(0, 0 - 1240, 2772) epz=Point(1240, 2772) d=0 taskParent=-1}
06-10 19:28:16.785  3300  3595 V WindowManager:     ] 
06-10 19:28:16.785  3300  3595 V WindowManager: extendInfo=[
06-10 19:28:16.785  3300  3595 V WindowManager:  OplusTransitionExtendedInfo{mTmpFinishT=null, mInOplusCompatMode=false, mIsProcessRunning=false, mHasMismatchBoundsTarget=false, mRecentsController=null, mRemoteTransition=null, mIsTranslucentActivityToHome=false, mAvoidInterceptKeyEventToHome=false, mIsFromHome=true, mParentLeash=null, mBackAnimClosingLeash=null, mIsOplusAnimRes=false, mKeepBgForContinuous=false, mIsBalAllow=false, mTaskNotInRecent=false, mIsPredictiveBackAnim=false, mIsMergedWithPredictive=false, mIsLaunchFromSpruce=false, mIsLaunchFromDrive=false, mGlobalSearchPageSwitch=false, mNeedNoAlphaGlobalSearchScene=false, mAssistScreenShowing=false, mSwipeUpBrowserScreenShowing=false, mUserIdTransition=0
06-10 19:28:16.785  3300  3595 V WindowManager: , mInRemoteScene=false, mInPreReady=true, mPreStart=false, mToken=Token{284923d TransitionRecord{e37dece id=2511 track=0 type=OPEN flags=0x0 state=2 c=[
06-10 19:28:16.785  3300  3595 V WindowManager:    ChangeInfo{500d1ef container=ActivityRecord{1310109 u0 com.android.launcher/.Launcher t5} flags=0x0}
06-10 19:28:16.785  3300  3595 V WindowManager:    ChangeInfo{f2a64fc container=Task{f2e4c2 #13040 type=standard A=10169:com.oneplus.deskclock nonResizable} flags=0x30}
06-10 19:28:16.785  3300  3595 V WindowManager:    ChangeInfo{6b9f785 container=WallpaperWindowToken{1e61bc5 showWhenLocked=false} flags=0x0}
06-10 19:28:16.785  3300  3595 V WindowManager:    ChangeInfo{c7719da container=WallpaperWindowToken{28241e4 showWhenLocked=true} flags=0x0}
06-10 19:28:16.785  3300  3595 V WindowManager:    ChangeInfo{1329e0b container=ActivityRecord{56259178 u0 com.oneplus.deskclock/com.oplus.alarmclock.AlarmClock t13040} flags=0x0}
06-10 19:28:16.785  3300  3595 V WindowManager:    ChangeInfo{636d4e8 container=Task{44013c2 #5 type=home I=com.android.launcher/.Launcher} flags=0x10}
06-10 19:28:16.785  3300  3595 V WindowManager:    ChangeInfo{da78701 container=ActivityRecord{215220743 u0 com.oneplus.deskclock/com.oplus.alarmclock.AlarmClock t-1} flags=0x0}
06-10 19:28:16.785  3300  3595 V WindowManager:    ChangeInfo{73cf9a6 container=Task{e38d5ca #1 type=home} flags=0x10}
06-10 19:28:16.785  3300  3595 V WindowManager:    ChangeInfo{56b0fe7 container=DefaultTaskDisplayArea@253003789 flags=0x0}
06-10 19:28:16.785  3300  3595 V WindowManager:    ChangeInfo{1185794 container=Display{#0 state=ON size=1240x2772 ROTATION_0} flags=0x0}
06-10 19:28:16.785  3300  3595 V WindowManager: ]
06-10 19:28:16.785  3300  3595 V WindowManager: }}, mAbortByRemoteFromHome=false, mShellApplyToken=null, mRequestTransitionTaskId=13040, mAbortTransitionOnShell=0, mStartFromShortcut=false, mRemovedTaskId=-1, mTransitionInterruptType=0, mMergeSecondTaskId=-1, mTaskIdStartFromRecents=0, mTransitionId=2511, mCanUseSpringSlideAnim=false, mTransitionLaunchFrom=0, mFoldChangeType=-1, mAnimStartingPosition=[0, 0, 0, 0], mIsOpeningStkDialogActivity=false, mIsNeedApplyStartTForEmbedded=false, mMergeSecondTaskAnimation=false, mIsLaunchUnityStart=false, mIsLaunchFromAssistantByDefault=false, mSkipRemoteTransitionfalse, mIsStartFromKeyguard=false flags=0x0, mWCT=null, mIsOpenMergeToInValidPredictive=false}]}
06-10 19:28:16.786  3300  3626 I UserAwareMgr: event is already released: SceneEvent{id=5007, maxWorkDurationMs=200, caller='[android]', eventFlags=256, fbPriority=1, keyThreads=[KeyThread{name=binder, owner=android, schedPolicy=ux, priority=HEAVY, maxThreadCount=16}], vipBinderGroup=null}, callingPid: 3300, appPid: 0
06-10 19:28:16.787  3300  5721 E WindowOrganizerController: Trying to start a transition that isn't collecting. This probably means Shell took too long to respond to a request. WM State may be incorrect now, please file a bug
06-10 19:28:16.787  3300  3813 I OplusJoystickManager: handleApplicationSwitch deprecated!
06-10 19:28:16.787  3300  3813 I GameManagerServiceExt-GameManagerServiceExt: on FG change: com.android.launcher|com.oneplus.deskclock
06-10 19:28:16.787  4514  4584 V WindowManagerShell: onTransitionReady (#2511) android.os.BinderProxy@6fed8bf: {id=2511 t=OPEN f=0x0 trk=0 r=[0@Point(0, 0)] c=[
06-10 19:28:16.787  4514  4584 V WindowManagerShell:         {m=TO_FRONT f=MOVE_TO_TOP leash=Surface(name=Task=13040)/@0xa78f478 sb=Rect(0, 0 - 1240, 2772) eb=Rect(0, 0 - 1240, 2772) epz=Point(1240, 2772) d=0 taskParent=-1},
06-10 19:28:16.787  4514  4584 V WindowManagerShell:         {m=TO_BACK f=SHOW_WALLPAPER leash=Surface(name=Task=1)/@0xcccd751 sb=Rect(0, 0 - 1240, 2772) eb=Rect(0, 0 - 1240, 2772) epz=Point(1240, 2772) d=0 taskParent=-1}
06-10 19:28:16.787  4514  4584 V WindowManagerShell:     ] 
06-10 19:28:16.787  4514  4584 V WindowManagerShell: extendInfo=[
06-10 19:28:16.787  4514  4584 V WindowManagerShell:  OplusTransitionExtendedInfo{mTmpFinishT=null, mInOplusCompatMode=false, mIsProcessRunning=false, mHasMismatchBoundsTarget=false, mRecentsController=null, mRemoteTransition=null, mIsTranslucentActivityToHome=false, mAvoidInterceptKeyEventToHome=false, mIsFromHome=true, mParentLeash=null, mBackAnimClosingLeash=null, mIsOplusAnimRes=false, mKeepBgForContinuous=false, mIsBalAllow=false, mTaskNotInRecent=false, mIsPredictiveBackAnim=false, mIsMergedWithPredictive=false, mIsLaunchFromSpruce=false, mIsLaunchFromDrive=false, mGlobalSearchPageSwitch=false, mNeedNoAlphaGlobalSearchScene=false, mAssistScreenShowing=false, mSwipeUpBrowserScreenShowing=false, mUserIdTransition=0
06-10 19:28:16.787  4514  4584 V WindowManagerShell: , mInRemoteScene=false, mInPreReady=true, mPreStart=false, mToken=android.os.BinderProxy@6fed8bf, mAbortByRemoteFromHome=false, mShellApplyToken=null, mRequestTransitionTaskId=13040, mAbortTransitionOnShell=0, mStartFromShortcut=false, mRemovedTaskId=-1, mTransitionInterruptType=0, mMergeSecondTaskId=-1, mTaskIdStartFromRecents=0, mTransitionId=2511, mCanUseSpringSlideAnim=false, mTransitionLaunchFrom=0, mFoldChangeType=-1, mAnimStartingPosition=[0, 0, 0, 0], mIsOpeningStkDialogActivity=false, mIsNeedApplyStartTForEmbedded=false, mMergeSecondTaskAnimation=false, mIsLaunchUnityStart=false, mIsLaunchFromAssistantByDefault=false, mSkipRemoteTransitionfalse, mIsStartFromKeyguard=false flags=0x0, mWCT=null, mIsOpenMergeToInValidPredictive=false}]}
06-10 19:28:16.788  4514  4584 V WindowManagerShell: Playing animation for (#2511) android.os.BinderProxy@6fed8bf@0
06-10 19:28:16.788  4514  4584 V WindowManagerShell:  try firstHandler com.android.wm.shell.transition.DefaultMixedHandler@33a20ef
06-10 19:28:16.788  4514  4584 V WindowManagerShell: Mixed transition for opening an intent with a remote transition and PIP or Desktop #2511
06-10 19:28:16.788  4514  4584 V WindowManagerShell: tryAnimateOpenIntentWithRemoteAndPipOrDesktop
06-10 19:28:16.789  4514  4584 V WindowManagerShell:  Delegate animation for (#2511) to RemoteTransition { remoteTransition = android.window.IRemoteTransition$Stub$Proxy@5a2aaea, appThread = android.app.IApplicationThread$Stub$Proxy@15241db, debugName = QuickstepLaunch }
06-10 19:28:16.789  3300  3652 E OplusThermalStats: Error getting package info: com.oneplus.deskclock
06-10 19:28:16.792  4514  4584 V WindowManagerShell:  animated by firstHandler
06-10 19:28:16.794  3300  3813 D QuickBackInputPolicy: setInterceptInputKeyStatus, enable=true, enableFlag=1, inputCallback=android.window.IRemoteTransitionInputCallback$Stub$Proxy@fda63e2
06-10 19:28:16.796  3300  3718 D OplusAppSwitchListener: App Activity Change
06-10 19:28:16.796  3300  3718 D OplusAppSwitchListener: Detect com.android.launcher switch to background
06-10 19:28:16.796  3300  3718 D OplusFeatureReduceBrightness: onAppExit , info = com.android.launcher
06-10 19:28:16.798  3300  3600 D BatteryStatsImplExtImpl: pausedBatteryLevel:46 activityFocusedTimeInMin:1
06-10 19:28:16.799 15027 15027 D ResourcesManagerExtImpl: applyConfigurationToAppResourcesLocked app.getDisplayId() return callback.displayId:0
06-10 19:28:16.799  3300  3601 I TaskOrganizerController: onTaskInfoChanged taskid 13040 config { mBounds=Rect(0, 0 - 1240, 2772) mAppBounds=Rect(0, 0 - 1240, 2772) mMaxBounds=Rect(0, 0 - 1240, 2772) mDisplayRotation=ROTATION_0 mWindowingMode=fullscreen mActivityType=standard mAlwaysOnTop=undefined mRotation=ROTATION_0}
06-10 19:28:16.800  3300  3601 D OplusVisibleTasks:  notifyTasksNumChange no need to notify.
06-10 19:28:16.800  3300  3601 D OplusFlexibleDragToSplitAnimController: visibleFlexibleTaskInfos delete:13040
06-10 19:28:16.800  3300  3601 E FlexibleWindowManagerService: notifyTaskObserverToAttachController not need to notify!
06-10 19:28:16.800  3300  3601 I FlexibleWindowManagerService: onFlexibleWindowTaskInfoChanged, return for cur task not embedded
06-10 19:28:16.800  3300  3813 I BLASTSyncEngine: onCommitted syncId: 2511, timeout: false ran: false
06-10 19:28:16.804  3300  3718 D OplusAppSwitchListener: Detect com.oneplus.deskclock switch to foreground
06-10 19:28:16.810  3300  3600 D OplusBatteryManager: getPsyBatteryRm: 1812
06-10 19:28:16.810  3300  3600 D BatteryStatsImplExtImpl: resumedUid:10169 resumedBatteryLevel:46  resumedPackage:com.oneplus.deskclock  resumedBatteryRealtimeCapacity:1812
06-10 19:28:16.810  3300  3718 W OplusFeatureGlobalLimitBrightness: switch to display normal mode 
06-10 19:28:16.812  3300  3600 D FlexibleTaskController: check task which not have enough child, isInSingleWhiteList:false isCloneTask:false
06-10 19:28:16.812  3300  3703 D OplusBiometricsDisplayHelper: isFold: false, isUnblockByFp: null
06-10 19:28:16.820  3300  3818 D osense.compress: com.whatsapp do shrink, target ratio = 20, final ratio = 40, cur ratio = 0
06-10 19:28:16.823  4514  4584 D WindowManagerShell: onActivityRestartAttempt: topActivity=ComponentInfo{com.oneplus.deskclock/com.oplus.alarmclock.AlarmClock}, wasVisible=true
06-10 19:28:16.834  3300  4826 D OplusEapManager: mTargetExitName :com.android.launcher
06-10 19:28:16.835  3300  3600 W ProcessStats: Tracking association SourceState{be9b257 com.heytap.mcs/1000 ImpFg #508737} whose proc state 5 is better than process ProcessState{60b67e2 com.heytap.mcs.appservice/1000 pkg=com.heytap.mcs} proc state 14 (9 skipped)
06-10 19:28:16.835  3300  3721 D VRR [OPlusRefreshRateService]: handleFrontAppChange pkgName: null
06-10 19:28:16.840  3300  4826 D OplusAppSwitchRuleInfo: generateAppEnterInfo - launch_source_type = launcherWorkspace , launch_source_traceid = 
06-10 19:28:16.842  3300  4112 D BackgroundInstallControlService: Package event received: 0
06-10 19:28:16.842  3300  4112 D BackgroundInstallControlService: Package event received: 0
06-10 19:28:16.841  3300  4826 D OplusAppSwitchRuleInfo: generateAppEnterInfo - launch_source_type = launcherWorkspace , launch_source_traceid = 
06-10 19:28:16.847  3300  4464 D ActivityTaskManager: Skipping, invisible task: Task{44013c2 #5 type=home I=com.android.launcher/.Launcher}
06-10 19:28:16.848  3300  4464 D OplusSplitScreenManagerService: com.android.settings unSupportsSplitScreen by blockList or ForbidActivityList
06-10 19:28:16.848  3300  4464 D OplusSplitScreenManagerService: com.android.settings unSupportsSplitScreen by blockList or ForbidActivityList
06-10 19:28:16.848  3300  4464 D ActivityTaskManager: after skip size:18,pre-Filtered:com.oneplus.deskclock # com.kalori.calorie # com.whatsapp # com.android.settings # com.google.android.gm # com.navivibe.navivibe # com.google.android.googlequicksearchbox # com.android.chrome # com.adobe.reader # com.adobe.reader # com.linkedin.android # com.instagram.android # com.reddit.frontpage # com.google.android.apps.photos # com.anthropic.claude # com.google.android.gms # com.google.android.apps.docs # fr.brickoft.soundiiz # 
06-10 19:28:16.850  3300  4826 D OplusAppSwitchRuleInfo: generateAppEnterInfo - launch_source_type = launcherWorkspace , launch_source_traceid = 
06-10 19:28:16.857  3300  4826 D OplusAppSwitchRuleInfo: generateAppEnterInfo - launch_source_type = launcherWorkspace , launch_source_traceid = 
06-10 19:28:16.857  3300  4826 D OplusAppSwitchRuleInfo: generateAppEnterInfo - launch_source_type = launcherWorkspace , launch_source_traceid = 
06-10 19:28:16.858  3300  4826 D OplusAppSwitchRuleInfo: generateAppEnterInfo - launch_source_type = launcherWorkspace , launch_source_traceid = 
06-10 19:28:16.858  3300  4826 D OplusEapManager: mTargetEnterName :com.oneplus.deskclock
06-10 19:28:16.858  3300  4826 D OplusAppSwitchRuleInfo: generateAppEnterInfo - launch_source_type = launcherWorkspace , launch_source_traceid = 
06-10 19:28:16.858  3300  3721 D VRR [OPlusRefreshRateService]: handleFrontAppChange pkgName: com.oneplus.deskclock
06-10 19:28:16.858  3300  4826 D OplusAppSwitchRuleInfo: generateAppEnterInfo - launch_source_type = launcherWorkspace , launch_source_traceid = 
06-10 19:28:16.858  3300  3721 D VRR [OPlusSAManager]: updateAutoMinfps for 4630946283567114626 with nits: 278.018, mHistOK true, mAmbientOK true, mCctOK false, mIrOK false, mBrightnessOK true, isPkgOK true, SA min fps: 0
06-10 19:28:16.862  3300  3621 D AppProfilerExtImpl: Skipped pss collection for CPU busy
06-10 19:28:16.870  3300  4826 D OplusAppSwitchRuleInfo: generateAppEnterInfo - launch_source_type = launcherWorkspace , launch_source_traceid = 
06-10 19:28:16.872  3300  3841 D ActivityManager: pid 19758 com.android.vending received async transactions while frozen
06-10 19:28:16.873  3300  3950 D ActivityManager: reportOneUidFrozenStateChanged uid 10114 frozen = false
06-10 19:28:16.878  3300  3841 D ActivityManager: sync unfroze 19758 com.android.vending for 6
06-10 19:28:16.880 15027 15027 D OplusPredictiveBackController: should not HookOnBackInvokedCallbackEnabled for application com.oplus.alarmclock.AlarmClock@9dcdb40 sdk: 36
06-10 19:28:16.880 15027 15027 D OplusPredictiveBackController: should not HookOnBackInvokedCallbackEnabled for application com.oplus.alarmclock.AlarmClock@9dcdb40 sdk: 36
06-10 19:28:16.896  3300  4464 D FlexibleTaskController: check task which not have enough child, isInSingleWhiteList:false isCloneTask:false
06-10 19:28:16.897  3300  4826 D OplusAppSwitchRuleInfo: generateActivityEnterInfo - launch_source_type = launcherWorkspace , launch_source_traceid = 
